PASS: closed-window text/media notification → exact-recipient quick reply → history → reaction → edit → reverse receipts
PASS: phone sent-sync creates history without toast; reverse edit/reaction and delete-before-original preserve identity and redaction
PASS: same process creates group, confirms admin roles and routes incoming group notification
PASS: local deletion and deadline survive hard reload; no send replay or expired body
{
  "passed": true,
  "scope": "synthetic CLI + real QML/SQLite/pipes, private D-Bus/XDG, offscreen; no phone",
  "history": {
    "count": 120,
    "seedAndPageSeconds": 0.127,
    "pageCount": 3,
    "pageMs": {
      "median": 14.377929008333012,
      "p95": 14.377929008333012,
      "max": 17.532243000459857
    },
    "queryPlan": [
      "SEARCH messages USING INDEX messages_page (conversation_id=? AND (sort_ms,message_id)<(?,?))"
    ]
  },
  "scenarioOnly": true,
  "checks": [
    "closed-window text/media notification → exact-recipient quick reply → history → reaction → edit → reverse receipts",
    "phone sent-sync creates history without toast; reverse edit/reaction and delete-before-original preserve identity and redaction",
    "same process creates group, confirms admin roles and routes incoming group notification",
    "local deletion and deadline survive hard reload; no send replay or expired body"
  ],
  "qmlErrors": [],
  "remainingOwnedProcesses": []
}
