[bus]
dbus-daemon[418185]: [session uid=1000 pid=418185 pidfd=4] Connection :1.2 (uid=1000 pid=418198 comm="/usr/bin/python3 -B /home/attntd/projects/signal/s") became a monitor.
dbus-daemon[418185]: [session uid=1000 pid=418185 pidfd=4] Monitoring connection :1.2 closed.
dbus-daemon[418185]: [session uid=1000 pid=418185 pidfd=4] Connection :1.13 (uid=1000 pid=419042 comm="/usr/bin/python3 -B /home/attntd/projects/signal/s") became a monitor.
dbus-daemon[418185]: [session uid=1000 pid=418185 pidfd=4] Monitoring connection :1.13 closed.
dbus-daemon[418185]: [session uid=1000 pid=418185 pidfd=4] Connection :1.18 (uid=1000 pid=419065 comm="/usr/bin/python3 -B /home/attntd/projects/signal/s") became a monitor.
dbus-daemon[418185]: [session uid=1000 pid=418185 pidfd=4] Monitoring connection :1.18 closed.
dbus-daemon[418185]: [session uid=1000 pid=418185 pidfd=4] Connection :1.24 (uid=1000 pid=419138 comm="/usr/bin/python3 -B /home/attntd/projects/signal/s") became a monitor.
dbus-daemon[418185]: [session uid=1000 pid=418185 pidfd=4] Monitoring connection :1.24 closed.

[native]
  INFO: Launching config: "/home/attntd/projects/signal/notifications-test.qml"
  INFO: Shell ID: "3eff0287e358f60ff33f9f8456344de3" Path ID "3eff0287e358f60ff33f9f8456344de3"
  INFO: Saving logs to "/tmp/pk-pg_wx_j6/runtime/quickshell/by-id/doy899jolt/log.qslog"
  INFO: Configuration Loaded
  WARN: This plugin does not support setting window masks
  INFO qml: PUTKIN_PREVIEW_READY
  INFO: Reloading configuration...
  WARN: This plugin does not support setting window masks
  INFO: Configuration Loaded
  INFO qml: PUTKIN_PREVIEW_READY
  INFO: Reloading configuration...
  INFO: Configuration Loaded
  WARN: This plugin does not support setting window masks
  INFO qml: PUTKIN_PREVIEW_READY

[conflict]
  INFO: Launching config: "/home/attntd/projects/signal/notifications-test.qml"
  INFO: Shell ID: "3eff0287e358f60ff33f9f8456344de3" Path ID "3eff0287e358f60ff33f9f8456344de3"
  INFO: Saving logs to "/tmp/pk-pg_wx_j6/runtime/quickshell/by-id/zcz8z9jolt/log.qslog"
  INFO: Configuration Loaded
  WARN: This plugin does not support setting window masks
  INFO qml: PUTKIN_PREVIEW_READY

[recovery]
  INFO: Launching config: "/home/attntd/projects/signal/notifications-test.qml"
  INFO: Shell ID: "3eff0287e358f60ff33f9f8456344de3" Path ID "3eff0287e358f60ff33f9f8456344de3"
  INFO: Saving logs to "/tmp/pk-pg_wx_j6/runtime/quickshell/by-id/hez80ajolt/log.qslog"
  INFO: Configuration Loaded
  WARN: This plugin does not support setting window masks
  INFO qml: PUTKIN_PREVIEW_READY

[missing-helper]
  INFO: Launching config: "/home/attntd/projects/signal/notifications-test.qml"
  INFO: Shell ID: "3eff0287e358f60ff33f9f8456344de3" Path ID "3eff0287e358f60ff33f9f8456344de3"
  INFO: Saving logs to "/tmp/pk-pg_wx_j6/runtime/quickshell/by-id/6fz81ajolt/log.qslog"
  INFO: Configuration Loaded
  WARN: This plugin does not support setting window masks
  WARN: Process failed to start, likely because the binary could not be found. Command: QList("python3", "-B", "/home/attntd/projects/signal/services/notification-watch.py")
  INFO qml: PUTKIN_PREVIEW_READY
