[bus]
dbus-daemon[55524]: [session uid=1000 pid=55524 pidfd=4] Connection :1.2 (uid=1000 pid=55536 comm="/usr/bin/python3 -B /home/attntd/projects/putkin/s") became a monitor.
dbus-daemon[55524]: [session uid=1000 pid=55524 pidfd=4] Monitoring connection :1.2 closed.
dbus-daemon[55524]: [session uid=1000 pid=55524 pidfd=4] Connection :1.8 (uid=1000 pid=55861 comm="/usr/bin/python3 -B /home/attntd/projects/putkin/s") became a monitor.
dbus-daemon[55524]: [session uid=1000 pid=55524 pidfd=4] Monitoring connection :1.8 closed.
dbus-daemon[55524]: [session uid=1000 pid=55524 pidfd=4] Connection :1.13 (uid=1000 pid=55899 comm="/usr/bin/python3 -B /home/attntd/projects/putkin/s") became a monitor.
dbus-daemon[55524]: [session uid=1000 pid=55524 pidfd=4] Monitoring connection :1.13 closed.
dbus-daemon[55524]: [session uid=1000 pid=55524 pidfd=4] Connection :1.23 (uid=1000 pid=56388 comm="/usr/bin/python3 -B /home/attntd/projects/putkin/s") became a monitor.
dbus-daemon[55524]: [session uid=1000 pid=55524 pidfd=4] Monitoring connection :1.23 closed.
dbus-daemon[55524]: [session uid=1000 pid=55524 pidfd=4] Connection :1.28 (uid=1000 pid=56404 comm="/usr/bin/python3 -B /home/attntd/projects/putkin/s") became a monitor.
dbus-daemon[55524]: [session uid=1000 pid=55524 pidfd=4] Monitoring connection :1.28 closed.
dbus-daemon[55524]: [session uid=1000 pid=55524 pidfd=4] Connection :1.34 (uid=1000 pid=56428 comm="/usr/bin/python3 -B /home/attntd/projects/putkin/s") became a monitor.
dbus-daemon[55524]: [session uid=1000 pid=55524 pidfd=4] Monitoring connection :1.34 closed.

[native]
  INFO: Launching config: "/home/attntd/projects/putkin/notifications-test.qml"
  INFO: Shell ID: "baaa508919dd09c1fdb0fe45f5dbe4c8" Path ID "baaa508919dd09c1fdb0fe45f5dbe4c8"
  INFO: Saving logs to "/tmp/pk-2vgoehxw/runtime/quickshell/by-id/du619rptlt/log.qslog"
  INFO: Configuration Loaded
  WARN: This plugin does not support setting window masks
  INFO qml: PUTKIN_PREVIEW_READY
  INFO: Reloading configuration...
  WARN: This plugin does not support setting window masks
  INFO: Configuration Loaded
  INFO qml: PUTKIN_PREVIEW_READY
  INFO: Reloading configuration...
  WARN: This plugin does not support setting window masks
  INFO: Configuration Loaded
  INFO qml: PUTKIN_PREVIEW_READY
  INFO: Reloading configuration...
  WARN: This plugin does not support setting window masks
  INFO: Configuration Loaded
  INFO qml: PUTKIN_PREVIEW_READY
  INFO: Reloading configuration...
  INFO: Configuration Loaded
  WARN: This plugin does not support setting window masks
  INFO qml: PUTKIN_PREVIEW_READY

[conflict]
  INFO: Launching config: "/home/attntd/projects/putkin/notifications-test.qml"
  INFO: Shell ID: "baaa508919dd09c1fdb0fe45f5dbe4c8" Path ID "baaa508919dd09c1fdb0fe45f5dbe4c8"
  INFO: Saving logs to "/tmp/pk-2vgoehxw/runtime/quickshell/by-id/yi71urptlt/log.qslog"
  INFO: Configuration Loaded
  WARN: This plugin does not support setting window masks
  INFO qml: PUTKIN_PREVIEW_READY

[recovery]
  INFO: Launching config: "/home/attntd/projects/putkin/notifications-test.qml"
  INFO: Shell ID: "baaa508919dd09c1fdb0fe45f5dbe4c8" Path ID "baaa508919dd09c1fdb0fe45f5dbe4c8"
  INFO: Saving logs to "/tmp/pk-2vgoehxw/runtime/quickshell/by-id/9j71urptlt/log.qslog"
  INFO: Configuration Loaded
  WARN: This plugin does not support setting window masks
  INFO qml: PUTKIN_PREVIEW_READY

[missing-helper]
  INFO: Launching config: "/home/attntd/projects/putkin/notifications-test.qml"
  INFO: Shell ID: "baaa508919dd09c1fdb0fe45f5dbe4c8" Path ID "baaa508919dd09c1fdb0fe45f5dbe4c8"
  INFO: Saving logs to "/tmp/pk-2vgoehxw/runtime/quickshell/by-id/sj71urptlt/log.qslog"
  INFO: Configuration Loaded
  WARN: This plugin does not support setting window masks
  WARN: Process failed to start, likely because the binary could not be found. Command: QList("python3", "-B", "/home/attntd/projects/putkin/services/notification-watch.py")
  INFO qml: PUTKIN_PREVIEW_READY
