[bus]
dbus-daemon[58960]: [session uid=1000 pid=58960 pidfd=4] Connection :1.2 (uid=1000 pid=59030 comm="/usr/bin/python3 -B /home/attntd/projects/putkin/s") became a monitor.
dbus-daemon[58960]: [session uid=1000 pid=58960 pidfd=4] Monitoring connection :1.2 closed.
dbus-daemon[58960]: [session uid=1000 pid=58960 pidfd=4] Connection :1.8 (uid=1000 pid=59477 comm="/usr/bin/python3 -B /home/attntd/projects/putkin/s") became a monitor.
dbus-daemon[58960]: [session uid=1000 pid=58960 pidfd=4] Monitoring connection :1.8 closed.
dbus-daemon[58960]: [session uid=1000 pid=58960 pidfd=4] Connection :1.13 (uid=1000 pid=59525 comm="/usr/bin/python3 -B /home/attntd/projects/putkin/s") became a monitor.
dbus-daemon[58960]: [session uid=1000 pid=58960 pidfd=4] Monitoring connection :1.13 closed.
dbus-daemon[58960]: [session uid=1000 pid=58960 pidfd=4] Connection :1.23 (uid=1000 pid=60225 comm="/usr/bin/python3 -B /home/attntd/projects/putkin/s") became a monitor.
dbus-daemon[58960]: [session uid=1000 pid=58960 pidfd=4] Monitoring connection :1.23 closed.
dbus-daemon[58960]: [session uid=1000 pid=58960 pidfd=4] Connection :1.28 (uid=1000 pid=60245 comm="/usr/bin/python3 -B /home/attntd/projects/putkin/s") became a monitor.
dbus-daemon[58960]: [session uid=1000 pid=58960 pidfd=4] Monitoring connection :1.28 closed.
dbus-daemon[58960]: [session uid=1000 pid=58960 pidfd=4] Connection :1.34 (uid=1000 pid=60280 comm="/usr/bin/python3 -B /home/attntd/projects/putkin/s") became a monitor.
dbus-daemon[58960]: [session uid=1000 pid=58960 pidfd=4] Monitoring connection :1.34 closed.

[native]
  INFO: Launching config: "/home/attntd/projects/putkin/notifications-test.qml"
  INFO: Shell ID: "baaa508919dd09c1fdb0fe45f5dbe4c8" Path ID "baaa508919dd09c1fdb0fe45f5dbe4c8"
  INFO: Saving logs to "/tmp/pk-f0krojo7/runtime/quickshell/by-id/ai91vaqtlt/log.qslog"
  INFO: Configuration Loaded
  WARN: This plugin does not support setting window masks
  INFO qml: PUTKIN_PREVIEW_READY
  INFO: Reloading configuration...
  WARN: This plugin does not support setting window masks
  INFO: Configuration Loaded
  INFO qml: PUTKIN_PREVIEW_READY
  INFO: Reloading configuration...
  WARN: This plugin does not support setting window masks
  INFO: Configuration Loaded
  INFO qml: PUTKIN_PREVIEW_READY
  INFO: Reloading configuration...
  WARN: This plugin does not support setting window masks
  INFO: Configuration Loaded
  INFO qml: PUTKIN_PREVIEW_READY
  INFO: Reloading configuration...
  INFO: Configuration Loaded
  WARN: This plugin does not support setting window masks
  INFO qml: PUTKIN_PREVIEW_READY

[conflict]
  INFO: Launching config: "/home/attntd/projects/putkin/notifications-test.qml"
  INFO: Shell ID: "baaa508919dd09c1fdb0fe45f5dbe4c8" Path ID "baaa508919dd09c1fdb0fe45f5dbe4c8"
  INFO: Saving logs to "/tmp/pk-f0krojo7/runtime/quickshell/by-id/pha1gbqtlt/log.qslog"
  INFO: Configuration Loaded
  WARN: This plugin does not support setting window masks
  INFO qml: PUTKIN_PREVIEW_READY

[recovery]
  INFO: Launching config: "/home/attntd/projects/putkin/notifications-test.qml"
  INFO: Shell ID: "baaa508919dd09c1fdb0fe45f5dbe4c8" Path ID "baaa508919dd09c1fdb0fe45f5dbe4c8"
  INFO: Saving logs to "/tmp/pk-f0krojo7/runtime/quickshell/by-id/5ia1gbqtlt/log.qslog"
  INFO: Configuration Loaded
  WARN: This plugin does not support setting window masks
  INFO qml: PUTKIN_PREVIEW_READY

[missing-helper]
  INFO: Launching config: "/home/attntd/projects/putkin/notifications-test.qml"
  INFO: Shell ID: "baaa508919dd09c1fdb0fe45f5dbe4c8" Path ID "baaa508919dd09c1fdb0fe45f5dbe4c8"
  INFO: Saving logs to "/tmp/pk-f0krojo7/runtime/quickshell/by-id/uia1hbqtlt/log.qslog"
  INFO: Configuration Loaded
  WARN: This plugin does not support setting window masks
  WARN: Process failed to start, likely because the binary could not be found. Command: QList("python3", "-B", "/home/attntd/projects/putkin/services/notification-watch.py")
