********* Start testing of qmltestrunner *********
Config: Using QtTest library 6.11.2, Qt 6.11.2 (x86_64-little_endian-lp64 shared (dynamic) release build; by GCC 16.2.1 20260810), arch unknown
PASS   : qmltestrunner::Notifications::initTestCase()
PASS   : qmltestrunner::Notifications::test_archived_signal_focuses_existing_window()
PASS   : qmltestrunner::Notifications::test_archived_signal_launches_then_focuses_new_window()
FAIL!  : qmltestrunner::Notifications::test_arrival_mouse_close_and_action_preserve_focus() Received a warning that resulted in a failure:
QQmlVMEMetaObject: Internal error - attempted to evaluate a function in an invalid context
FAIL!  : qmltestrunner::Notifications::test_arrival_mouse_close_and_action_preserve_focus() Received a warning that resulted in a failure:
file:///home/attntd/projects/putkin/modules/notifications/NotificationStack.qml:31: Error: Qt.callLater: first argument not a function or signal (exception occurred during delayed function evaluation)
   Loc: [file:///home/attntd/projects/putkin/modules/notifications/NotificationStack.qml(31)]
PASS   : qmltestrunner::Notifications::test_backend_loss_and_disabled_dnd()
PASS   : qmltestrunner::Notifications::test_card_activation(enter)
PASS   : qmltestrunner::Notifications::test_card_activation(keypad-enter)
PASS   : qmltestrunner::Notifications::test_card_activation(summary-click)
PASS   : qmltestrunner::Notifications::test_card_activation(body-click)
PASS   : qmltestrunner::Notifications::test_card_activation(header-click)
FAIL!  : qmltestrunner::Notifications::test_card_without_action_does_not_dismiss_and_single_action_works() Received a warning that resulted in a failure:
QQmlVMEMetaObject: Internal error - attempted to evaluate a function in an invalid context
FAIL!  : qmltestrunner::Notifications::test_card_without_action_does_not_dismiss_and_single_action_works() Received a warning that resulted in a failure:
file:///home/attntd/projects/putkin/modules/notifications/NotificationStack.qml:31: Error: Qt.callLater: first argument not a function or signal (exception occurred during delayed function evaluation)
   Loc: [file:///home/attntd/projects/putkin/modules/notifications/NotificationStack.qml(31)]
PASS   : qmltestrunner::Notifications::test_center_expand_navigation_and_escape(desktop-escape)
PASS   : qmltestrunner::Notifications::test_center_expand_navigation_and_escape(small-escape)
PASS   : qmltestrunner::Notifications::test_center_expand_navigation_and_escape(desktop-q)
PASS   : qmltestrunner::Notifications::test_center_expand_navigation_and_escape(small-q)
PASS   : qmltestrunner::Notifications::test_center_header_icon_actions()
PASS   : qmltestrunner::Notifications::test_center_header_navigation(320-empty)
FAIL!  : qmltestrunner::Notifications::test_center_header_navigation(320-before-open) Received a warning that resulted in a failure:
QQmlVMEMetaObject: Internal error - attempted to evaluate a function in an invalid context
FAIL!  : qmltestrunner::Notifications::test_center_header_navigation(320-before-open) Received a warning that resulted in a failure:
file:///home/attntd/projects/putkin/modules/notifications/NotificationStack.qml:31: Error: Qt.callLater: first argument not a function or signal (exception occurred during delayed function evaluation)
   Loc: [file:///home/attntd/projects/putkin/modules/notifications/NotificationStack.qml(31)]
FAIL!  : qmltestrunner::Notifications::test_center_header_navigation(320-while-open) Received a warning that resulted in a failure:
QQmlVMEMetaObject: Internal error - attempted to evaluate a function in an invalid context
FAIL!  : qmltestrunner::Notifications::test_center_header_navigation(320-while-open) Received a warning that resulted in a failure:
file:///home/attntd/projects/putkin/modules/notifications/NotificationStack.qml:31: Error: Qt.callLater: first argument not a function or signal (exception occurred during delayed function evaluation)
   Loc: [file:///home/attntd/projects/putkin/modules/notifications/NotificationStack.qml(31)]
PASS   : qmltestrunner::Notifications::test_center_header_navigation(1366-empty)
FAIL!  : qmltestrunner::Notifications::test_center_header_navigation(1366-before-open) Received a warning that resulted in a failure:
QQmlVMEMetaObject: Internal error - attempted to evaluate a function in an invalid context
FAIL!  : qmltestrunner::Notifications::test_center_header_navigation(1366-before-open) Received a warning that resulted in a failure:
file:///home/attntd/projects/putkin/modules/notifications/NotificationStack.qml:31: Error: Qt.callLater: first argument not a function or signal (exception occurred during delayed function evaluation)
   Loc: [file:///home/attntd/projects/putkin/modules/notifications/NotificationStack.qml(31)]
FAIL!  : qmltestrunner::Notifications::test_center_header_navigation(1366-while-open) Received a warning that resulted in a failure:
QQmlVMEMetaObject: Internal error - attempted to evaluate a function in an invalid context
FAIL!  : qmltestrunner::Notifications::test_center_header_navigation(1366-while-open) Received a warning that resulted in a failure:
file:///home/attntd/projects/putkin/modules/notifications/NotificationStack.qml:31: Error: Qt.callLater: first argument not a function or signal (exception occurred during delayed function evaluation)
   Loc: [file:///home/attntd/projects/putkin/modules/notifications/NotificationStack.qml(31)]
FAIL!  : qmltestrunner::Notifications::test_center_navigation_after_insert_replace_and_remove() Received a warning that resulted in a failure:
QQmlVMEMetaObject: Internal error - attempted to evaluate a function in an invalid context
FAIL!  : qmltestrunner::Notifications::test_center_navigation_after_insert_replace_and_remove() Received a warning that resulted in a failure:
file:///home/attntd/projects/putkin/modules/notifications/NotificationStack.qml:31: Error: Qt.callLater: first argument not a function or signal (exception occurred during delayed function evaluation)
   Loc: [file:///home/attntd/projects/putkin/modules/notifications/NotificationStack.qml(31)]
PASS   : qmltestrunner::Notifications::test_center_wheel_over_cards_and_reveal_last(short)
PASS   : qmltestrunner::Notifications::test_center_wheel_over_cards_and_reveal_last(long)
PASS   : qmltestrunner::Notifications::test_dnd_discards_without_replay_and_critical_does_not_expire()
PASS   : qmltestrunner::Notifications::test_expand_pointer_and_no_keyboard_ring()
FAIL!  : qmltestrunner::Notifications::test_flood_bounds_fifo_and_critical_priority() Received a warning that resulted in a failure:
QQmlVMEMetaObject: Internal error - attempted to evaluate a function in an invalid context
FAIL!  : qmltestrunner::Notifications::test_flood_bounds_fifo_and_critical_priority() Received a warning that resulted in a failure:
file:///home/attntd/projects/putkin/modules/notifications/NotificationStack.qml:31: Error: Qt.callLater: first argument not a function or signal (exception occurred during delayed function evaluation)
   Loc: [file:///home/attntd/projects/putkin/modules/notifications/NotificationStack.qml(31)]
PASS   : qmltestrunner::Notifications::test_focus_prefers_toasts_and_falls_back_to_center()
PASS   : qmltestrunner::Notifications::test_identical_replacement_restarts_deadline_and_retains_card()
PASS   : qmltestrunner::Notifications::test_keyboard_hjkl_enter_escape_and_tooltip()
FAIL!  : qmltestrunner::Notifications::test_keyboard_pause_and_focus_repair() Received a warning that resulted in a failure:
QQmlVMEMetaObject: Internal error - attempted to evaluate a function in an invalid context
FAIL!  : qmltestrunner::Notifications::test_keyboard_pause_and_focus_repair() Received a warning that resulted in a failure:
file:///home/attntd/projects/putkin/modules/notifications/NotificationStack.qml:31: Error: Qt.callLater: first argument not a function or signal (exception occurred during delayed function evaluation)
   Loc: [file:///home/attntd/projects/putkin/modules/notifications/NotificationStack.qml(31)]
PASS   : qmltestrunner::Notifications::test_kitty_default_has_no_button(toast-summary)
PASS   : qmltestrunner::Notifications::test_kitty_default_has_no_button(toast-header)
PASS   : qmltestrunner::Notifications::test_kitty_default_has_no_button(center-body)
PASS   : qmltestrunner::Notifications::test_kitty_default_has_no_button(center-enter)
PASS   : qmltestrunner::Notifications::test_kitty_default_has_no_button(named-default)
PASS   : qmltestrunner::Notifications::test_live_signal_keeps_native_action_and_unknown_archive_does_nothing()
PASS   : qmltestrunner::Notifications::test_missing_data_plain_text_and_limits()
PASS   : qmltestrunner::Notifications::test_monitor_routing_hotplug_and_geometry()
PASS   : qmltestrunner::Notifications::test_pointer_card_area(toast-header)
PASS   : qmltestrunner::Notifications::test_pointer_card_area(toast-notificationSummary)
PASS   : qmltestrunner::Notifications::test_pointer_card_area(toast-notificationBody)
PASS   : qmltestrunner::Notifications::test_pointer_card_area(toast-left-edge)
PASS   : qmltestrunner::Notifications::test_pointer_card_area(toast-bottom-edge)
PASS   : qmltestrunner::Notifications::test_pointer_card_area(toast-content-padding)
PASS   : qmltestrunner::Notifications::test_pointer_card_area(toast-notificationImage)
PASS   : qmltestrunner::Notifications::test_pointer_card_area(toast-long-header)
PASS   : qmltestrunner::Notifications::test_pointer_card_area(toast-long-notificationBody)
PASS   : qmltestrunner::Notifications::test_pointer_card_area(toast-long-content-padding)
PASS   : qmltestrunner::Notifications::test_pointer_card_area(center-header)
PASS   : qmltestrunner::Notifications::test_pointer_card_area(center-notificationSummary)
PASS   : qmltestrunner::Notifications::test_pointer_card_area(center-notificationBody)
PASS   : qmltestrunner::Notifications::test_pointer_card_area(center-left-edge)
PASS   : qmltestrunner::Notifications::test_pointer_card_area(center-bottom-edge)
PASS   : qmltestrunner::Notifications::test_pointer_card_area(center-content-padding)
PASS   : qmltestrunner::Notifications::test_pointer_card_area(center-notificationImage)
PASS   : qmltestrunner::Notifications::test_pointer_card_area(center-long-header)
PASS   : qmltestrunner::Notifications::test_pointer_card_area(center-long-notificationBody)
PASS   : qmltestrunner::Notifications::test_pointer_card_area(center-long-content-padding)
FAIL!  : qmltestrunner::Notifications::test_quick_settings_center_dnd_and_intentional_handoff() Received a warning that resulted in a failure:
QQmlVMEMetaObject: Internal error - attempted to evaluate a function in an invalid context
FAIL!  : qmltestrunner::Notifications::test_quick_settings_center_dnd_and_intentional_handoff() Received a warning that resulted in a failure:
file:///home/attntd/projects/putkin/modules/notifications/NotificationStack.qml:31: Error: Qt.callLater: first argument not a function or signal (exception occurred during delayed function evaluation)
   Loc: [file:///home/attntd/projects/putkin/modules/notifications/NotificationStack.qml(31)]
PASS   : qmltestrunner::Notifications::test_replaced_actions_and_client_close()
FAIL!  : qmltestrunner::Notifications::test_resident_transient_and_nonresident_actions() Received a warning that resulted in a failure:
QQmlVMEMetaObject: Internal error - attempted to evaluate a function in an invalid context
FAIL!  : qmltestrunner::Notifications::test_resident_transient_and_nonresident_actions() Received a warning that resulted in a failure:
file:///home/attntd/projects/putkin/modules/notifications/NotificationStack.qml:31: Error: Qt.callLater: first argument not a function or signal (exception occurred during delayed function evaluation)
   Loc: [file:///home/attntd/projects/putkin/modules/notifications/NotificationStack.qml(31)]
FAIL!  : qmltestrunner::Notifications::test_screen_resize_rebalances_without_duplicate_views() property count
   Actual   (): 1
   Expected (): 3
   Loc: [/home/attntd/projects/putkin/tests/qml/tst_notifications.qml(587)]
FAIL!  : qmltestrunner::Notifications::test_screen_resize_rebalances_without_duplicate_views() Received a warning that resulted in a failure:
QQmlVMEMetaObject: Internal error - attempted to evaluate a function in an invalid context
FAIL!  : qmltestrunner::Notifications::test_screen_resize_rebalances_without_duplicate_views() Received a warning that resulted in a failure:
file:///home/attntd/projects/putkin/modules/notifications/NotificationStack.qml:31: Error: Qt.callLater: first argument not a function or signal (exception occurred during delayed function evaluation)
   Loc: [file:///home/attntd/projects/putkin/modules/notifications/NotificationStack.qml(31)]
FAIL!  : qmltestrunner::Notifications::test_small_screen_bounds_images_scroll_and_queue() Received a warning that resulted in a failure:
QQmlVMEMetaObject: Internal error - attempted to evaluate a function in an invalid context
FAIL!  : qmltestrunner::Notifications::test_small_screen_bounds_images_scroll_and_queue() Received a warning that resulted in a failure:
file:///home/attntd/projects/putkin/modules/notifications/NotificationStack.qml:31: Error: Qt.callLater: first argument not a function or signal (exception occurred during delayed function evaluation)
   Loc: [file:///home/attntd/projects/putkin/modules/notifications/NotificationStack.qml(31)]
FAIL!  : qmltestrunner::Notifications::test_small_screen_critical_queue_rejects_normal_before_tracking() Received a warning that resulted in a failure:
QQmlVMEMetaObject: Internal error - attempted to evaluate a function in an invalid context
FAIL!  : qmltestrunner::Notifications::test_small_screen_critical_queue_rejects_normal_before_tracking() Received a warning that resulted in a failure:
file:///home/attntd/projects/putkin/modules/notifications/NotificationStack.qml:31: Error: Qt.callLater: first argument not a function or signal (exception occurred during delayed function evaluation)
   Loc: [file:///home/attntd/projects/putkin/modules/notifications/NotificationStack.qml(31)]
FAIL!  : qmltestrunner::Notifications::test_timeout_default_zero_and_queue_deadline() Received a warning that resulted in a failure:
QQmlVMEMetaObject: Internal error - attempted to evaluate a function in an invalid context
FAIL!  : qmltestrunner::Notifications::test_timeout_default_zero_and_queue_deadline() Received a warning that resulted in a failure:
file:///home/attntd/projects/putkin/modules/notifications/NotificationStack.qml:31: Error: Qt.callLater: first argument not a function or signal (exception occurred during delayed function evaluation)
   Loc: [file:///home/attntd/projects/putkin/modules/notifications/NotificationStack.qml(31)]
FAIL!  : qmltestrunner::Notifications::test_toast_expand_navigation_and_body_click(escape) Received a warning that resulted in a failure:
QQmlVMEMetaObject: Internal error - attempted to evaluate a function in an invalid context
FAIL!  : qmltestrunner::Notifications::test_toast_expand_navigation_and_body_click(escape) Received a warning that resulted in a failure:
file:///home/attntd/projects/putkin/modules/notifications/NotificationStack.qml:31: Error: Qt.callLater: first argument not a function or signal (exception occurred during delayed function evaluation)
   Loc: [file:///home/attntd/projects/putkin/modules/notifications/NotificationStack.qml(31)]
FAIL!  : qmltestrunner::Notifications::test_toast_expand_navigation_and_body_click(q) Received a warning that resulted in a failure:
QQmlVMEMetaObject: Internal error - attempted to evaluate a function in an invalid context
FAIL!  : qmltestrunner::Notifications::test_toast_expand_navigation_and_body_click(q) Received a warning that resulted in a failure:
file:///home/attntd/projects/putkin/modules/notifications/NotificationStack.qml:31: Error: Qt.callLater: first argument not a function or signal (exception occurred during delayed function evaluation)
   Loc: [file:///home/attntd/projects/putkin/modules/notifications/NotificationStack.qml(31)]
PASS   : qmltestrunner::Notifications::test_toast_keyboard_default_consumes_history(16777220-false-false)
PASS   : qmltestrunner::Notifications::test_toast_keyboard_default_consumes_history(16777220-false-true)
PASS   : qmltestrunner::Notifications::test_toast_keyboard_default_consumes_history(16777220-true-false)
PASS   : qmltestrunner::Notifications::test_toast_keyboard_default_consumes_history(16777220-true-true)
PASS   : qmltestrunner::Notifications::test_toast_keyboard_default_consumes_history(16777221-false-false)
PASS   : qmltestrunner::Notifications::test_toast_keyboard_default_consumes_history(16777221-false-true)
PASS   : qmltestrunner::Notifications::test_toast_keyboard_default_consumes_history(16777221-true-false)
PASS   : qmltestrunner::Notifications::test_toast_keyboard_default_consumes_history(16777221-true-true)
FAIL!  : qmltestrunner::Notifications::test_toast_navigation_deletion_and_archive_during_fade() 'verify()' returned FALSE. ()
   Loc: [/home/attntd/projects/putkin/tests/qml/tst_notifications.qml(650)]
FAIL!  : qmltestrunner::Notifications::test_toast_navigation_deletion_and_archive_during_fade() Received a warning that resulted in a failure:
QQmlVMEMetaObject: Internal error - attempted to evaluate a function in an invalid context
FAIL!  : qmltestrunner::Notifications::test_toast_navigation_deletion_and_archive_during_fade() Received a warning that resulted in a failure:
file:///home/attntd/projects/putkin/modules/notifications/NotificationStack.qml:31: Error: Qt.callLater: first argument not a function or signal (exception occurred during delayed function evaluation)
   Loc: [file:///home/attntd/projects/putkin/modules/notifications/NotificationStack.qml(31)]
PASS   : qmltestrunner::Notifications::test_toast_without_action_keeps_focus_and_history()
PASS   : qmltestrunner::Notifications::test_twenty_lifecycles()
PASS   : qmltestrunner::Notifications::test_unread_bell_expiry_center_replacement_and_dnd()
PASS   : qmltestrunner::Notifications::cleanupTestCase()
Totals: 64 passed, 18 failed, 0 skipped, 0 blacklisted, 46684ms
********* Finished testing of qmltestrunner *********
