test_all_files_are_checked_even_after_failures (test_check.CheckGate.test_all_files_are_checked_even_after_failures) ... ok
test_bad_syntax_fails (test_check.CheckGate.test_bad_syntax_fails) ... ok
test_empty_or_missing_input_fails (test_check.CheckGate.test_empty_or_missing_input_fails) ... ok
test_missing_import_fails (test_check.CheckGate.test_missing_import_fails) ... ok
test_missing_tools_are_distinct_from_qml_failure (test_check.CheckGate.test_missing_tools_are_distinct_from_qml_failure) ... ok
test_valid_file_with_spaces_passes_without_modification (test_check.CheckGate.test_valid_file_with_spaces_passes_without_modification) ... ok
test_default_symlink_relative_imports_duplicate_and_pointer_switch (test_install.DefaultQuickshellTest.test_default_symlink_relative_imports_duplicate_and_pointer_switch) ... ok
test_copy_and_validation_failure_leave_old_complete (test_install.InstallTest.test_copy_and_validation_failure_leave_old_complete) ... ok
test_corrupted_build_and_source_symlink_are_rejected (test_install.InstallTest.test_corrupted_build_and_source_symlink_are_rejected) ... ok
test_default_entry_backup_keeps_existing_helpers (test_install.InstallTest.test_default_entry_backup_keeps_existing_helpers) ... ok
test_dry_run_creates_nothing_and_destination_refuses_host_activation (test_install.InstallTest.test_dry_run_creates_nothing_and_destination_refuses_host_activation) ... ok
test_dry_run_existing_install_and_cli_restore (test_install.InstallTest.test_dry_run_existing_install_and_cli_restore) ... ok
test_failed_activation_restores_original_default_and_instance_path (test_install.InstallTest.test_failed_activation_restores_original_default_and_instance_path) ... ok
test_locked_or_foreign_session_cannot_be_stopped (test_install.InstallTest.test_locked_or_foreign_session_cannot_be_stopped) ... ok
test_process_interruption_at_publication_leaves_whole_old_or_new_build (test_install.InstallTest.test_process_interruption_at_publication_leaves_whole_old_or_new_build) ... ok
test_real_package_install_and_reinstall (test_install.InstallTest.test_real_package_install_and_reinstall) ... ok
test_restore_toggles_complete_builds (test_install.InstallTest.test_restore_toggles_complete_builds) ... ok
test_retention_preserves_current_previous_and_unrelated_state (test_install.InstallTest.test_retention_preserves_current_previous_and_unrelated_state) ... ok
test_updates_reuse_identical_builds_keep_five_and_preserve_user_files (test_install.InstallTest.test_updates_reuse_identical_builds_keep_five_and_preserve_user_files) ... ok
test_bare_qs_uses_uwsm_and_forwards_cli_queries_without_shell_interpolation (test_install.LauncherTest.test_bare_qs_uses_uwsm_and_forwards_cli_queries_without_shell_interpolation) ... ok
test_lock_helper_uses_stable_config_identity (test_install.LauncherTest.test_lock_helper_uses_stable_config_identity) ... ok
test_conflicts_include_case_aliases_and_physical_keys (test_keyboard.KeyboardTest.test_conflicts_include_case_aliases_and_physical_keys) ... ok
test_duplicate_and_invalid_shortcuts (test_keyboard.KeyboardTest.test_duplicate_and_invalid_shortcuts) ... ok
test_lua_rebinds_remove_old_keys_without_accumulation (test_keyboard.KeyboardTest.test_lua_rebinds_remove_old_keys_without_accumulation) ... ok
test_lua_registration_failure_restores_previous (test_keyboard.KeyboardTest.test_lua_registration_failure_restores_previous) ... ok
test_own_keys_can_be_changed_but_shared_submap_keys_are_protected (test_keyboard.KeyboardTest.test_own_keys_can_be_changed_but_shared_submap_keys_are_protected) ... ok
test_preflight_is_read_only_and_refusal_prevents_apply (test_keyboard.KeyboardTest.test_preflight_is_read_only_and_refusal_prevents_apply) ... ok
test_application_file_launch_and_failed_action_history (test_launcher.BackendTests.test_application_file_launch_and_failed_action_history) ... ok
test_cancel_preview_reaps_decoder_and_emits_no_stale_content (test_launcher.BackendTests.test_cancel_preview_reaps_decoder_and_emits_no_stale_content) ... ok
test_cliphist_sensitive_limit_exact_text_and_binary_roundtrip (test_launcher.BackendTests.test_cliphist_sensitive_limit_exact_text_and_binary_roundtrip) ... ok
test_launched_application_survives_worker_event_loop (test_launcher.BackendTests.test_launched_application_survives_worker_event_loop) ... ok
test_preview_decodes_multiline_text_and_image_without_copying (test_launcher.BackendTests.test_preview_decodes_multiline_text_and_image_without_copying) ... ok
test_preview_limits_invalid_missing_and_hidden_entries (test_launcher.BackendTests.test_preview_limits_invalid_missing_and_hidden_entries) ... ok
test_real_fd_literal_paths_limits_and_no_shell (test_launcher.BackendTests.test_real_fd_literal_paths_limits_and_no_shell) ... ok
test_search_timeout_and_cancellation_reap_process (test_launcher.BackendTests.test_search_timeout_and_cancellation_reap_process) ... ok
test_clipboard_never_persisted_and_foreign_history_preserved (test_launcher.HistoryTests.test_clipboard_never_persisted_and_foreign_history_preserved) ... ok
test_private_atomic_mru_roundtrip_and_limit (test_launcher.HistoryTests.test_private_atomic_mru_roundtrip_and_limit) ... ok
test_current_version_and_active_owner (test_night_light.NightLightOwner.test_current_version_and_active_owner) ... ok
test_foreign_executable_is_never_run (test_night_light.NightLightOwner.test_foreign_executable_is_never_run) ... ok
test_foreign_or_inactive_unit (test_night_light.NightLightOwner.test_foreign_or_inactive_unit) ... ok
test_invalid_arguments_do_not_connect (test_night_light.NightLightOwner.test_invalid_arguments_do_not_connect) ... ok
test_missing_backend_is_structured (test_night_light.NightLightOwner.test_missing_backend_is_structured) ... ok
test_old_version_is_rejected_before_ipc (test_night_light.NightLightOwner.test_old_version_is_rejected_before_ipc) ... ok
test_process_token_and_session_scope (test_night_light.NightLightOwner.test_process_token_and_session_scope) ... ok
test_unknown_version_is_rejected (test_night_light.NightLightOwner.test_unknown_version_is_rejected) ... ok
test_clis_report_missing_qml_import (test_runtime.RuntimeDiagnostics.test_clis_report_missing_qml_import) ... ok
test_log_reader_preserves_child_offset (test_runtime.RuntimeDiagnostics.test_log_reader_preserves_child_offset) ... ok
test_only_absent_startup_reply_is_retryable (test_runtime.RuntimeDiagnostics.test_only_absent_startup_reply_is_retryable) ... ok
test_cancel_during_grim_reaps_child_and_removes_temporary_data (test_screenshot.ScreenshotTests.test_cancel_during_grim_reaps_child_and_removes_temporary_data) ... ok
test_capture_failure_does_not_replace_clipboard_or_leave_file (test_screenshot.ScreenshotTests.test_capture_failure_does_not_replace_clipboard_or_leave_file) ... ok
test_clipboard_failure_keeps_savable_png (test_screenshot.ScreenshotTests.test_clipboard_failure_keeps_savable_png) ... ok
test_failed_save_keeps_preview_for_retry (test_screenshot.ScreenshotTests.test_failed_save_keeps_preview_for_retry) ... ok
test_no_work_until_request_and_cancel_keeps_clipboard (test_screenshot.ScreenshotTests.test_no_work_until_request_and_cancel_keeps_clipboard) ... ok
test_region_save_has_identical_bytes_unique_names_and_cleanup (test_screenshot.ScreenshotTests.test_region_save_has_identical_bytes_unique_names_and_cleanup) ... ok
test_rotated_fractional_negative_output_and_clipped_region (test_screenshot.ScreenshotTests.test_rotated_fractional_negative_output_and_clipped_region) ... ok
test_window_crossing_monitors_keeps_both_visible_parts (test_screenshot.ScreenshotTests.test_window_crossing_monitors_keeps_both_visible_parts) ... ok
test_window_uses_original_address_and_rejects_hidden_or_closed (test_screenshot.ScreenshotTests.test_window_uses_original_address_and_rejects_hidden_or_closed) ... ok
test_byte_fragmentation_preserves_multibyte_utf8 (test_signal_contract.SignalContractTest.test_byte_fragmentation_preserves_multibyte_utf8) ... ok
test_malformed_truncated_and_oversized_input_fail (test_signal_contract.SignalContractTest.test_malformed_truncated_and_oversized_input_fail) ... ok
test_manual_receive_waits_for_subscription_request (test_signal_contract.SignalContractTest.test_manual_receive_waits_for_subscription_request) ... ok
test_stdio_round_trip_and_eof (test_signal_contract.SignalContractTest.test_stdio_round_trip_and_eof) ... ok
test_wrong_recipient_cannot_get_scripted_send_success (test_signal_contract.SignalContractTest.test_wrong_recipient_cannot_get_scripted_send_success) ... ok
test_group_media_quotes_mentions_reactions_edits_receipts_delete_and_expiry (test_signal_groups.GroupContentTests.test_group_media_quotes_mentions_reactions_edits_receipts_delete_and_expiry) ... ok
test_cancelled_create_late_reply_settles_without_retry (test_signal_groups.GroupTests.test_cancelled_create_late_reply_settles_without_retry) ... ok
test_create_confirmed_result_reuses_operation_and_opens_actual_group (test_signal_groups.GroupTests.test_create_confirmed_result_reuses_operation_and_opens_actual_group) ... ok
test_join_waiting_invitation_accept_decline_and_member_requests (test_signal_groups.GroupTests.test_join_waiting_invitation_accept_decline_and_member_requests) ... ok
test_nonadmin_and_incomplete_directory_fail_closed (test_signal_groups.GroupTests.test_nonadmin_and_incomplete_directory_fail_closed) ... ok
test_partial_create_preserves_real_group_id_and_avatar_is_private (test_signal_groups.GroupTests.test_partial_create_preserves_real_group_id_and_avatar_is_private) ... ok
test_phone_loss_terminated_and_blocked_groups_cannot_enqueue_or_read (test_signal_groups.GroupTests.test_phone_loss_terminated_and_blocked_groups_cannot_enqueue_or_read) ... ok
test_profile_number_and_avatar_changes_do_not_replace_direct_conversation (test_signal_groups.GroupTests.test_profile_number_and_avatar_changes_do_not_replace_direct_conversation) ... ok
test_rename_number_profile_mute_and_hidden_keep_history_identity (test_signal_groups.GroupTests.test_rename_number_profile_mute_and_hidden_keep_history_identity) ... ok
test_roles_permissions_last_admin_and_confirmations (test_signal_groups.GroupTests.test_roles_permissions_last_admin_and_confirmations) ... ok
test_unknown_create_restart_reconciles_candidates_without_second_create (test_signal_groups.GroupTests.test_unknown_create_restart_reconciles_candidates_without_second_create) ... ok
test_unknown_request_no_read_send_typing_until_accept_then_block (test_signal_groups.GroupTests.test_unknown_request_no_read_send_typing_until_accept_then_block) ... ok
test_crash_after_dispatch_keeps_unknown_without_resending_on_reconnect (test_signal_history.BridgeHistoryTests.test_crash_after_dispatch_keeps_unknown_without_resending_on_reconnect) ... ok
test_deadline_cleanup_runs_without_polling_or_another_ui_request (test_signal_history.BridgeHistoryTests.test_deadline_cleanup_runs_without_polling_or_another_ui_request) ... ok
test_end_to_end_receive_send_sync_pages_drafts_commit_and_restart (test_signal_history.BridgeHistoryTests.test_end_to_end_receive_send_sync_pages_drafts_commit_and_restart) ... ok
test_retention_preflight_sends_with_confirmed_timer_and_expires_old_result (test_signal_history.BridgeHistoryTests.test_retention_preflight_sends_with_confirmed_timer_and_expires_old_result) ... ok
test_storage_failure_stops_receive_before_next_event_and_requires_retry (test_signal_history.BridgeHistoryTests.test_storage_failure_stops_receive_before_next_event_and_requires_retry) ... ok
test_timeout_late_reply_reconciles_and_releases_queue_without_resend (test_signal_history.BridgeHistoryTests.test_timeout_late_reply_reconciles_and_releases_queue_without_resend) ... ok
test_delete_and_edit_before_target_never_restore_content_and_pending_is_bounded (test_signal_history.HistoryTests.test_delete_and_edit_before_target_never_restore_content_and_pending_is_bounded) ... ok
test_duplicates_protocol_keys_do_not_merge_equal_text_authors_groups_accounts (test_signal_history.HistoryTests.test_duplicates_protocol_keys_do_not_merge_equal_text_authors_groups_accounts) ... ok
test_expired_outbox_cleanup_and_tombstone_after_restart (test_signal_history.HistoryTests.test_expired_outbox_cleanup_and_tombstone_after_restart) ... ok
test_full_disk_and_readonly_transaction_never_publish_uncommitted_message (test_signal_history.HistoryTests.test_full_disk_and_readonly_transaction_never_publish_uncommitted_message) ... ok
test_missing_timestamp_wrong_recipient_and_rpc_error_are_unknown (test_signal_history.HistoryTests.test_missing_timestamp_wrong_recipient_and_rpc_error_are_unknown) ... ok
test_number_only_recipient_stays_unresolved_and_account_rebinding_is_by_aci (test_signal_history.HistoryTests.test_number_only_recipient_stays_unresolved_and_account_rebinding_is_by_aci) ... ok
test_pagination_ties_scopes_large_frames_and_safe_integer_timestamps (test_signal_history.HistoryTests.test_pagination_ties_scopes_large_frames_and_safe_integer_timestamps) ... ok
test_payload_conflict_and_source_device_are_not_silent_overwrites (test_signal_history.HistoryTests.test_payload_conflict_and_source_device_are_not_silent_overwrites) ... ok
test_per_recipient_partial_network_failure_and_safe_retry (test_signal_history.HistoryTests.test_per_recipient_partial_network_failure_and_safe_retry) ... ok
test_phone_incoming_local_reply_and_restart_preserve_history_draft_and_outbox (test_signal_history.HistoryTests.test_phone_incoming_local_reply_and_restart_preserve_history_draft_and_outbox) ... ok
test_process_death_before_after_commit_and_after_sending_marker (test_signal_history.HistoryTests.test_process_death_before_after_commit_and_after_sending_marker) ... ok
test_queue_idempotence_draft_compare_and_swap_and_cancel (test_signal_history.HistoryTests.test_queue_idempotence_draft_compare_and_swap_and_cancel) ... ok
test_redaction_clears_wal_and_checkpoint_failure_blocks_publication (test_signal_history.HistoryTests.test_redaction_clears_wal_and_checkpoint_failure_blocks_publication) ... ok
test_schema_rollback_newer_version_corrupt_db_and_unsafe_companions (test_signal_history.HistoryTests.test_schema_rollback_newer_version_corrupt_db_and_unsafe_companions) ... ok
test_sync_before_and_after_rpc_preserve_local_key (test_signal_history.HistoryTests.test_sync_before_and_after_rpc_preserve_local_key) ... ok
test_unknown_no_timestamp_never_guesses_by_text_and_retry_is_explicitly_rejected (test_signal_history.HistoryTests.test_unknown_no_timestamp_never_guesses_by_text_and_retry_is_explicitly_rejected) ... ok
test_view_once_and_unknown_events_do_not_archive_payloads (test_signal_history.HistoryTests.test_view_once_and_unknown_events_do_not_archive_payloads) ... ok
test_actual_queue_routes_edit_and_reaction_methods_and_survives_restart (test_signal_interactions.InteractionBridgeTests.test_actual_queue_routes_edit_and_reaction_methods_and_survives_restart) ... ok
test_edit_chain_reverse_delivery_duplicates_authorship_and_restart (test_signal_interactions.InteractionTests.test_edit_chain_reverse_delivery_duplicates_authorship_and_restart) ... ok
test_edits_keep_expiry_and_delete_version_clears_all_content (test_signal_interactions.InteractionTests.test_edits_keep_expiry_and_delete_version_clears_all_content) ... ok
test_emoji_sequences_are_preserved_and_multi_cluster_input_is_rejected (test_signal_interactions.InteractionTests.test_emoji_sequences_are_preserved_and_multi_cluster_input_is_rejected) ... ok
test_error_known_failure_retry_unknown_no_repeat_and_operation_dedup (test_signal_interactions.InteractionTests.test_error_known_failure_retry_unknown_no_repeat_and_operation_dedup) ... ok
test_group_edit_versions_have_their_own_audience_and_partial_failure_is_unknown (test_signal_interactions.InteractionTests.test_group_edit_versions_have_their_own_audience_and_partial_failure_is_unknown) ... ok
test_limits_author_permissions_and_stale_editor (test_signal_interactions.InteractionTests.test_limits_author_permissions_and_stale_editor) ... ok
test_media_caption_edit_keeps_files (test_signal_interactions.InteractionTests.test_media_caption_edit_keeps_files) ... ok
test_note_to_self_edits_after_24_hours_and_cancel_does_not_change_message (test_signal_interactions.InteractionTests.test_note_to_self_edits_after_24_hours_and_cancel_does_not_change_message) ... ok
test_pending_edits_expire_and_typing_does_not_create_history (test_signal_interactions.InteractionTests.test_pending_edits_expire_and_typing_does_not_create_history) ... ok
test_phone_edits_reactions_do_not_toast_and_old_receipt_not_latest_read (test_signal_interactions.InteractionTests.test_phone_edits_reactions_do_not_toast_and_old_receipt_not_latest_read) ... ok
test_phone_sync_before_result_settles_exact_version_once (test_signal_interactions.InteractionTests.test_phone_sync_before_result_settles_exact_version_once) ... ok
test_queue_applies_only_confirmed_result_preserves_draft_and_original_id (test_signal_interactions.InteractionTests.test_queue_applies_only_confirmed_result_preserves_draft_and_original_id) ... ok
test_quote_mentions_draft_composition_persists_and_send_clears_it (test_signal_interactions.InteractionTests.test_quote_mentions_draft_composition_persists_and_send_clears_it) ... ok
test_quote_missing_original_resolves_without_fabricating_history (test_signal_interactions.InteractionTests.test_quote_missing_original_resolves_without_fabricating_history) ... ok
test_reactions_actor_key_change_remove_zwj_before_target_and_alias (test_signal_interactions.InteractionTests.test_reactions_actor_key_change_remove_zwj_before_target_and_alias) ... ok
test_utf16_emoji_mentions_and_whitelisted_styles (test_signal_interactions.InteractionTests.test_utf16_emoji_mentions_and_whitelisted_styles) ... ok
test_incoming_timeout_duplicates_stop_order_no_history_and_disconnect (test_signal_interactions.TypingTests.test_incoming_timeout_duplicates_stop_order_no_history_and_disconnect) ... ok
test_rate_limit_expiry_stop_and_disabled_preference (test_signal_interactions.TypingTests.test_rate_limit_expiry_stop_and_disabled_preference) ... ok
test_backoff_stops_after_five_retries_and_explicit_retry_recovers (test_signal_lifecycle.LifecycleTests.test_backoff_stops_after_five_retries_and_explicit_retry_recovers) ... ok
test_eof_term_kill_helper_and_owned_shell (test_signal_lifecycle.LifecycleTests.test_eof_term_kill_helper_and_owned_shell) ... ok
test_forced_cleanup_holds_lock_until_cli_dies (test_signal_lifecycle.LifecycleTests.test_forced_cleanup_holds_lock_until_cli_dies) ... ok
test_invalid_version_accounts_and_ipc_frames_are_finite (test_signal_lifecycle.LifecycleTests.test_invalid_version_accounts_and_ipc_frames_are_finite) ... ok
test_ipc_burst_limit_and_invalid_version (test_signal_lifecycle.LifecycleTests.test_ipc_burst_limit_and_invalid_version) ... ok
test_private_paths_and_lock_symlinks_rejected (test_signal_lifecycle.LifecycleTests.test_private_paths_and_lock_symlinks_rejected) ... ok
test_production_requires_media_policy_and_durable_store_before_subscribe (test_signal_lifecycle.LifecycleTests.test_production_requires_media_policy_and_durable_store_before_subscribe) ... ok
test_reconnect_generation_error_redaction_and_explicit_cancel (test_signal_lifecycle.LifecycleTests.test_reconnect_generation_error_redaction_and_explicit_cancel) ... ok
test_two_starts_stale_lock_inode_and_reload (test_signal_lifecycle.LifecycleTests.test_two_starts_stale_lock_inode_and_reload) ... ok
test_unconfigured_idle_disabled_and_missing_binary (test_signal_lifecycle.LifecycleTests.test_unconfigured_idle_disabled_and_missing_binary) ... ok
test_corrupt_large_truncated_utf8_and_version (test_signal_lifecycle.TransportTests.test_corrupt_large_truncated_utf8_and_version) ... ok
test_limits_and_stop_inflight_never_succeed (test_signal_lifecycle.TransportTests.test_limits_and_stop_inflight_never_succeed) ... ok
test_out_of_order_timeout_late_reply_and_cancellation (test_signal_lifecycle.TransportTests.test_out_of_order_timeout_late_reply_and_cancellation) ... ok
test_partial_utf8_coalesced_frames_and_event_before_reply (test_signal_lifecycle.TransportTests.test_partial_utf8_coalesced_frames_and_event_before_reply) ... ok
test_cancel_preparation_and_foreign_account_leave_no_files (test_signal_media.MediaBridgeTests.test_cancel_preparation_and_foreign_account_leave_no_files) ... ok
test_real_bridge_stages_sends_receives_and_restarts_media (test_signal_media.MediaBridgeTests.test_real_bridge_stages_sends_receives_and_restarts_media) ... ok
test_corrupt_decoder_is_explicit_and_no_thumbnail (test_signal_media.MediaTests.test_corrupt_decoder_is_explicit_and_no_thumbnail) ... ok
test_dimensions_source_change_permissions_and_synthetic_clipboard (test_signal_media.MediaTests.test_dimensions_source_change_permissions_and_synthetic_clipboard) ... ok
test_draft_remove_quota_disk_full_and_startup_orphans (test_signal_media.MediaTests.test_draft_remove_quota_disk_full_and_startup_orphans) ... ok
test_incoming_phone_sync_shared_refs_and_retention_hook (test_signal_media.MediaTests.test_incoming_phone_sync_shared_refs_and_retention_hook) ... ok
test_known_upload_failure_retry_and_thumbnail_regeneration_failure (test_signal_media.MediaTests.test_known_upload_failure_retry_and_thumbnail_regeneration_failure) ... ok
test_multiple_media_draft_send_and_restart_survive_original_removal (test_signal_media.MediaTests.test_multiple_media_draft_send_and_restart_survive_original_removal) ... ok
test_reject_zero_large_mime_executable_and_paths (test_signal_media.MediaTests.test_reject_zero_large_mime_executable_and_paths) ... ok
test_save_explicit_no_overwrite_no_symlink_and_failure_cleanup (test_signal_media.MediaTests.test_save_explicit_no_overwrite_no_symlink_and_failure_cleanup) ... ok
test_sent_sync_before_and_after_send_preserves_local_id_without_conflict_or_cli_leak (test_signal_media.MediaTests.test_sent_sync_before_and_after_send_preserves_local_id_without_conflict_or_cli_leak) ... ok
test_unknown_upload_failure_retry_cancel_and_loss (test_signal_media.MediaTests.test_unknown_upload_failure_retry_cancel_and_loss) ... ok
test_view_once_creates_no_managed_copies (test_signal_media.MediaTests.test_view_once_creates_no_managed_copies) ... ok
test_admin_only_group_and_disabled_account_block_send (test_signal_messages.MessagingTests.test_admin_only_group_and_disabled_account_block_send) ... ok
test_directory_names_unread_and_permissions_are_model_data (test_signal_messages.MessagingTests.test_directory_names_unread_and_permissions_are_model_data) ... ok
test_invalid_and_unknown_recipient_never_create_or_send (test_signal_messages.MessagingTests.test_invalid_and_unknown_recipient_never_create_or_send) ... ok
test_phone_and_username_resolve_to_one_empty_scoped_conversation_without_send (test_signal_messages.MessagingTests.test_phone_and_username_resolve_to_one_empty_scoped_conversation_without_send) ... ok
test_cas_account_scope_and_mute_are_persistent (test_signal_notifications.NotificationTests.test_cas_account_scope_and_mute_are_persistent) ... ok
test_definite_failure_retries_existing_operation_and_keeps_text (test_signal_notifications.NotificationTests.test_definite_failure_retries_existing_operation_and_keeps_text) ... ok
test_migration_v1_preserves_history_and_rolls_back_on_failure (test_signal_notifications.NotificationTests.test_migration_v1_preserves_history_and_rolls_back_on_failure) ... ok
test_new_incoming_only_after_commit_without_duplicate_or_technical_toasts (test_signal_notifications.NotificationTests.test_new_incoming_only_after_commit_without_duplicate_or_technical_toasts) ... ok
test_reply_separate_from_composer_stable_operation_and_success (test_signal_notifications.NotificationTests.test_reply_separate_from_composer_stable_operation_and_success) ... ok
test_unknown_blocks_new_intent_and_retention_cleans_every_reply_copy (test_signal_notifications.NotificationTests.test_unknown_blocks_new_intent_and_retention_cleans_every_reply_copy) ... ok
test_cancel_reaps_attempt_stale_cancel_and_retry (test_signal_pairing.PairingTests.test_cancel_reaps_attempt_stale_cancel_and_retry) ... ok
test_config_validation_preserves_previous_file_and_rejects_symlink (test_signal_pairing.PairingTests.test_config_validation_preserves_previous_file_and_rejects_symlink) ... ok
test_disable_persists_and_history_deletion_is_separate (test_signal_pairing.PairingTests.test_disable_persists_and_history_deletion_is_separate) ... ok
test_lost_finish_reply_reconciles_persisted_account (test_signal_pairing.PairingTests.test_lost_finish_reply_reconciles_persisted_account) ... ok
test_process_restart_during_pairing_requires_fresh_attempt (test_signal_pairing.PairingTests.test_process_restart_during_pairing_requires_fresh_attempt) ... ok
test_qr_roundtrip_independent_decoder_and_missing_library (test_signal_pairing.PairingTests.test_qr_roundtrip_independent_decoder_and_missing_library) ... ok
test_revoked_account_refresh_preserves_history_and_stops_receiver (test_signal_pairing.PairingTests.test_revoked_account_refresh_preserves_history_and_stops_receiver) ... ok
test_success_double_click_directory_and_restart_without_repairing (test_signal_pairing.PairingTests.test_success_double_click_directory_and_restart_without_repairing) ... ok
test_timeout_clears_secret_reconciles_and_does_not_automatically_retry_link (test_signal_pairing.PairingTests.test_timeout_clears_secret_reconciles_and_does_not_automatically_retry_link) ... ok
test_transport_failure_preserves_linked_identity (test_signal_pairing.PairingTests.test_transport_failure_preserves_linked_identity) ... ok
test_read_batch_rpc_both_privacy_modes_restart_and_no_send (test_signal_receipts.ReceiptBridgeTests.test_read_batch_rpc_both_privacy_modes_restart_and_no_send) ... ok
test_read_sync_with_window_absent_and_receipt_before_rpc (test_signal_receipts.ReceiptBridgeTests.test_read_sync_with_window_absent_and_receipt_before_rpc) ... ok
test_group_partial_per_recipient_and_foreign_actor (test_signal_receipts.ReceiptTests.test_group_partial_per_recipient_and_foreign_actor) ... ok
test_group_partial_send_stays_failed_and_phone_group_has_unknown_audience (test_signal_receipts.ReceiptTests.test_group_partial_send_stays_failed_and_phone_group_has_unknown_audience) ... ok
test_inflight_unknown_never_becomes_sent_by_reload_or_duplicate_visible_range (test_signal_receipts.ReceiptTests.test_inflight_unknown_never_becomes_sent_by_reload_or_duplicate_visible_range) ... ok
test_invalid_receipt_flags_and_wrong_submission_result_never_claim_success (test_signal_receipts.ReceiptTests.test_invalid_receipt_flags_and_wrong_submission_result_never_claim_success) ... ok
test_monotonic_delivery_read_viewed_duplicate_and_many_timestamps (test_signal_receipts.ReceiptTests.test_monotonic_delivery_read_viewed_duplicate_and_many_timestamps) ... ok
test_number_only_pending_request_does_not_read_or_mark_aci_copy (test_signal_receipts.ReceiptTests.test_number_only_pending_request_does_not_read_or_mark_aci_copy) ... ok
test_phone_cancels_queued_reads_and_disabled_external_receipts_empty_result_is_valid (test_signal_receipts.ReceiptTests.test_phone_cancels_queued_reads_and_disabled_external_receipts_empty_result_is_valid) ... ok
test_phone_read_before_message_persists_and_suppresses_arrival (test_signal_receipts.ReceiptTests.test_phone_read_before_message_persists_and_suppresses_arrival) ... ok
test_read_sync_is_own_read_not_external_receipt_and_does_not_touch_body (test_signal_receipts.ReceiptTests.test_read_sync_is_own_read_not_external_receipt_and_does_not_touch_body) ... ok
test_receipt_before_message_and_before_send_result_reconciles_exact_key (test_signal_receipts.ReceiptTests.test_receipt_before_message_and_before_send_result_reconciles_exact_key) ... ok
test_receipt_scope_account_direction_recipient_and_missing_aci (test_signal_receipts.ReceiptTests.test_receipt_scope_account_direction_recipient_and_missing_aci) ... ok
test_schema_v2_migrates_pending_reads_receipts_and_outbox_recipients (test_signal_receipts.ReceiptTests.test_schema_v2_migrates_pending_reads_receipts_and_outbox_recipients) ... ok
test_unmatched_metadata_expires_but_matched_receipts_and_markers_persist (test_signal_receipts.ReceiptTests.test_unmatched_metadata_expires_but_matched_receipts_and_markers_persist) ... ok
test_visible_group_reads_batch_by_author_and_bound_rpc_size (test_signal_receipts.ReceiptTests.test_visible_group_reads_batch_by_author_and_bound_rpc_size) ... ok
test_visible_ids_atomic_scoped_idempotent_grouped_queue_survives_restart (test_signal_receipts.ReceiptTests.test_visible_ids_atomic_scoped_idempotent_grouped_queue_survives_restart) ... ok
test_clock_step_cancellation_rechecks_database (test_signal_retention.DeadlineTests.test_clock_step_cancellation_rechecks_database) ... ok
test_real_timerfd_nearest_deadline_and_cancel (test_signal_retention.DeadlineTests.test_real_timerfd_nearest_deadline_and_cancel) ... ok
test_actual_cli_timer_overrides_racing_preflight_and_partial_send_expires (test_signal_retention.RetentionTests.test_actual_cli_timer_overrides_racing_preflight_and_partial_send_expires) ... ok
test_conversation_changes_edits_duplicates_do_not_extend_existing_deadline (test_signal_retention.RetentionTests.test_conversation_changes_edits_duplicates_do_not_extend_existing_deadline) ... ok
test_delete_before_target_closes_reverse_edit_graph_and_replay (test_signal_retention.RetentionTests.test_delete_before_target_closes_reverse_edit_graph_and_replay) ... ok
test_expiring_media_shared_references_and_late_worker_cleanup (test_signal_retention.RetentionTests.test_expiring_media_shared_references_and_late_worker_cleanup) ... ok
test_incoming_timer_starts_on_read_and_earliest_phone_sync_wins (test_signal_retention.RetentionTests.test_incoming_timer_starts_on_read_and_earliest_phone_sync_wins) ... ok
test_inflight_edit_result_and_late_send_sync_cannot_restore_deleted_text (test_signal_retention.RetentionTests.test_inflight_edit_result_and_late_send_sync_cannot_restore_deleted_text) ... ok
test_local_delete_never_enqueues_remote_and_prevents_send_retry (test_signal_retention.RetentionTests.test_local_delete_never_enqueues_remote_and_prevents_send_retry) ... ok
test_outgoing_local_and_note_start_after_send_not_enqueue (test_signal_retention.RetentionTests.test_outgoing_local_and_note_start_after_send_not_enqueue) ... ok
test_quotes_versions_composition_and_mutations_are_scrubbed (test_signal_retention.RetentionTests.test_quotes_versions_composition_and_mutations_are_scrubbed) ... ok
test_read_before_message_and_phone_sent_expire_before_publication (test_signal_retention.RetentionTests.test_read_before_message_and_phone_sent_expire_before_publication) ... ok
test_redaction_stops_the_owned_decoder_before_it_can_publish (test_signal_retention.RetentionTests.test_redaction_stops_the_owned_decoder_before_it_can_publish) ... ok
test_remote_delete_is_durable_validated_and_uses_actual_rpc (test_signal_retention.RetentionTests.test_remote_delete_is_durable_validated_and_uses_actual_rpc) ... ok
test_remote_delete_limit_incoming_denial_partial_and_restart_unknown (test_signal_retention.RetentionTests.test_remote_delete_limit_incoming_denial_partial_and_restart_unknown) ... ok
test_restart_suspend_clock_steps_and_cleanup_failure_recover (test_signal_retention.RetentionTests.test_restart_suspend_clock_steps_and_cleanup_failure_recover) ... ok
test_wrong_author_conversation_and_account_do_not_delete_other_message (test_signal_retention.RetentionTests.test_wrong_author_conversation_and_account_do_not_delete_other_message) ... ok

----------------------------------------------------------------------
Ran 197 tests in 206.285s

OK
