test_actual_queue_routes_edit_and_reaction_methods_and_survives_restart (test_signal_interactions.InteractionBridgeTests.test_actual_queue_routes_edit_and_reaction_methods_and_survives_restart) ... ok
test_edit_chain_reverse_delivery_duplicates_authorship_and_restart (test_signal_interactions.InteractionTests.test_edit_chain_reverse_delivery_duplicates_authorship_and_restart) ... 
  test_edit_chain_reverse_delivery_duplicates_authorship_and_restart (test_signal_interactions.InteractionTests.test_edit_chain_reverse_delivery_duplicates_authorship_and_restart) (group=None) ... ERROR
  test_edit_chain_reverse_delivery_duplicates_authorship_and_restart (test_signal_interactions.InteractionTests.test_edit_chain_reverse_delivery_duplicates_authorship_and_restart) (group='AAAAAAAAAAAAAAAAAAAAAAAAAAAAAAAAAAAAAAAAAAA=') ... ERROR
test_edits_keep_expiry_and_delete_version_clears_all_content (test_signal_interactions.InteractionTests.test_edits_keep_expiry_and_delete_version_clears_all_content) ... ERROR
test_error_known_failure_retry_unknown_no_repeat_and_operation_dedup (test_signal_interactions.InteractionTests.test_error_known_failure_retry_unknown_no_repeat_and_operation_dedup) ... ERROR
test_limits_author_permissions_and_stale_editor (test_signal_interactions.InteractionTests.test_limits_author_permissions_and_stale_editor) ... ERROR
test_pending_edits_expire_and_typing_does_not_create_history (test_signal_interactions.InteractionTests.test_pending_edits_expire_and_typing_does_not_create_history) ... ok
test_phone_edits_reactions_do_not_toast_and_old_receipt_not_latest_read (test_signal_interactions.InteractionTests.test_phone_edits_reactions_do_not_toast_and_old_receipt_not_latest_read) ... ERROR
test_phone_sync_before_result_settles_exact_version_once (test_signal_interactions.InteractionTests.test_phone_sync_before_result_settles_exact_version_once) ... ERROR
test_queue_applies_only_confirmed_result_preserves_draft_and_original_id (test_signal_interactions.InteractionTests.test_queue_applies_only_confirmed_result_preserves_draft_and_original_id) ... ERROR
test_quote_missing_original_resolves_without_fabricating_history (test_signal_interactions.InteractionTests.test_quote_missing_original_resolves_without_fabricating_history) ... ERROR
test_reactions_actor_key_change_remove_zwj_before_target_and_alias (test_signal_interactions.InteractionTests.test_reactions_actor_key_change_remove_zwj_before_target_and_alias) ... ERROR
test_utf16_emoji_mentions_and_whitelisted_styles (test_signal_interactions.InteractionTests.test_utf16_emoji_mentions_and_whitelisted_styles) ... ok

======================================================================
ERROR: test_edit_chain_reverse_delivery_duplicates_authorship_and_restart (test_signal_interactions.InteractionTests.test_edit_chain_reverse_delivery_duplicates_authorship_and_restart) (group=None)
----------------------------------------------------------------------
Traceback (most recent call last):
  File "/home/attntd/projects/signal/tests/test_signal_interactions.py", line 84, in test_edit_chain_reverse_delivery_duplicates_authorship_and_restart
    base = self.base(group=group)
TypeError: 'PosixPath' object is not callable

======================================================================
ERROR: test_edit_chain_reverse_delivery_duplicates_authorship_and_restart (test_signal_interactions.InteractionTests.test_edit_chain_reverse_delivery_duplicates_authorship_and_restart) (group='AAAAAAAAAAAAAAAAAAAAAAAAAAAAAAAAAAAAAAAAAAA=')
----------------------------------------------------------------------
Traceback (most recent call last):
  File "/home/attntd/projects/signal/tests/test_signal_interactions.py", line 84, in test_edit_chain_reverse_delivery_duplicates_authorship_and_restart
    base = self.base(group=group)
TypeError: 'PosixPath' object is not callable

======================================================================
ERROR: test_edits_keep_expiry_and_delete_version_clears_all_content (test_signal_interactions.InteractionTests.test_edits_keep_expiry_and_delete_version_clears_all_content)
----------------------------------------------------------------------
Traceback (most recent call last):
  File "/home/attntd/projects/signal/tests/test_signal_interactions.py", line 228, in test_edits_keep_expiry_and_delete_version_clears_all_content
    message = self.base()
TypeError: 'PosixPath' object is not callable

======================================================================
ERROR: test_error_known_failure_retry_unknown_no_repeat_and_operation_dedup (test_signal_interactions.InteractionTests.test_error_known_failure_retry_unknown_no_repeat_and_operation_dedup)
----------------------------------------------------------------------
Traceback (most recent call last):
  File "/home/attntd/projects/signal/tests/test_signal_interactions.py", line 150, in test_error_known_failure_retry_unknown_no_repeat_and_operation_dedup
    message = self.base(phone=True)
TypeError: 'PosixPath' object is not callable

======================================================================
ERROR: test_limits_author_permissions_and_stale_editor (test_signal_interactions.InteractionTests.test_limits_author_permissions_and_stale_editor)
----------------------------------------------------------------------
Traceback (most recent call last):
  File "/home/attntd/projects/signal/tests/test_signal_interactions.py", line 180, in test_limits_author_permissions_and_stale_editor
    incoming = self.base()
TypeError: 'PosixPath' object is not callable

======================================================================
ERROR: test_phone_edits_reactions_do_not_toast_and_old_receipt_not_latest_read (test_signal_interactions.InteractionTests.test_phone_edits_reactions_do_not_toast_and_old_receipt_not_latest_read)
----------------------------------------------------------------------
Traceback (most recent call last):
  File "/home/attntd/projects/signal/tests/test_signal_interactions.py", line 116, in test_phone_edits_reactions_do_not_toast_and_old_receipt_not_latest_read
    message = self.base(phone=True)
TypeError: 'PosixPath' object is not callable

======================================================================
ERROR: test_phone_sync_before_result_settles_exact_version_once (test_signal_interactions.InteractionTests.test_phone_sync_before_result_settles_exact_version_once)
----------------------------------------------------------------------
Traceback (most recent call last):
  File "/home/attntd/projects/signal/tests/test_signal_interactions.py", line 170, in test_phone_sync_before_result_settles_exact_version_once
    message = self.base(phone=True)
TypeError: 'PosixPath' object is not callable

======================================================================
ERROR: test_queue_applies_only_confirmed_result_preserves_draft_and_original_id (test_signal_interactions.InteractionTests.test_queue_applies_only_confirmed_result_preserves_draft_and_original_id)
----------------------------------------------------------------------
Traceback (most recent call last):
  File "/home/attntd/projects/signal/tests/test_signal_interactions.py", line 134, in test_queue_applies_only_confirmed_result_preserves_draft_and_original_id
    message = self.base(phone=True)
TypeError: 'PosixPath' object is not callable

======================================================================
ERROR: test_quote_missing_original_resolves_without_fabricating_history (test_signal_interactions.InteractionTests.test_quote_missing_original_resolves_without_fabricating_history)
----------------------------------------------------------------------
Traceback (most recent call last):
  File "/home/attntd/projects/signal/tests/test_signal_interactions.py", line 202, in test_quote_missing_original_resolves_without_fabricating_history
    self.base()
    ~~~~~~~~~^^
TypeError: 'PosixPath' object is not callable

======================================================================
ERROR: test_reactions_actor_key_change_remove_zwj_before_target_and_alias (test_signal_interactions.InteractionTests.test_reactions_actor_key_change_remove_zwj_before_target_and_alias)
----------------------------------------------------------------------
Traceback (most recent call last):
  File "/home/attntd/projects/signal/tests/test_signal_interactions.py", line 102, in test_reactions_actor_key_change_remove_zwj_before_target_and_alias
    message = self.base()
TypeError: 'PosixPath' object is not callable

----------------------------------------------------------------------
Ran 12 tests in 0.953s

FAILED (errors=10)
