test_actual_queue_routes_edit_and_reaction_methods_and_survives_restart (test_signal_interactions.InteractionBridgeTests.test_actual_queue_routes_edit_and_reaction_methods_and_survives_restart) ... ok
test_edit_chain_reverse_delivery_duplicates_authorship_and_restart (test_signal_interactions.InteractionTests.test_edit_chain_reverse_delivery_duplicates_authorship_and_restart) ... ok
test_edits_keep_expiry_and_delete_version_clears_all_content (test_signal_interactions.InteractionTests.test_edits_keep_expiry_and_delete_version_clears_all_content) ... ok
test_emoji_sequences_are_preserved_and_multi_cluster_input_is_rejected (test_signal_interactions.InteractionTests.test_emoji_sequences_are_preserved_and_multi_cluster_input_is_rejected) ... ok
test_error_known_failure_retry_unknown_no_repeat_and_operation_dedup (test_signal_interactions.InteractionTests.test_error_known_failure_retry_unknown_no_repeat_and_operation_dedup) ... ok
test_group_edit_versions_have_their_own_audience_and_partial_failure_is_unknown (test_signal_interactions.InteractionTests.test_group_edit_versions_have_their_own_audience_and_partial_failure_is_unknown) ... ok
test_limits_author_permissions_and_stale_editor (test_signal_interactions.InteractionTests.test_limits_author_permissions_and_stale_editor) ... ok
test_media_caption_edit_keeps_files (test_signal_interactions.InteractionTests.test_media_caption_edit_keeps_files) ... ok
test_note_to_self_edits_after_24_hours_and_cancel_does_not_change_message (test_signal_interactions.InteractionTests.test_note_to_self_edits_after_24_hours_and_cancel_does_not_change_message) ... ok
test_pending_edits_expire_and_typing_does_not_create_history (test_signal_interactions.InteractionTests.test_pending_edits_expire_and_typing_does_not_create_history) ... ok
test_phone_edits_reactions_do_not_toast_and_old_receipt_not_latest_read (test_signal_interactions.InteractionTests.test_phone_edits_reactions_do_not_toast_and_old_receipt_not_latest_read) ... ok
test_phone_sync_before_result_settles_exact_version_once (test_signal_interactions.InteractionTests.test_phone_sync_before_result_settles_exact_version_once) ... ok
test_queue_applies_only_confirmed_result_preserves_draft_and_original_id (test_signal_interactions.InteractionTests.test_queue_applies_only_confirmed_result_preserves_draft_and_original_id) ... ok
test_quote_mentions_draft_composition_persists_and_send_clears_it (test_signal_interactions.InteractionTests.test_quote_mentions_draft_composition_persists_and_send_clears_it) ... ok
test_quote_missing_original_resolves_without_fabricating_history (test_signal_interactions.InteractionTests.test_quote_missing_original_resolves_without_fabricating_history) ... ok
test_reactions_actor_key_change_remove_zwj_before_target_and_alias (test_signal_interactions.InteractionTests.test_reactions_actor_key_change_remove_zwj_before_target_and_alias) ... ok
test_utf16_emoji_mentions_and_whitelisted_styles (test_signal_interactions.InteractionTests.test_utf16_emoji_mentions_and_whitelisted_styles) ... ok
test_incoming_timeout_duplicates_stop_order_no_history_and_disconnect (test_signal_interactions.TypingTests.test_incoming_timeout_duplicates_stop_order_no_history_and_disconnect) ... ok
test_rate_limit_expiry_stop_and_disabled_preference (test_signal_interactions.TypingTests.test_rate_limit_expiry_stop_and_disabled_preference) ... ok

----------------------------------------------------------------------
Ran 19 tests in 1.677s

OK
