[bus]
dbus-daemon[289584]: [session uid=1000 pid=289584 pidfd=4] Connection :1.2 (uid=1000 pid=289595 comm="/usr/bin/python3 -B /home/attntd/projects/putkin/s") became a monitor.
dbus-daemon[289584]: [session uid=1000 pid=289584 pidfd=4] Monitoring connection :1.2 closed.
dbus-daemon[289584]: [session uid=1000 pid=289584 pidfd=4] Connection :1.10 (uid=1000 pid=289929 comm="/usr/bin/python3 -B /home/attntd/projects/putkin/s") became a monitor.
dbus-daemon[289584]: [session uid=1000 pid=289584 pidfd=4] Monitoring connection :1.10 closed.
dbus-daemon[289584]: [session uid=1000 pid=289584 pidfd=4] Connection :1.15 (uid=1000 pid=289947 comm="/usr/bin/python3 -B /home/attntd/projects/putkin/s") became a monitor.
dbus-daemon[289584]: [session uid=1000 pid=289584 pidfd=4] Monitoring connection :1.15 closed.
dbus-daemon[289584]: [session uid=1000 pid=289584 pidfd=4] Connection :1.21 (uid=1000 pid=289976 comm="/usr/bin/python3 -B /home/attntd/projects/putkin/s") became a monitor.
dbus-daemon[289584]: [session uid=1000 pid=289584 pidfd=4] Monitoring connection :1.21 closed.

[native]
  INFO: Launching config: "/home/attntd/projects/putkin/notifications-test.qml"
  INFO: Shell ID: "baaa508919dd09c1fdb0fe45f5dbe4c8" Path ID "baaa508919dd09c1fdb0fe45f5dbe4c8"
  INFO: Saving logs to "/tmp/pk-ll4gzkyh/runtime/quickshell/by-id/1g76ya3hlt/log.qslog"
  INFO: Configuration Loaded
  WARN: This plugin does not support setting window masks
  INFO qml: PUTKIN_PREVIEW_READY
  INFO: Reloading configuration...
  WARN: This plugin does not support setting window masks
  INFO: Configuration Loaded
  INFO qml: PUTKIN_PREVIEW_READY
  INFO: Reloading configuration...
  INFO: Configuration Loaded
  WARN: This plugin does not support setting window masks
  INFO qml: PUTKIN_PREVIEW_READY

[conflict]
  INFO: Launching config: "/home/attntd/projects/putkin/notifications-test.qml"
  INFO: Shell ID: "baaa508919dd09c1fdb0fe45f5dbe4c8" Path ID "baaa508919dd09c1fdb0fe45f5dbe4c8"
  INFO: Saving logs to "/tmp/pk-ll4gzkyh/runtime/quickshell/by-id/bq76eb3hlt/log.qslog"
  INFO: Configuration Loaded
  WARN: This plugin does not support setting window masks
  INFO qml: PUTKIN_PREVIEW_READY

[recovery]
  INFO: Launching config: "/home/attntd/projects/putkin/notifications-test.qml"
  INFO: Shell ID: "baaa508919dd09c1fdb0fe45f5dbe4c8" Path ID "baaa508919dd09c1fdb0fe45f5dbe4c8"
  INFO: Saving logs to "/tmp/pk-ll4gzkyh/runtime/quickshell/by-id/nq76fb3hlt/log.qslog"
  INFO: Configuration Loaded
  WARN: This plugin does not support setting window masks
  INFO qml: PUTKIN_PREVIEW_READY

[missing-helper]
  INFO: Launching config: "/home/attntd/projects/putkin/notifications-test.qml"
  INFO: Shell ID: "baaa508919dd09c1fdb0fe45f5dbe4c8" Path ID "baaa508919dd09c1fdb0fe45f5dbe4c8"
  INFO: Saving logs to "/tmp/pk-ll4gzkyh/runtime/quickshell/by-id/ar76gb3hlt/log.qslog"
  INFO: Configuration Loaded
  WARN: This plugin does not support setting window masks
  WARN: Process failed to start, likely because the binary could not be found. Command: QList("python3", "-B", "/home/attntd/projects/putkin/services/notification-watch.py")
  INFO qml: PUTKIN_PREVIEW_READY
