  INFO: Launching config: "/home/attntd/projects/putkin/settings-test.qml"
  INFO: Shell ID: "6c48c53a5cef521a61ea745fd3fd3959" Path ID "6c48c53a5cef521a61ea745fd3fd3959"
  INFO: Saving logs to "/tmp/pk-settings-ne61_lcm/runtime/quickshell/by-id/xp46z73hlt/log.qslog"
  INFO: Configuration Loaded
  WARN: This plugin does not support setting window masks
  INFO qml: PUTKIN_PREVIEW_READY
  INFO: Launching config: "/home/attntd/projects/putkin/settings-test.qml"
  INFO: Shell ID: "6c48c53a5cef521a61ea745fd3fd3959" Path ID "6c48c53a5cef521a61ea745fd3fd3959"
  INFO: Saving logs to "/tmp/pk-settings-ne61_lcm/runtime/quickshell/by-id/or46083hlt/log.qslog"
  INFO: Configuration Loaded
  WARN: This plugin does not support setting window masks
  INFO qml: PUTKIN_PREVIEW_READY
  INFO: Launching config: "/home/attntd/projects/putkin/settings-test.qml"
  INFO: Shell ID: "6c48c53a5cef521a61ea745fd3fd3959" Path ID "6c48c53a5cef521a61ea745fd3fd3959"
  INFO: Saving logs to "/tmp/pk-settings-ne61_lcm/runtime/quickshell/by-id/v056883hlt/log.qslog"
  INFO: Configuration Loaded
  WARN: This plugin does not support setting window masks
  INFO qml: PUTKIN_PREVIEW_READY
  WARN : inotify_add_watch(/tmp/pk-settings-ne61_lcm/config/putkin/settings.json) failed: (Permission denied)
  WARN : inotify_add_watch(/tmp/pk-settings-ne61_lcm/config/putkin/settings.json) failed: (Permission denied)
  WARN : inotify_add_watch(/tmp/pk-settings-ne61_lcm/config/putkin/settings.json) failed: (Permission denied)
  INFO: Launching config: "/home/attntd/projects/putkin/settings-test.qml"
  INFO: Shell ID: "6c48c53a5cef521a61ea745fd3fd3959" Path ID "6c48c53a5cef521a61ea745fd3fd3959"
  INFO: Saving logs to "/tmp/pk-settings-ne61_lcm/runtime/quickshell/by-id/l256a83hlt/log.qslog"
  INFO: Configuration Loaded
  WARN: This plugin does not support setting window masks
  INFO qml: PUTKIN_PREVIEW_READY
  INFO: Reloading configuration...
  WARN: This plugin does not support setting window masks
  INFO: Configuration Loaded
  INFO qml: PUTKIN_PREVIEW_READY
  INFO: Reloading configuration...
  INFO: Configuration Loaded
  WARN: This plugin does not support setting window masks
  INFO qml: PUTKIN_PREVIEW_READY
  INFO: Launching config: "/home/attntd/projects/putkin/settings-test.qml"
  INFO: Shell ID: "6c48c53a5cef521a61ea745fd3fd3959" Path ID "6c48c53a5cef521a61ea745fd3fd3959"
  INFO: Saving logs to "/tmp/pk-settings-ne61_lcm/runtime/quickshell/by-id/e456d83hlt/log.qslog"
  INFO: Configuration Loaded
  WARN: This plugin does not support setting window masks
  INFO qml: PUTKIN_PREVIEW_READY
