test_cli_restore_refuses_downgrade_before_switching_pointer (test_signal_release.InstallCompatibilityTests.test_cli_restore_refuses_downgrade_before_switching_pointer) ... ok
test_failed_start_after_migration_does_not_restart_incompatible_fallback (test_signal_release.InstallCompatibilityTests.test_failed_start_after_migration_does_not_restart_incompatible_fallback) ... ok
test_downgrades_are_refused_without_touching_data (test_signal_release.ReleaseTests.test_downgrades_are_refused_without_touching_data) ... ok
test_expiration_after_code_rollback_runs_before_history_publication (test_signal_release.ReleaseTests.test_expiration_after_code_rollback_runs_before_history_publication) ... ok
test_installed_default_cli_name_resolves_to_bundle_without_path_lookup (test_signal_release.ReleaseTests.test_installed_default_cli_name_resolves_to_bundle_without_path_lookup) ... ok
test_installer_refuses_live_receiver_and_legacy_unversioned_signal (test_signal_release.ReleaseTests.test_installer_refuses_live_receiver_and_legacy_unversioned_signal) ... ok
test_release_schema_matches_reader (test_signal_release.ReleaseTests.test_release_schema_matches_reader) ... ok
test_runtime_full_tree_and_executable_bits_are_pinned (test_signal_release.ReleaseTests.test_runtime_full_tree_and_executable_bits_are_pinned) ... ok
test_runtime_resolution_does_not_inherit_jvm_injection_or_modify_preferences (test_signal_release.ReleaseTests.test_runtime_resolution_does_not_inherit_jvm_injection_or_modify_preferences) ... ok
test_symlink_and_corrupt_history_fail_closed (test_signal_release.ReleaseTests.test_symlink_and_corrupt_history_fail_closed) ... ok
test_upgrade_v1_and_code_rollback_preserve_keys_drafts_and_deleted_content (test_signal_release.ReleaseTests.test_upgrade_v1_and_code_rollback_preserve_keys_drafts_and_deleted_content) ... ok
test_wal_schema_is_checked_and_dry_run_does_not_modify_database (test_signal_release.ReleaseTests.test_wal_schema_is_checked_and_dry_run_does_not_modify_database) ... ok
test_cancel_reaps_attempt_stale_cancel_and_retry (test_signal_pairing.PairingTests.test_cancel_reaps_attempt_stale_cancel_and_retry) ... ok
test_config_validation_preserves_previous_file_and_rejects_symlink (test_signal_pairing.PairingTests.test_config_validation_preserves_previous_file_and_rejects_symlink) ... ok
test_disable_persists_and_history_deletion_is_separate (test_signal_pairing.PairingTests.test_disable_persists_and_history_deletion_is_separate) ... ok
test_lost_finish_reply_reconciles_persisted_account (test_signal_pairing.PairingTests.test_lost_finish_reply_reconciles_persisted_account) ... ok
test_process_restart_during_pairing_requires_fresh_attempt (test_signal_pairing.PairingTests.test_process_restart_during_pairing_requires_fresh_attempt) ... ok
test_qr_roundtrip_independent_decoder_and_missing_library (test_signal_pairing.PairingTests.test_qr_roundtrip_independent_decoder_and_missing_library) ... ok
test_revoked_account_refresh_preserves_history_and_stops_receiver (test_signal_pairing.PairingTests.test_revoked_account_refresh_preserves_history_and_stops_receiver) ... ok
test_success_double_click_directory_and_restart_without_repairing (test_signal_pairing.PairingTests.test_success_double_click_directory_and_restart_without_repairing) ... ok
test_timeout_clears_secret_reconciles_and_does_not_automatically_retry_link (test_signal_pairing.PairingTests.test_timeout_clears_secret_reconciles_and_does_not_automatically_retry_link) ... ok
test_transport_failure_preserves_linked_identity (test_signal_pairing.PairingTests.test_transport_failure_preserves_linked_identity) ... ok
test_audio_failure_ends_call_without_disabling_messages (test_signal_calls.CallsTests.test_audio_failure_ends_call_without_disabling_messages) ... ok
test_consecutive_incoming_calls_keep_independent_audio (test_signal_calls.CallsTests.test_consecutive_incoming_calls_keep_independent_audio) ... ok
test_groups_notes_wrong_account_and_stale_ids_do_not_reach_cli (test_signal_calls.CallsTests.test_groups_notes_wrong_account_and_stale_ids_do_not_reach_cli) ... ok
test_incoming_before_subscription_reply_does_not_open_microphone_until_accepted (test_signal_calls.CallsTests.test_incoming_before_subscription_reply_does_not_open_microphone_until_accepted) ... ok
test_late_hangup_response_does_not_end_next_incoming_call (test_signal_calls.CallsTests.test_late_hangup_response_does_not_end_next_incoming_call) ... ok
test_mute_failure_stops_audio_and_call (test_signal_calls.CallsTests.test_mute_failure_stops_audio_and_call) ... ok
test_outgoing_large_signed_id_mute_hangup_and_one_subscription (test_signal_calls.CallsTests.test_outgoing_large_signed_id_mute_hangup_and_one_subscription) ... ok
test_reject_never_opens_audio_and_late_connected_cannot_revive_call (test_signal_calls.CallsTests.test_reject_never_opens_audio_and_late_connected_cannot_revive_call) ... ok
test_remote_end_and_cli_restart_never_replay_outgoing_call (test_signal_calls.CallsTests.test_remote_end_and_cli_restart_never_replay_outgoing_call) ... ok
test_rpc_error_does_not_retry_start (test_signal_calls.CallsTests.test_rpc_error_does_not_retry_start) ... ok
test_typing_preference_preserves_receiver_call_and_stops_ephemeral_typing (test_signal_calls.CallsTests.test_typing_preference_preserves_receiver_call_and_stops_ephemeral_typing) ... ok
test_actual_queue_routes_edit_and_reaction_methods_and_survives_restart (test_signal_interactions.InteractionBridgeTests.test_actual_queue_routes_edit_and_reaction_methods_and_survives_restart) ... ok
test_edit_chain_reverse_delivery_duplicates_authorship_and_restart (test_signal_interactions.InteractionTests.test_edit_chain_reverse_delivery_duplicates_authorship_and_restart) ... ok
test_edits_keep_expiry_and_delete_version_clears_all_content (test_signal_interactions.InteractionTests.test_edits_keep_expiry_and_delete_version_clears_all_content) ... ok
test_emoji_sequences_are_preserved_and_multi_cluster_input_is_rejected (test_signal_interactions.InteractionTests.test_emoji_sequences_are_preserved_and_multi_cluster_input_is_rejected) ... ok
test_error_known_failure_retry_unknown_no_repeat_and_operation_dedup (test_signal_interactions.InteractionTests.test_error_known_failure_retry_unknown_no_repeat_and_operation_dedup) ... ok
test_group_edit_versions_have_their_own_audience_and_partial_failure_is_unknown (test_signal_interactions.InteractionTests.test_group_edit_versions_have_their_own_audience_and_partial_failure_is_unknown) ... ok
test_limits_author_permissions_and_stale_editor (test_signal_interactions.InteractionTests.test_limits_author_permissions_and_stale_editor) ... ok
test_media_caption_edit_keeps_files (test_signal_interactions.InteractionTests.test_media_caption_edit_keeps_files) ... ok
test_note_to_self_edits_after_24_hours_and_cancel_does_not_change_message (test_signal_interactions.InteractionTests.test_note_to_self_edits_after_24_hours_and_cancel_does_not_change_message) ... ok
test_pending_edits_expire_and_typing_does_not_create_history (test_signal_interactions.InteractionTests.test_pending_edits_expire_and_typing_does_not_create_history) ... ok
test_phone_edits_reactions_do_not_toast_and_old_receipt_not_latest_read (test_signal_interactions.InteractionTests.test_phone_edits_reactions_do_not_toast_and_old_receipt_not_latest_read) ... ok
test_phone_sync_before_result_settles_exact_version_once (test_signal_interactions.InteractionTests.test_phone_sync_before_result_settles_exact_version_once) ... ok
test_pinned_cli_typing_actions_are_valid_without_persistent_messages (test_signal_interactions.InteractionTests.test_pinned_cli_typing_actions_are_valid_without_persistent_messages) ... ok
test_queue_applies_only_confirmed_result_preserves_draft_and_original_id (test_signal_interactions.InteractionTests.test_queue_applies_only_confirmed_result_preserves_draft_and_original_id) ... ok
test_quote_mentions_draft_composition_persists_and_send_clears_it (test_signal_interactions.InteractionTests.test_quote_mentions_draft_composition_persists_and_send_clears_it) ... ok
test_quote_missing_original_resolves_without_fabricating_history (test_signal_interactions.InteractionTests.test_quote_missing_original_resolves_without_fabricating_history) ... ok
test_reactions_actor_key_change_remove_zwj_before_target_and_alias (test_signal_interactions.InteractionTests.test_reactions_actor_key_change_remove_zwj_before_target_and_alias) ... ok
test_utf16_emoji_mentions_and_whitelisted_styles (test_signal_interactions.InteractionTests.test_utf16_emoji_mentions_and_whitelisted_styles) ... ok
test_incoming_timeout_duplicates_stop_order_no_history_and_disconnect (test_signal_interactions.TypingTests.test_incoming_timeout_duplicates_stop_order_no_history_and_disconnect) ... ok
test_rate_limit_expiry_stop_and_disabled_preference (test_signal_interactions.TypingTests.test_rate_limit_expiry_stop_and_disabled_preference) ... ok

----------------------------------------------------------------------
Ran 53 tests in 27.429s

OK
