[bus]

[fake]
PUTKIN_STATUS_FAKE_READY

[native]
  INFO: Launching config: "/home/attntd/projects/putkin/status-test.qml"
  INFO: Shell ID: "e834319fb85aa1c49b30a60554f30c4e" Path ID "e834319fb85aa1c49b30a60554f30c4e"
  INFO: Saving logs to "/tmp/pk-evd_jzd5/runtime/quickshell/by-id/qxk3iopglt/log.qslog"
  INFO: Configuration Loaded
  WARN: This plugin does not support setting window masks
  INFO qml: PUTKIN_PREVIEW_READY
  WARN quickshell.service.sni.item: Unable to create pixmap for tray icon qs::service::sni::StatusNotifierItem(0x7fe0cfa33f00)
  INFO: Reloading configuration...
  WARN: This plugin does not support setting window masks
  INFO: Configuration Loaded
  INFO qml: PUTKIN_PREVIEW_READY
  INFO: Reloading configuration...
  INFO: Configuration Loaded
  WARN: This plugin does not support setting window masks

[absent-start]
  INFO: Launching config: "/home/attntd/projects/putkin/status-test.qml"
  INFO: Shell ID: "e834319fb85aa1c49b30a60554f30c4e" Path ID "e834319fb85aa1c49b30a60554f30c4e"
  INFO: Saving logs to "/tmp/pk-evd_jzd5/runtime/quickshell/by-id/aal3uopglt/log.qslog"
  INFO: Configuration Loaded
  WARN quickshell.dbus: Could not launch service org.freedesktop.UPower: QDBusError(org.freedesktop.DBus.Error.ServiceUnknown, The name org.freedesktop.UPower was not provided by any .service files)
  WARN quickshell.service.upower: Could not start UPower. The UPower service will not work.
  WARN: This plugin does not support setting window masks
  INFO qml: PUTKIN_PREVIEW_READY

[idle]
  INFO: Launching config: "/home/attntd/projects/putkin/status-test.qml"
  INFO: Shell ID: "e834319fb85aa1c49b30a60554f30c4e" Path ID "e834319fb85aa1c49b30a60554f30c4e"
  INFO: Saving logs to "/tmp/pk-evd_jzd5/runtime/quickshell/by-id/sal3vopglt/log.qslog"
  INFO: Configuration Loaded
  WARN: This plugin does not support setting window masks
  INFO qml: PUTKIN_PREVIEW_READY
