[bus]
dbus-daemon[203867]: [session uid=1000 pid=203867 pidfd=4] Connection :1.2 (uid=1000 pid=203887 comm="/usr/bin/python3 -B /home/attntd/projects/putkin/s") became a monitor.
dbus-daemon[203867]: [session uid=1000 pid=203867 pidfd=4] Monitoring connection :1.2 closed.
dbus-daemon[203867]: [session uid=1000 pid=203867 pidfd=4] Connection :1.10 (uid=1000 pid=204165 comm="/usr/bin/python3 -B /home/attntd/projects/putkin/s") became a monitor.
dbus-daemon[203867]: [session uid=1000 pid=203867 pidfd=4] Monitoring connection :1.10 closed.
dbus-daemon[203867]: [session uid=1000 pid=203867 pidfd=4] Connection :1.15 (uid=1000 pid=204183 comm="/usr/bin/python3 -B /home/attntd/projects/putkin/s") became a monitor.
dbus-daemon[203867]: [session uid=1000 pid=203867 pidfd=4] Monitoring connection :1.15 closed.
dbus-daemon[203867]: [session uid=1000 pid=203867 pidfd=4] Connection :1.21 (uid=1000 pid=204212 comm="/usr/bin/python3 -B /home/attntd/projects/putkin/s") became a monitor.
dbus-daemon[203867]: [session uid=1000 pid=203867 pidfd=4] Monitoring connection :1.21 closed.
dbus-daemon[203867]: [session uid=1000 pid=203867 pidfd=4] Connection :1.27 (uid=1000 pid=204245 comm="/usr/bin/python3 -B /home/attntd/projects/putkin/s") became a monitor.
dbus-daemon[203867]: [session uid=1000 pid=203867 pidfd=4] Monitoring connection :1.27 closed.

[native]
  INFO: Launching config: "/home/attntd/projects/putkin/notifications-test.qml"
  INFO: Shell ID: "baaa508919dd09c1fdb0fe45f5dbe4c8" Path ID "baaa508919dd09c1fdb0fe45f5dbe4c8"
  INFO: Saving logs to "/tmp/pk-tm0cqcku/runtime/quickshell/by-id/0bd4k6vglt/log.qslog"
  INFO: Configuration Loaded
  WARN: This plugin does not support setting window masks
  INFO qml: PUTKIN_PREVIEW_READY
  INFO: Reloading configuration...
  WARN: This plugin does not support setting window masks
  INFO: Configuration Loaded
  INFO qml: PUTKIN_PREVIEW_READY
  INFO: Reloading configuration...
  INFO: Configuration Loaded
  WARN: This plugin does not support setting window masks
  INFO qml: PUTKIN_PREVIEW_READY

[conflict]
  INFO: Launching config: "/home/attntd/projects/putkin/notifications-test.qml"
  INFO: Shell ID: "baaa508919dd09c1fdb0fe45f5dbe4c8" Path ID "baaa508919dd09c1fdb0fe45f5dbe4c8"
  INFO: Saving logs to "/tmp/pk-tm0cqcku/runtime/quickshell/by-id/zjd407vglt/log.qslog"
  INFO: Configuration Loaded
  WARN: This plugin does not support setting window masks
  INFO qml: PUTKIN_PREVIEW_READY

[recovery]
  INFO: Launching config: "/home/attntd/projects/putkin/notifications-test.qml"
  INFO: Shell ID: "baaa508919dd09c1fdb0fe45f5dbe4c8" Path ID "baaa508919dd09c1fdb0fe45f5dbe4c8"
  INFO: Saving logs to "/tmp/pk-tm0cqcku/runtime/quickshell/by-id/bkd417vglt/log.qslog"
  INFO: Configuration Loaded
  WARN: This plugin does not support setting window masks
  INFO qml: PUTKIN_PREVIEW_READY

[missing-helper]
  INFO: Launching config: "/home/attntd/projects/putkin/notifications-test.qml"
  INFO: Shell ID: "baaa508919dd09c1fdb0fe45f5dbe4c8" Path ID "baaa508919dd09c1fdb0fe45f5dbe4c8"
  INFO: Saving logs to "/tmp/pk-tm0cqcku/runtime/quickshell/by-id/ykd427vglt/log.qslog"
  INFO: Configuration Loaded
  WARN: This plugin does not support setting window masks
  WARN: Process failed to start, likely because the binary could not be found. Command: QList("python3", "-B", "/home/attntd/projects/putkin/services/notification-watch.py")
  INFO qml: PUTKIN_PREVIEW_READY

[idle]
  INFO: Launching config: "/home/attntd/projects/putkin/notifications-test.qml"
  INFO: Shell ID: "baaa508919dd09c1fdb0fe45f5dbe4c8" Path ID "baaa508919dd09c1fdb0fe45f5dbe4c8"
  INFO: Saving logs to "/tmp/pk-tm0cqcku/runtime/quickshell/by-id/ald427vglt/log.qslog"
  INFO: Configuration Loaded
  WARN: This plugin does not support setting window masks
  INFO qml: PUTKIN_PREVIEW_READY
