Wyciąg z docs/evidence/09-tests.log: 19 wyników Notifications (17 testów + init/cleanup).

PASS   : qmltestrunner::Notifications::initTestCase()
PASS   : qmltestrunner::Notifications::test_arrival_mouse_close_and_action_preserve_focus()
PASS   : qmltestrunner::Notifications::test_backend_loss_and_disabled_dnd()
PASS   : qmltestrunner::Notifications::test_dnd_discards_without_replay_and_critical_does_not_expire()
PASS   : qmltestrunner::Notifications::test_flood_bounds_fifo_and_critical_priority()
PASS   : qmltestrunner::Notifications::test_identical_replacement_restarts_deadline_and_retains_card()
PASS   : qmltestrunner::Notifications::test_keyboard_hjkl_enter_escape_and_tooltip()
PASS   : qmltestrunner::Notifications::test_keyboard_pause_and_focus_repair()
PASS   : qmltestrunner::Notifications::test_missing_data_plain_text_and_limits()
PASS   : qmltestrunner::Notifications::test_monitor_routing_hotplug_and_geometry()
PASS   : qmltestrunner::Notifications::test_quick_settings_dnd_and_intentional_handoff()
PASS   : qmltestrunner::Notifications::test_replaced_actions_and_client_close()
PASS   : qmltestrunner::Notifications::test_resident_transient_and_nonresident_actions()
PASS   : qmltestrunner::Notifications::test_screen_resize_rebalances_without_duplicate_views()
PASS   : qmltestrunner::Notifications::test_small_screen_bounds_images_scroll_and_queue()
PASS   : qmltestrunner::Notifications::test_small_screen_critical_queue_rejects_normal_before_tracking()
PASS   : qmltestrunner::Notifications::test_timeout_default_zero_and_queue_deadline()
PASS   : qmltestrunner::Notifications::test_twenty_lifecycles()
PASS   : qmltestrunner::Notifications::cleanupTestCase()
