  INFO: Launching config: "/home/attntd/projects/putkin/settings-test.qml"
  INFO: Shell ID: "6c48c53a5cef521a61ea745fd3fd3959" Path ID "6c48c53a5cef521a61ea745fd3fd3959"
  INFO: Saving logs to "/tmp/pk-settings-_hr0v0q1/runtime/quickshell/by-id/5ve5c10hlt/log.qslog"
  INFO: Configuration Loaded
  WARN: This plugin does not support setting window masks
  INFO qml: PUTKIN_PREVIEW_READY
  INFO: Launching config: "/home/attntd/projects/putkin/settings-test.qml"
  INFO: Shell ID: "6c48c53a5cef521a61ea745fd3fd3959" Path ID "6c48c53a5cef521a61ea745fd3fd3959"
  INFO: Saving logs to "/tmp/pk-settings-_hr0v0q1/runtime/quickshell/by-id/swe5e10hlt/log.qslog"
  INFO: Configuration Loaded
  WARN: This plugin does not support setting window masks
  INFO qml: PUTKIN_PREVIEW_READY
  INFO: Launching config: "/home/attntd/projects/putkin/settings-test.qml"
  INFO: Shell ID: "6c48c53a5cef521a61ea745fd3fd3959" Path ID "6c48c53a5cef521a61ea745fd3fd3959"
  INFO: Saving logs to "/tmp/pk-settings-_hr0v0q1/runtime/quickshell/by-id/t6f5l10hlt/log.qslog"
  INFO: Configuration Loaded
  WARN: This plugin does not support setting window masks
  INFO qml: PUTKIN_PREVIEW_READY
  WARN : inotify_add_watch(/tmp/pk-settings-_hr0v0q1/config/putkin/settings.json) failed: (Permission denied)
  WARN : inotify_add_watch(/tmp/pk-settings-_hr0v0q1/config/putkin/settings.json) failed: (Permission denied)
  WARN : inotify_add_watch(/tmp/pk-settings-_hr0v0q1/config/putkin/settings.json) failed: (Permission denied)
  INFO: Launching config: "/home/attntd/projects/putkin/settings-test.qml"
  INFO: Shell ID: "6c48c53a5cef521a61ea745fd3fd3959" Path ID "6c48c53a5cef521a61ea745fd3fd3959"
  INFO: Saving logs to "/tmp/pk-settings-_hr0v0q1/runtime/quickshell/by-id/kaf5n10hlt/log.qslog"
  INFO: Configuration Loaded
  WARN: This plugin does not support setting window masks
  INFO qml: PUTKIN_PREVIEW_READY
  INFO: Reloading configuration...
  WARN: This plugin does not support setting window masks
  INFO: Configuration Loaded
  INFO qml: PUTKIN_PREVIEW_READY
  INFO: Reloading configuration...
  INFO: Configuration Loaded
  WARN: This plugin does not support setting window masks
  INFO qml: PUTKIN_PREVIEW_READY
  INFO: Launching config: "/home/attntd/projects/putkin/settings-test.qml"
  INFO: Shell ID: "6c48c53a5cef521a61ea745fd3fd3959" Path ID "6c48c53a5cef521a61ea745fd3fd3959"
  INFO: Saving logs to "/tmp/pk-settings-_hr0v0q1/runtime/quickshell/by-id/acf5q10hlt/log.qslog"
  INFO: Configuration Loaded
  WARN: This plugin does not support setting window masks
  INFO qml: PUTKIN_PREVIEW_READY
