{
  "instance": {
    "config_path": "/home/attntd/.local/share/putkin/releases/20260916-visual-967a46b681fe/shell.qml",
    "id": "pk57hs8hlt",
    "launch_time": "2026-09-16T23:53:05",
    "pid": 333817,
    "shell_id": "e7855e835e9b6771cce64bb67d6cb88b"
  },
  "notification_pid": 333817,
  "monitors": [
    {
      "id": 0,
      "name": "eDP-1",
      "description": "Samsung Display Corp. ATNA40HQ09-0  0x0000003B",
      "make": "Samsung Display Corp.",
      "model": "ATNA40HQ09-0 ",
      "serial": "0x0000003B",
      "width": 2880,
      "height": 1800,
      "physicalWidth": 300,
      "physicalHeight": 190,
      "refreshRate": 120.0,
      "x": 4196,
      "y": 1440,
      "activeWorkspace": {
        "id": 1,
        "name": "1"
      },
      "specialWorkspace": {
        "id": 0,
        "name": ""
      },
      "reserved": [
        0,
        32,
        0,
        0
      ],
      "scale": 1.5,
      "transform": 0,
      "focused": true,
      "dpmsStatus": true,
      "vrr": false,
      "solitary": "0",
      "solitaryBlockedBy": [
        "WINDOWED",
        "CANDIDATE"
      ],
      "activelyTearing": false,
      "tearingBlockedBy": [
        "NOT_TORN",
        "USER",
        "CANDIDATE"
      ],
      "directScanoutTo": "0",
      "directScanoutBlockedBy": [
        "USER",
        "CANDIDATE"
      ],
      "disabled": false,
      "currentFormat": "XRGB8888",
      "mirrorOf": "none",
      "availableModes": [
        "2880x1800@120.00Hz",
        "2880x1800@60.00Hz"
      ],
      "colorManagementPreset": "srgb",
      "sdrBrightness": 1,
      "sdrSaturation": 1,
      "sdrMinLuminance": 0.2,
      "sdrMaxLuminance": 80,
      "hardwareCursorsInUse": true
    }
  ],
  "layers": {
    "eDP-1": {
      "levels": {
        "0": [
          {
            "address": "0x56421e12a700",
            "x": 4196,
            "y": 1440,
            "w": 1920,
            "h": 1200,
            "alpha": 1,
            "namespace": "putkin-wallpaper",
            "pid": 333817
          }
        ],
        "1": [],
        "2": [
          {
            "address": "0x56421e1418a0",
            "x": 4196,
            "y": 1440,
            "w": 1920,
            "h": 32,
            "alpha": 1,
            "namespace": "putkin-bar",
            "pid": 333817
          }
        ],
        "3": [
          {
            "address": "0x56421ec63180",
            "x": 5748,
            "y": 1440,
            "w": 368,
            "h": 164,
            "alpha": 1,
            "namespace": "putkin-notifications",
            "pid": 333817
          }
        ]
      }
    }
  },
  "audio": {
    "available": true,
    "output": "Core Ultra Processors (Series 3) HD Audio Speaker",
    "volume": 20.001220703125,
    "muted": false,
    "busy": false,
    "error": ""
  },
  "brightness": {
    "available": true,
    "device": "intel_backlight",
    "percent": 10.080645161290322,
    "busy": false,
    "error": "",
    "diagnostic": "Urz\u0105dzenie: intel_backlight \u00b7 zakres 0\u2013496. Stan od\u015bwie\u017ca si\u0119 po otwarciu panelu i w\u0142asnej zmianie."
  },
  "session": {
    "busy": false,
    "phase": "",
    "error": "",
    "result": "",
    "capabilities": {
      "reboot": {
        "available": true,
        "reason": ""
      },
      "poweroff": {
        "available": true,
        "reason": ""
      },
      "suspend": {
        "available": true,
        "reason": ""
      },
      "logout": {
        "available": true,
        "reason": ""
      },
      "lock": {
        "available": true,
        "reason": ""
      }
    }
  },
  "settings_unchanged": true,
  "configerrors": "",
  "restore": "/home/attntd/.local/state/putkin/update-20260916-visual-967a46b681fe/restore",
  "runtime_files": 126
}
