{
  "openSettings": {
    "reply": "ok",
    "panels": [
      {
        "address": "0x56421fe9eb00",
        "x": 5748,
        "y": 1440,
        "w": 368,
        "h": 622,
        "alpha": 1,
        "namespace": "putkin-panel",
        "pid": 333817
      }
    ]
  },
  "openQuickSettings": {
    "reply": "ok",
    "panels": [
      {
        "address": "0x56421ed996e0",
        "x": 5748,
        "y": 1440,
        "w": 368,
        "h": 468,
        "alpha": 1,
        "namespace": "putkin-panel",
        "pid": 333817
      }
    ]
  },
  "bar_focus": "eDP-1",
  "settings_unchanged": true,
  "configerrors": "",
  "instance": {
    "config_path": "/home/attntd/.local/share/putkin/releases/20260916-visual-967a46b681fe/shell.qml",
    "id": "pk57hs8hlt",
    "launch_time": "2026-09-16T23:53:05",
    "pid": 333817,
    "shell_id": "e7855e835e9b6771cce64bb67d6cb88b"
  },
  "notification_pid": 333817
}
PASS: loaded bindings, one shell and notification owner, panels/bar, unchanged settings and clean log
