PASS: native BarWindow/WallpaperWindow/InteractivePanelWindow mapped; initial panel keyboard focus; real output capture
PASS: separate Wayland application receives hjkl before and during native OSD/toast; overlays do not steal focus
PASS: complete hjkl/Enter journey on native surfaces: workspace, both accents/save, audio, brightness, PSK, Bluetooth, DND, critical toast, Power cancellation and returned bar focus
PASS: fortieth tray item is keyboard reachable and revealed; real panel submenu opens and activates once
Traceback (most recent call last):
  File "/home/attntd/projects/putkin/scripts/test-wayland", line 391, in <module>
    sys.exit(main())
             ~~~~^^
  File "/home/attntd/projects/putkin/scripts/test-wayland", line 356, in main
    inside(args.inside, args.smoke, args.idle)
    ~~~~~~^^^^^^^^^^^^^^^^^^^^^^^^^^^^^^^^^^^^
  File "/home/attntd/projects/putkin/scripts/test-wayland", line 259, in inside
    client('probe','show','false')
    ~~~~~~^^^^^^^^^^^^^^^^^^^^^^^^
  File "/home/attntd/projects/putkin/scripts/test-wayland", line 115, in ipc
    return ipc_reply(result, process, log, starting=starting)
  File "/home/attntd/projects/putkin/scripts/_common.py", line 36, in ipc_reply
    raise AssertionError(f"IPC failed (exit={result.returncode}): {result.stderr}\n{result.stdout}\n{output}")
AssertionError: IPC failed (exit=109): show: The following argument was not expected: false
Run with --help for more information.


  INFO: Launching config: "/home/attntd/projects/putkin/wayland-client-test.qml"
  INFO: Shell ID: "fed0a937edf073b842f296496defe8b3" Path ID "fed0a937edf073b842f296496defe8b3"
  INFO: Saving logs to "/tmp/pw-skp0l12h/r/quickshell/by-id/w2412hlt/log.qslog"
  INFO: Configuration Loaded

