PASS: native BarWindow/WallpaperWindow/InteractivePanelWindow mapped; initial panel keyboard focus; real output capture
PASS: separate Wayland application receives hjkl before and during native OSD/toast; overlays do not steal focus
PASS: real private virtual-pointer click outside panel closes it and returns input to the separate application
PASS: explicit notification navigation accepts Escape and outside click; passive toast remains and foreign input returns
PASS: complete hjkl/Enter journey on native surfaces: workspace, both accents/save, audio, brightness, PSK, Bluetooth, DND, critical toast, Power cancellation and returned bar focus
PASS: fortieth tray item is keyboard reachable and revealed; real panel submenu opens and activates once
PASS: two physical sizes x four native output scales; panel fits and keyboard reveals bottom controls; one bar and 32 px reservation per output
Traceback (most recent call last):
  File "/home/attntd/projects/putkin/scripts/test-wayland", line 452, in <module>
    sys.exit(main())
             ~~~~^^
  File "/home/attntd/projects/putkin/scripts/test-wayland", line 414, in main
    inside(args.inside, args.smoke, args.idle)
    ~~~~~~^^^^^^^^^^^^^^^^^^^^^^^^^^^^^^^^^^^^
  File "/home/attntd/projects/putkin/scripts/test-wayland", line 353, in inside
    if surface == 'quickSettings': walk('j','wifiExpand'); press('Return'); eventually(state,lambda s:s['scanning'],'scan before output removal')
                                   ~~~~^^^^^^^^^^^^^^^^^^
  File "/home/attntd/projects/putkin/scripts/test-wayland", line 201, in walk
    raise AssertionError(f'keyboard cannot reach {name}: {state()}')
AssertionError: keyboard cannot reach wifiExpand: {'screens': [{'name': 'WAYLAND-1', 'width': 1920, 'height': 1080}, {'name': 'HEADLESS-1', 'width': 1920, 'height': 1080}, {'name': 'HEADLESS-2', 'width': 1280, 'height': 720}], 'ready': True, 'focusedMonitor': 'HEADLESS-2', 'barScreen': '', 'bars': [{'screen': 'WAYLAND-1', 'focus': ''}, {'screen': 'HEADLESS-1', 'focus': ''}, {'screen': 'HEADLESS-2', 'focus': ''}], 'loaded': True, 'surface': 'quickSettings', 'screen': 'HEADLESS-2', 'focus': 'settingsButton', 'created': 14, 'destroyed': 13, 'editing': False, 'saving': False, 'accent': '#94e2d5', 'secondary': '#fab387', 'persisted': {'accent': '#94e2d5', 'accentSecondary': '#fab387', 'reducedMotion': False}, 'scans': 1, 'scanStops': 1, 'scanning': False, 'discovery': False, 'sessionCalls': 0, 'volume': 56.99999999999999, 'brightness': 55, 'pskCalls': 1, 'needsPassword': False, 'keyboardConnected': True, 'dnd': False, 'notifications': 0, 'notificationFocus': '', 'osd': False, 'osdScreen': '', 'osdLoaded': False, 'busy': False, 'brightnessRequests': 17, 'nightRequests': 15, 'menuLeafActivations': 1, 'trayCount': 40}
