PASS: native BarWindow/WallpaperWindow/InteractivePanelWindow mapped; initial panel keyboard focus; real output capture
PASS: separate Wayland application receives hjkl before and during native OSD/toast; overlays do not steal focus
PASS: real private virtual-pointer click outside panel closes it and returns input to the separate application
PASS: explicit notification navigation accepts Escape and outside click; passive toast remains and foreign input returns
PASS: complete hjkl/Enter journey on native surfaces: workspace, both accents/save, audio, brightness, PSK, Bluetooth, DND, critical toast, Power cancellation and returned bar focus
PASS: fortieth tray item is keyboard reachable and revealed; real panel submenu opens and activates once
PASS: two physical sizes x four native output scales; panel fits and keyboard reveals bottom controls; one bar and 32 px reservation per output
Traceback (most recent call last):
  File "/home/attntd/projects/putkin/scripts/test-wayland", line 440, in <module>
    sys.exit(main())
             ~~~~^^
  File "/home/attntd/projects/putkin/scripts/test-wayland", line 405, in main
    inside(args.inside, args.smoke, args.idle)
    ~~~~~~^^^^^^^^^^^^^^^^^^^^^^^^^^^^^^^^^^^^
  File "/home/attntd/projects/putkin/scripts/test-wayland", line 333, in inside
    capture_output('mixed-first',first); capture_output('mixed-second',second)
    ~~~~~~~~~~~~~~^^^^^^^^^^^^^^^^^^^^^
  File "/home/attntd/projects/putkin/scripts/test-wayland", line 163, in capture_output
    result = eventually(lambda: ipc_json(capture('capture', 'snapshot')), lambda s: s['saved'] == str(path) or s['error'], 'output capture')
  File "/home/attntd/projects/putkin/scripts/test-wayland", line 41, in eventually
    raise AssertionError(f"{description}: {last}")
AssertionError: output capture: {'saved': '', 'error': '', 'content': True, 'width': 1920, 'height': 1080}
