********* Start testing of qmltestrunner *********
Config: Using QtTest library 6.11.2, Qt 6.11.2 (x86_64-little_endian-lp64 shared (dynamic) release build; by GCC 16.2.1 20260810), arch unknown
PASS   : qmltestrunner::Audio::initTestCase()
PASS   : qmltestrunner::Audio::test_audio_panel_monitor_exclusivity_and_lifecycle()
PASS   : qmltestrunner::Audio::test_audio_panel_small_scroll_hotplug_and_unavailable_escape()
PASS   : qmltestrunner::Audio::test_bar_wheel_and_navigation()
PASS   : qmltestrunner::Audio::test_burst_delay_rejection_and_timeout()
PASS   : qmltestrunner::Audio::test_dedicated_panel_levels_devices_keyboard_and_mouse()
PASS   : qmltestrunner::Audio::test_external_update_shared_state_and_identity()
PASS   : qmltestrunner::Audio::test_invalid_delta_mute_and_stale_output()
PASS   : qmltestrunner::Audio::test_invalid_values(negative)
PASS   : qmltestrunner::Audio::test_invalid_values(over)
PASS   : qmltestrunner::Audio::test_invalid_values(nan)
PASS   : qmltestrunner::Audio::test_invalid_values(infinity)
PASS   : qmltestrunner::Audio::test_invalid_values(string)
PASS   : qmltestrunner::Audio::test_invalid_values(null)
PASS   : qmltestrunner::Audio::test_microphone_confirmation_errors_and_independence()
PASS   : qmltestrunner::Audio::test_no_startup_or_reconnect_osd()
PASS   : qmltestrunner::Audio::test_output_preference_is_not_actual_and_removal()
PASS   : qmltestrunner::Audio::test_slider_arrow_burst_with_delayed_backend_and_failed_write()
PASS   : qmltestrunner::Audio::test_slider_vim_arrows_mouse_mute_and_selection()
PASS   : qmltestrunner::Audio::test_small_panel_keyboard_reveals_controls_and_skips_missing()
PASS   : qmltestrunner::Audio::test_timeout_renewal_monitor_removal_theme_and_focus()
PASS   : qmltestrunner::Audio::cleanupTestCase()
Totals: 22 passed, 0 failed, 0 skipped, 0 blacklisted, 10980ms
********* Finished testing of qmltestrunner *********

********* Start testing of qmltestrunner *********
Config: Using QtTest library 6.11.2, Qt 6.11.2 (x86_64-little_endian-lp64 shared (dynamic) release build; by GCC 16.2.1 20260810), arch unknown
PASS   : qmltestrunner::Launcher::initTestCase()
PASS   : qmltestrunner::Launcher::test_all_prefixes_paste_and_literal_colon()
PASS   : qmltestrunner::Launcher::test_async_results_keep_selected_identity()
PASS   : qmltestrunner::Launcher::test_chips_and_backspace_with_real_text_input()
PASS   : qmltestrunner::Launcher::test_debounce_stale_search_and_close_cancellation()
PASS   : qmltestrunner::Launcher::test_direct_modes_reset_query_and_focus()
PASS   : qmltestrunner::Launcher::test_error_toast_beside_centered_launcher()
PASS   : qmltestrunner::Launcher::test_escape_vim_enter_once_and_text_return()
PASS   : qmltestrunner::Launcher::test_exclusivity_monitor_hotplug_and_cycles()
PASS   : qmltestrunner::Launcher::test_late_activation_cannot_close_reopened_panel()
PASS   : qmltestrunner::Launcher::test_missing_backend_and_clipboard_are_not_empty_success()
PASS   : qmltestrunner::Launcher::test_monitor_handoff_invalidates_old_activation()
PASS   : qmltestrunner::Launcher::test_recent_default_rank_and_filters()
PASS   : qmltestrunner::Launcher::test_small_screen_and_last_result_reachable()
PASS   : qmltestrunner::Launcher::test_tab_mouse_clipboard_and_pending_failure()
PASS   : qmltestrunner::Launcher::test_workspace_commands(switch0)
PASS   : qmltestrunner::Launcher::test_workspace_commands(switch1)
PASS   : qmltestrunner::Launcher::test_workspace_commands(switch2)
PASS   : qmltestrunner::Launcher::test_workspace_commands(switch3)
PASS   : qmltestrunner::Launcher::test_workspace_commands(switch4)
PASS   : qmltestrunner::Launcher::test_workspace_commands(switch5)
PASS   : qmltestrunner::Launcher::test_workspace_commands(switch6)
PASS   : qmltestrunner::Launcher::test_workspace_commands(switch7)
PASS   : qmltestrunner::Launcher::test_workspace_commands(switch8)
PASS   : qmltestrunner::Launcher::test_workspace_commands(switch9)
PASS   : qmltestrunner::Launcher::test_workspace_commands(move0)
PASS   : qmltestrunner::Launcher::test_workspace_commands(move1)
PASS   : qmltestrunner::Launcher::test_workspace_commands(move2)
PASS   : qmltestrunner::Launcher::test_workspace_commands(move3)
PASS   : qmltestrunner::Launcher::test_workspace_commands(move4)
PASS   : qmltestrunner::Launcher::test_workspace_commands(move5)
PASS   : qmltestrunner::Launcher::test_workspace_commands(move6)
PASS   : qmltestrunner::Launcher::test_workspace_commands(move7)
PASS   : qmltestrunner::Launcher::test_workspace_commands(move8)
PASS   : qmltestrunner::Launcher::test_workspace_commands(move9)
PASS   : qmltestrunner::Launcher::test_workspace_incomplete_and_invalid_commands()
PASS   : qmltestrunner::Launcher::test_workspace_monitor_and_helper_unavailable()
PASS   : qmltestrunner::Launcher::test_workspace_move_acknowledgement_and_duplicate_enter()
PASS   : qmltestrunner::Launcher::test_workspace_move_closes_while_pending()
PASS   : qmltestrunner::Launcher::test_workspace_move_missing_and_closed_window()
PASS   : qmltestrunner::Launcher::test_workspace_text_in_filter_is_literal()
PASS   : qmltestrunner::Launcher::test_workspace_timeout_disconnect_and_late_session()
PASS   : qmltestrunner::Launcher::cleanupTestCase()
Totals: 43 passed, 0 failed, 0 skipped, 0 blacklisted, 20809ms
********* Finished testing of qmltestrunner *********

********* Start testing of qmltestrunner *********
Config: Using QtTest library 6.11.2, Qt 6.11.2 (x86_64-little_endian-lp64 shared (dynamic) release build; by GCC 16.2.1 20260810), arch unknown
PASS   : qmltestrunner::Panels::initTestCase()
PASS   : qmltestrunner::Panels::test_close_before_async_load_and_switch_monitor_hotplug()
PASS   : qmltestrunner::Panels::test_directions_enter_keypad_space_and_escape_layers()
PASS   : qmltestrunner::Panels::test_disabled_tab_arrows_and_text_editing()
PASS   : qmltestrunner::Panels::test_keyboard_bar_entry_and_return_focus()
PASS   : qmltestrunner::Panels::test_long_content_and_resize_preserve_visible_focus()
PASS   : qmltestrunner::Panels::test_mouse_active_indicator_tooltip_and_outside_consumption()
FAIL!  : qmltestrunner::Panels::test_reject_unknown_surface_and_missing_screen() 'verify()' returned FALSE. ()
   Loc: [/home/attntd/projects/putkin/tests/qml/tst_panels.qml(68)]
PASS   : qmltestrunner::Panels::test_settings_replaces_page_and_keeps_local_state_local()
PASS   : qmltestrunner::Panels::test_small_screen_scroll_and_visible_focus()
PASS   : qmltestrunner::Panels::test_twenty_cycles_and_reopen_during_fade()
PASS   : qmltestrunner::Panels::cleanupTestCase()
Totals: 11 passed, 1 failed, 0 skipped, 0 blacklisted, 10065ms
********* Finished testing of qmltestrunner *********

