********* Start testing of qmltestrunner *********
Config: Using QtTest library 6.11.2, Qt 6.11.2 (x86_64-little_endian-lp64 shared (dynamic) release build; by GCC 16.2.1 20260810), arch unknown
PASS   : qmltestrunner::Settings::initTestCase()
PASS   : qmltestrunner::Settings::test_all_dismissal_routes_discard_preview(cancel)
PASS   : qmltestrunner::Settings::test_all_dismissal_routes_discard_preview(close)
PASS   : qmltestrunner::Settings::test_all_dismissal_routes_discard_preview(escape)
PASS   : qmltestrunner::Settings::test_all_dismissal_routes_discard_preview(back)
PASS   : qmltestrunner::Settings::test_all_dismissal_routes_discard_preview(replace)
PASS   : qmltestrunner::Settings::test_all_dismissal_routes_discard_preview(monitor)
PASS   : qmltestrunner::Settings::test_all_dismissal_routes_discard_preview(hotplug)
PASS   : qmltestrunner::Settings::test_all_dismissal_routes_discard_preview(bar)
PASS   : qmltestrunner::Settings::test_all_dismissal_routes_discard_preview(early)
PASS   : qmltestrunner::Settings::test_contrast_and_navigation_without_motion_option()
PASS   : qmltestrunner::Settings::test_corrupt_file_preserves_last_good_state_and_future_version_is_read_only()
PASS   : qmltestrunner::Settings::test_defaults_and_schema_validation(optional appearance)
PASS   : qmltestrunner::Settings::test_defaults_and_schema_validation(optional colors)
PASS   : qmltestrunner::Settings::test_defaults_and_schema_validation(valid)
PASS   : qmltestrunner::Settings::test_defaults_and_schema_validation(legacy motion enabled)
PASS   : qmltestrunner::Settings::test_defaults_and_schema_validation(legacy motion disabled)
PASS   : qmltestrunner::Settings::test_defaults_and_schema_validation(malformed)
PASS   : qmltestrunner::Settings::test_defaults_and_schema_validation(null)
PASS   : qmltestrunner::Settings::test_defaults_and_schema_validation(array)
PASS   : qmltestrunner::Settings::test_defaults_and_schema_validation(missing version)
PASS   : qmltestrunner::Settings::test_defaults_and_schema_validation(future)
PASS   : qmltestrunner::Settings::test_defaults_and_schema_validation(old)
PASS   : qmltestrunner::Settings::test_defaults_and_schema_validation(string version)
PASS   : qmltestrunner::Settings::test_defaults_and_schema_validation(short color)
PASS   : qmltestrunner::Settings::test_defaults_and_schema_validation(transparent)
PASS   : qmltestrunner::Settings::test_defaults_and_schema_validation(named color)
PASS   : qmltestrunner::Settings::test_defaults_and_schema_validation(null appearance)
PASS   : qmltestrunner::Settings::test_defaults_and_schema_validation(boolean type)
PASS   : qmltestrunner::Settings::test_defaults_and_schema_validation(unknown option)
PASS   : qmltestrunner::Settings::test_disabled_save_is_skipped_with_vim_and_tab()
PASS   : qmltestrunner::Settings::test_external_changes_keep_draft_panel_cursor_and_focus_twenty_times()
PASS   : qmltestrunner::Settings::test_hex_validation_keeps_letters_and_visible_focus()
PASS   : qmltestrunner::Settings::test_legacy_motion_is_ignored_and_removed_only_on_save(enabled)
PASS   : qmltestrunner::Settings::test_legacy_motion_is_ignored_and_removed_only_on_save(disabled)
PASS   : qmltestrunner::Settings::test_presets_navigation_and_live_controls()
PASS   : qmltestrunner::Settings::test_save_is_confirmed_reset_is_only_a_draft_and_retry()
PASS   : qmltestrunner::Settings::test_settings_remain_open_when_desktop_is_clicked()
PASS   : qmltestrunner::Settings::cleanupTestCase()
Totals: 39 passed, 0 failed, 0 skipped, 0 blacklisted, 16059ms
********* Finished testing of qmltestrunner *********
