PASS: 144 plików QML, 0 z błędami.
{
  "current": "/home/attntd/.local/share/putkin/releases/20260920-205823-94b71f317b3f",
  "active": {
    "config_path": "/home/attntd/.config/quickshell/shell.qml",
    "id": "qbh9kykolt",
    "launch_time": "2026-09-20T22:59:08",
    "pid": 442358,
    "shell_id": "770bba0d0f619c4ab3ab0453a539d542"
  },
  "removed": [
    "20260920-190430-6727f3b1f2a6"
  ],
  "retained": [
    "20260920-205823-94b71f317b3f",
    "20260920-204030-237db1e11390",
    "20260920-203455-2287216abeef",
    "20260920-194523-432aac686c6c",
    "20260920-192443-bc17922f70b5"
  ]
}
