********* Start testing of qmltestrunner *********
Config: Using QtTest library 6.11.2, Qt 6.11.2 (x86_64-little_endian-lp64 shared (dynamic) release build; by GCC 16.2.1 20260810), arch unknown
PASS   : qmltestrunner::Brightness::initTestCase()
PASS   : qmltestrunner::Brightness::test_coalescing_and_late_replies()
PASS   : qmltestrunner::Brightness::test_invalid_delta()
PASS   : qmltestrunner::Brightness::test_invalid_input(zero)
PASS   : qmltestrunner::Brightness::test_invalid_input(negative)
PASS   : qmltestrunner::Brightness::test_invalid_input(over)
PASS   : qmltestrunner::Brightness::test_invalid_input(nan)
PASS   : qmltestrunner::Brightness::test_invalid_input(infinity)
PASS   : qmltestrunner::Brightness::test_invalid_input(string)
PASS   : qmltestrunner::Brightness::test_invalid_input(null)
PASS   : qmltestrunner::Brightness::test_lost_device_focus_and_small_panel()
PASS   : qmltestrunner::Brightness::test_panel_reopen_refresh_and_no_idle_poll()
PASS   : qmltestrunner::Brightness::test_permission_error_and_unconfirmed_write_no_success()
PASS   : qmltestrunner::Brightness::test_read_error_is_diagnostic_not_zero()
PASS   : qmltestrunner::Brightness::test_refresh_reply_cannot_overwrite_new_intent()
PASS   : qmltestrunner::Brightness::test_selection_stable_and_device_disappears()
PASS   : qmltestrunner::Brightness::test_shared_osd_switches_kind_color_monitor_and_timer()
PASS   : qmltestrunner::Brightness::test_timeout_result_retains_confirmed_level()
PASS   : qmltestrunner::Brightness::test_unavailable_or_invalid_range(absent)
PASS   : qmltestrunner::Brightness::test_unavailable_or_invalid_range(zero-max)
PASS   : qmltestrunner::Brightness::test_unavailable_or_invalid_range(unknown-max)
PASS   : qmltestrunner::Brightness::test_unavailable_or_invalid_range(outside-range)
PASS   : qmltestrunner::Brightness::test_unavailable_or_invalid_range(wildcard-name)
PASS   : qmltestrunner::Brightness::test_vim_standard_input_and_final_drag()
PASS   : qmltestrunner::Brightness::test_zero_observed_and_small_range_never_write_zero()
PASS   : qmltestrunner::Brightness::cleanupTestCase()
Totals: 26 passed, 0 failed, 0 skipped, 0 blacklisted, 9422ms
********* Finished testing of qmltestrunner *********

