********* Start testing of qmltestrunner *********
Config: Using QtTest library 6.11.2, Qt 6.11.2 (x86_64-little_endian-lp64 shared (dynamic) release build; by GCC 16.2.1 20260810), arch unknown
PASS   : qmltestrunner::QuickMenu::initTestCase()
PASS   : qmltestrunner::QuickMenu::test_audio_becoming_ready_keeps_row_focus()
PASS   : qmltestrunner::QuickMenu::test_audio_is_one_keyboard_row()
PASS   : qmltestrunner::QuickMenu::test_brightness_and_temperature_focus_span_the_row(brightness-slider)
PASS   : qmltestrunner::QuickMenu::test_brightness_and_temperature_focus_span_the_row(brightness-details)
PASS   : qmltestrunner::QuickMenu::test_brightness_and_temperature_focus_span_the_row(temperature)
PASS   : qmltestrunner::QuickMenu::test_caffeinate_modes_keyboard_mouse_and_confirmed_state()
PASS   : qmltestrunner::QuickMenu::test_caffeinate_modes_navigation_round_trip(vim-normal)
PASS   : qmltestrunner::QuickMenu::test_caffeinate_modes_navigation_round_trip(arrows-normal)
PASS   : qmltestrunner::QuickMenu::test_caffeinate_modes_navigation_round_trip(tab-normal)
PASS   : qmltestrunner::QuickMenu::test_caffeinate_modes_navigation_round_trip(vim-small)
PASS   : qmltestrunner::QuickMenu::test_caffeinate_modes_navigation_round_trip(arrows-small)
PASS   : qmltestrunner::QuickMenu::test_caffeinate_modes_navigation_round_trip(tab-small)
PASS   : qmltestrunner::QuickMenu::test_caffeinate_rejection_only_notifies_and_keeps_previous_mode()
PASS   : qmltestrunner::QuickMenu::test_center_mouse_dismiss_and_expired_action_recover_focus()
PASS   : qmltestrunner::QuickMenu::test_center_small_panel_and_lifecycles()
PASS   : qmltestrunner::QuickMenu::test_distinct_audio_names_follow_device_not_default()
PASS   : qmltestrunner::QuickMenu::test_error_is_only_a_notification()
PASS   : qmltestrunner::QuickMenu::test_history_keeps_expired_dnd_and_transient()
PASS   : qmltestrunner::QuickMenu::test_history_replacements_limit_and_live_actions()
PASS   : qmltestrunner::QuickMenu::test_night_light_temperature_has_no_refresh()
PASS   : qmltestrunner::QuickMenu::test_notification_center_empty_and_mouse_focus()
PASS   : qmltestrunner::QuickMenu::test_radio_modules_own_lists_and_scanning()
PASS   : qmltestrunner::QuickMenu::test_small_grid_and_modes_remain_reachable()
PASS   : qmltestrunner::QuickMenu::test_tiles_toggle_without_management_or_progress_messages()
PASS   : qmltestrunner::QuickMenu::test_toggle_grid_geometry_focus_and_navigation()
PASS   : qmltestrunner::QuickMenu::cleanupTestCase()
Totals: 27 passed, 0 failed, 0 skipped, 0 blacklisted, 20607ms
********* Finished testing of qmltestrunner *********
