********* Start testing of qmltestrunner *********
Config: Using QtTest library 6.11.2, Qt 6.11.2 (x86_64-little_endian-lp64 shared (dynamic) release build; by GCC 16.2.1 20260810), arch unknown
PASS   : qmltestrunner::Launcher::initTestCase()
PASS   : qmltestrunner::Launcher::test_all_prefixes_paste_and_literal_colon()
PASS   : qmltestrunner::Launcher::test_async_results_keep_selected_identity()
PASS   : qmltestrunner::Launcher::test_chips_and_backspace_with_real_text_input()
PASS   : qmltestrunner::Launcher::test_debounce_stale_search_and_close_cancellation()
PASS   : qmltestrunner::Launcher::test_error_toast_beside_centered_launcher()
PASS   : qmltestrunner::Launcher::test_escape_vim_enter_once_and_text_return()
PASS   : qmltestrunner::Launcher::test_exclusivity_monitor_hotplug_and_cycles()
PASS   : qmltestrunner::Launcher::test_late_activation_cannot_close_reopened_panel()
PASS   : qmltestrunner::Launcher::test_missing_backend_and_clipboard_are_not_empty_success()
PASS   : qmltestrunner::Launcher::test_monitor_handoff_invalidates_old_activation()
PASS   : qmltestrunner::Launcher::test_recent_default_rank_and_filters()
PASS   : qmltestrunner::Launcher::test_small_screen_and_last_result_reachable()
PASS   : qmltestrunner::Launcher::test_tab_mouse_clipboard_and_pending_failure()
PASS   : qmltestrunner::Launcher::cleanupTestCase()
Totals: 15 passed, 0 failed, 0 skipped, 0 blacklisted, 11096ms
********* Finished testing of qmltestrunner *********
********* Start testing of qmltestrunner *********
Config: Using QtTest library 6.11.2, Qt 6.11.2 (x86_64-little_endian-lp64 shared (dynamic) release build; by GCC 16.2.1 20260810), arch unknown
PASS   : qmltestrunner::Panels::initTestCase()
PASS   : qmltestrunner::Panels::test_close_before_async_load_and_switch_monitor_hotplug()
PASS   : qmltestrunner::Panels::test_directions_enter_keypad_space_and_escape_layers()
PASS   : qmltestrunner::Panels::test_disabled_tab_arrows_and_text_editing()
PASS   : qmltestrunner::Panels::test_keyboard_bar_entry_and_return_focus()
PASS   : qmltestrunner::Panels::test_long_content_and_resize_preserve_visible_focus()
PASS   : qmltestrunner::Panels::test_mouse_active_indicator_tooltip_and_outside_consumption()
PASS   : qmltestrunner::Panels::test_reject_unknown_surface_and_missing_screen()
PASS   : qmltestrunner::Panels::test_settings_replaces_page_and_keeps_local_state_local()
PASS   : qmltestrunner::Panels::test_small_screen_scroll_and_visible_focus()
PASS   : qmltestrunner::Panels::test_twenty_cycles_and_reopen_during_fade()
PASS   : qmltestrunner::Panels::cleanupTestCase()
Totals: 12 passed, 0 failed, 0 skipped, 0 blacklisted, 10218ms
********* Finished testing of qmltestrunner *********
********* Start testing of qmltestrunner *********
Config: Using QtTest library 6.11.2, Qt 6.11.2 (x86_64-little_endian-lp64 shared (dynamic) release build; by GCC 16.2.1 20260810), arch unknown
PASS   : qmltestrunner::VisualContract::initTestCase()
PASS   : qmltestrunner::VisualContract::test_bar_icons_and_confirmed_connection_colors()
PASS   : qmltestrunner::VisualContract::test_compact_layout_font_borders_and_no_hover_popup()
PASS   : qmltestrunner::VisualContract::test_error_is_a_toast_with_panel_open_and_in_dnd()
PASS   : qmltestrunner::VisualContract::test_fade_keeps_geometry_and_reduced_motion_is_immediate()
PASS   : qmltestrunner::VisualContract::test_one_detail_section_and_keyboard_entry()
PASS   : qmltestrunner::VisualContract::test_osd_horizontal_and_fade_retains_last_monitor()
PASS   : qmltestrunner::VisualContract::cleanupTestCase()
Totals: 8 passed, 0 failed, 0 skipped, 0 blacklisted, 2069ms
********* Finished testing of qmltestrunner *********
********* Start testing of qmltestrunner *********
Config: Using QtTest library 6.11.2, Qt 6.11.2 (x86_64-little_endian-lp64 shared (dynamic) release build; by GCC 16.2.1 20260810), arch unknown
PASS   : qmltestrunner::Notifications::initTestCase()
PASS   : qmltestrunner::Notifications::test_arrival_mouse_close_and_action_preserve_focus()
PASS   : qmltestrunner::Notifications::test_backend_loss_and_disabled_dnd()
PASS   : qmltestrunner::Notifications::test_dnd_discards_without_replay_and_critical_does_not_expire()
PASS   : qmltestrunner::Notifications::test_flood_bounds_fifo_and_critical_priority()
PASS   : qmltestrunner::Notifications::test_identical_replacement_restarts_deadline_and_retains_card()
PASS   : qmltestrunner::Notifications::test_keyboard_hjkl_enter_escape_and_tooltip()
PASS   : qmltestrunner::Notifications::test_keyboard_pause_and_focus_repair()
PASS   : qmltestrunner::Notifications::test_missing_data_plain_text_and_limits()
PASS   : qmltestrunner::Notifications::test_monitor_routing_hotplug_and_geometry()
PASS   : qmltestrunner::Notifications::test_quick_settings_dnd_and_intentional_handoff()
PASS   : qmltestrunner::Notifications::test_replaced_actions_and_client_close()
PASS   : qmltestrunner::Notifications::test_resident_transient_and_nonresident_actions()
PASS   : qmltestrunner::Notifications::test_screen_resize_rebalances_without_duplicate_views()
PASS   : qmltestrunner::Notifications::test_small_screen_bounds_images_scroll_and_queue()
PASS   : qmltestrunner::Notifications::test_small_screen_critical_queue_rejects_normal_before_tracking()
PASS   : qmltestrunner::Notifications::test_timeout_default_zero_and_queue_deadline()
PASS   : qmltestrunner::Notifications::test_twenty_lifecycles()
PASS   : qmltestrunner::Notifications::cleanupTestCase()
Totals: 19 passed, 0 failed, 0 skipped, 0 blacklisted, 8042ms
********* Finished testing of qmltestrunner *********
