{
  "release": "/home/attntd/.local/share/putkin/releases/20260920-material-icons-229766e3f287",
  "runtime_files": 260,
  "changed_runtime": [
    "assets/material/LICENSE",
    "assets/material/Paths.js",
    "assets/material/README.md",
    "assets/material/apps.svg",
    "assets/material/balance.svg",
    "assets/material/battery_android_0.svg",
    "assets/material/battery_android_1.svg",
    "assets/material/battery_android_2.svg",
    "assets/material/battery_android_3.svg",
    "assets/material/battery_android_4.svg",
    "assets/material/battery_android_5.svg",
    "assets/material/battery_android_6.svg",
    "assets/material/battery_android_full.svg",
    "assets/material/battery_android_question.svg",
    "assets/material/battery_charging_20_2.svg",
    "assets/material/battery_charging_30_2.svg",
    "assets/material/battery_charging_50_2.svg",
    "assets/material/battery_charging_60_2.svg",
    "assets/material/battery_charging_80_2.svg",
    "assets/material/battery_charging_full_2.svg",
    "assets/material/bedtime.svg",
    "assets/material/bluetooth.svg",
    "assets/material/bluetooth_disabled.svg",
    "assets/material/bolt.svg",
    "assets/material/brightness_6.svg",
    "assets/material/chat.svg",
    "assets/material/check.svg",
    "assets/material/check_box.svg",
    "assets/material/check_box_outline_blank.svg",
    "assets/material/chevron_right.svg",
    "assets/material/close.svg",
    "assets/material/code.svg",
    "assets/material/coffee.svg",
    "assets/material/content_paste.svg",
    "assets/material/description.svg",
    "assets/material/desktop_windows.svg",
    "assets/material/developer_board.svg",
    "assets/material/device_thermostat.svg",
    "assets/material/devices.svg",
    "assets/material/eco.svg",
    "assets/material/expand_more.svg",
    "assets/material/fingerprint.svg",
    "assets/material/folder.svg",
    "assets/material/font_download.svg",
    "assets/material/graphic_eq.svg",
    "assets/material/help.svg",
    "assets/material/indeterminate_check_box.svg",
    "assets/material/language.svg",
    "assets/material/link.svg",
    "assets/material/lock.svg",
    "assets/material/logout.svg",
    "assets/material/manifest.json",
    "assets/material/mic.svg",
    "assets/material/mic_off.svg",
    "assets/material/monitoring.svg",
    "assets/material/more_horiz.svg",
    "assets/material/movie.svg",
    "assets/material/music_note.svg",
    "assets/material/network_wifi.svg",
    "assets/material/network_wifi_1_bar.svg",
    "assets/material/network_wifi_2_bar.svg",
    "assets/material/network_wifi_3_bar.svg",
    "assets/material/notifications.svg",
    "assets/material/notifications_off.svg",
    "assets/material/notifications_unread.svg",
    "assets/material/open_in_new.svg",
    "assets/material/palette.svg",
    "assets/material/power_settings_new.svg",
    "assets/material/print.svg",
    "assets/material/putkin_signal.svg",
    "assets/material/putkin_tether.svg",
    "assets/material/radio_button_checked.svg",
    "assets/material/radio_button_unchecked.svg",
    "assets/material/refresh.svg",
    "assets/material/restart_alt.svg",
    "assets/material/search.svg",
    "assets/material/settings.svg",
    "assets/material/settings_ethernet.svg",
    "assets/material/share.svg",
    "assets/material/signal_wifi_0_bar.svg",
    "assets/material/signal_wifi_off.svg",
    "assets/material/sync.svg",
    "assets/material/terminal.svg",
    "assets/material/translate.svg",
    "assets/material/tune.svg",
    "assets/material/videocam.svg",
    "assets/material/volume_off.svg",
    "assets/material/volume_up.svg",
    "components/ActionTile.qml",
    "components/Button.qml",
    "components/Glyph.qml",
    "components/IconButton.qml",
    "components/IconLabel.qml",
    "components/ModuleButton.qml",
    "components/ToggleTile.qml",
    "components/qmldir",
    "core/Icons.js",
    "core/Metrics.qml",
    "core/NotificationFocus.qml",
    "core/Theme.qml",
    "modules/audio/AudioLevel.qml",
    "modules/audio/AudioView.qml",
    "modules/bar/BarView.qml",
    "modules/bar/BatteryButton.qml",
    "modules/bar/WorkspaceStrip.qml",
    "modules/battery/BatteryView.qml",
    "modules/bluetooth/BluetoothSection.qml",
    "modules/launcher/LauncherView.qml",
    "modules/network/NetworkSection.qml",
    "modules/notifications/NotificationCard.qml",
    "modules/osd/LevelOsd.qml",
    "modules/osd/OsdWindow.qml",
    "modules/power/PowerView.qml",
    "modules/quicksettings/AudioSection.qml",
    "modules/quicksettings/BrightnessSection.qml",
    "modules/quicksettings/NightLightSection.qml",
    "modules/quicksettings/QuickSettingsView.qml",
    "modules/settings/AppearanceView.qml",
    "modules/settings/ColorEditor.qml",
    "modules/tray/TrayButton.qml",
    "modules/tray/TrayMenuLevel.qml",
    "modules/tray/TrayStrip.qml",
    "modules/tray/TrayView.qml",
    "services/LauncherBackend.qml",
    "services/LauncherService.qml",
    "services/NotificationBackend.qml",
    "services/NotificationEntry.qml",
    "services/NotificationService.qml",
    "services/OsdService.qml",
    "services/PowerProfileService.qml",
    "shell.qml"
  ],
  "configurations": [
    "/home/attntd/.config/hypr/hyprland.lua",
    "/home/attntd/.local/share/chezmoi/dot_config/hypr/hyprland.lua",
    "/home/attntd/.config/hypr/autostart.lua",
    "/home/attntd/.local/share/chezmoi/dot_config/hypr/autostart.lua",
    "/home/attntd/.config/hypr/modules/system_binds.lua",
    "/home/attntd/.local/share/chezmoi/dot_config/hypr/modules/system_binds.lua",
    "/home/attntd/.config/hypr/hypridle.conf",
    "/home/attntd/.local/share/chezmoi/dot_config/hypr/hypridle.conf"
  ],
  "preserved_chezmoi_status": "MM .config/hypr/hyprland.lua\nMM .config/zen/r82xc5xh.Default (release)/chrome/zen-themes.css",
  "restore": "/home/attntd/.local/state/putkin/update-20260920-material-icons-229766e3f287/restore"
}
