********* Start testing of qmltestrunner *********
Config: Using QtTest library 6.11.2, Qt 6.11.2 (x86_64-little_endian-lp64 shared (dynamic) release build; by GCC 16.2.1 20260810), arch unknown
PASS   : qmltestrunner::MaterialIcons::initTestCase()
PASS   : qmltestrunner::MaterialIcons::test_all_vectors_paint_one_color(apps)
PASS   : qmltestrunner::MaterialIcons::test_all_vectors_paint_one_color(balance)
PASS   : qmltestrunner::MaterialIcons::test_all_vectors_paint_one_color(battery_android_0)
PASS   : qmltestrunner::MaterialIcons::test_all_vectors_paint_one_color(battery_android_1)
PASS   : qmltestrunner::MaterialIcons::test_all_vectors_paint_one_color(battery_android_2)
PASS   : qmltestrunner::MaterialIcons::test_all_vectors_paint_one_color(battery_android_3)
PASS   : qmltestrunner::MaterialIcons::test_all_vectors_paint_one_color(battery_android_4)
PASS   : qmltestrunner::MaterialIcons::test_all_vectors_paint_one_color(battery_android_5)
PASS   : qmltestrunner::MaterialIcons::test_all_vectors_paint_one_color(battery_android_6)
PASS   : qmltestrunner::MaterialIcons::test_all_vectors_paint_one_color(battery_android_full)
PASS   : qmltestrunner::MaterialIcons::test_all_vectors_paint_one_color(battery_android_question)
PASS   : qmltestrunner::MaterialIcons::test_all_vectors_paint_one_color(battery_charging_20_2)
PASS   : qmltestrunner::MaterialIcons::test_all_vectors_paint_one_color(battery_charging_30_2)
PASS   : qmltestrunner::MaterialIcons::test_all_vectors_paint_one_color(battery_charging_50_2)
PASS   : qmltestrunner::MaterialIcons::test_all_vectors_paint_one_color(battery_charging_60_2)
PASS   : qmltestrunner::MaterialIcons::test_all_vectors_paint_one_color(battery_charging_80_2)
PASS   : qmltestrunner::MaterialIcons::test_all_vectors_paint_one_color(battery_charging_full_2)
PASS   : qmltestrunner::MaterialIcons::test_all_vectors_paint_one_color(bedtime)
PASS   : qmltestrunner::MaterialIcons::test_all_vectors_paint_one_color(bluetooth)
PASS   : qmltestrunner::MaterialIcons::test_all_vectors_paint_one_color(bluetooth_disabled)
PASS   : qmltestrunner::MaterialIcons::test_all_vectors_paint_one_color(bolt)
PASS   : qmltestrunner::MaterialIcons::test_all_vectors_paint_one_color(brightness_6)
PASS   : qmltestrunner::MaterialIcons::test_all_vectors_paint_one_color(chat)
PASS   : qmltestrunner::MaterialIcons::test_all_vectors_paint_one_color(check)
PASS   : qmltestrunner::MaterialIcons::test_all_vectors_paint_one_color(check_box)
PASS   : qmltestrunner::MaterialIcons::test_all_vectors_paint_one_color(check_box_outline_blank)
PASS   : qmltestrunner::MaterialIcons::test_all_vectors_paint_one_color(chevron_right)
PASS   : qmltestrunner::MaterialIcons::test_all_vectors_paint_one_color(close)
PASS   : qmltestrunner::MaterialIcons::test_all_vectors_paint_one_color(code)
PASS   : qmltestrunner::MaterialIcons::test_all_vectors_paint_one_color(coffee)
PASS   : qmltestrunner::MaterialIcons::test_all_vectors_paint_one_color(content_paste)
PASS   : qmltestrunner::MaterialIcons::test_all_vectors_paint_one_color(description)
PASS   : qmltestrunner::MaterialIcons::test_all_vectors_paint_one_color(desktop_windows)
PASS   : qmltestrunner::MaterialIcons::test_all_vectors_paint_one_color(developer_board)
PASS   : qmltestrunner::MaterialIcons::test_all_vectors_paint_one_color(device_thermostat)
PASS   : qmltestrunner::MaterialIcons::test_all_vectors_paint_one_color(devices)
PASS   : qmltestrunner::MaterialIcons::test_all_vectors_paint_one_color(eco)
PASS   : qmltestrunner::MaterialIcons::test_all_vectors_paint_one_color(expand_more)
PASS   : qmltestrunner::MaterialIcons::test_all_vectors_paint_one_color(fingerprint)
PASS   : qmltestrunner::MaterialIcons::test_all_vectors_paint_one_color(folder)
PASS   : qmltestrunner::MaterialIcons::test_all_vectors_paint_one_color(font_download)
PASS   : qmltestrunner::MaterialIcons::test_all_vectors_paint_one_color(graphic_eq)
PASS   : qmltestrunner::MaterialIcons::test_all_vectors_paint_one_color(help)
PASS   : qmltestrunner::MaterialIcons::test_all_vectors_paint_one_color(indeterminate_check_box)
PASS   : qmltestrunner::MaterialIcons::test_all_vectors_paint_one_color(language)
PASS   : qmltestrunner::MaterialIcons::test_all_vectors_paint_one_color(link)
PASS   : qmltestrunner::MaterialIcons::test_all_vectors_paint_one_color(lock)
PASS   : qmltestrunner::MaterialIcons::test_all_vectors_paint_one_color(logout)
PASS   : qmltestrunner::MaterialIcons::test_all_vectors_paint_one_color(mic)
PASS   : qmltestrunner::MaterialIcons::test_all_vectors_paint_one_color(mic_off)
PASS   : qmltestrunner::MaterialIcons::test_all_vectors_paint_one_color(monitoring)
PASS   : qmltestrunner::MaterialIcons::test_all_vectors_paint_one_color(more_horiz)
PASS   : qmltestrunner::MaterialIcons::test_all_vectors_paint_one_color(movie)
PASS   : qmltestrunner::MaterialIcons::test_all_vectors_paint_one_color(music_note)
PASS   : qmltestrunner::MaterialIcons::test_all_vectors_paint_one_color(network_wifi)
PASS   : qmltestrunner::MaterialIcons::test_all_vectors_paint_one_color(network_wifi_1_bar)
PASS   : qmltestrunner::MaterialIcons::test_all_vectors_paint_one_color(network_wifi_2_bar)
PASS   : qmltestrunner::MaterialIcons::test_all_vectors_paint_one_color(network_wifi_3_bar)
PASS   : qmltestrunner::MaterialIcons::test_all_vectors_paint_one_color(notifications)
PASS   : qmltestrunner::MaterialIcons::test_all_vectors_paint_one_color(notifications_off)
PASS   : qmltestrunner::MaterialIcons::test_all_vectors_paint_one_color(notifications_unread)
PASS   : qmltestrunner::MaterialIcons::test_all_vectors_paint_one_color(open_in_new)
PASS   : qmltestrunner::MaterialIcons::test_all_vectors_paint_one_color(palette)
PASS   : qmltestrunner::MaterialIcons::test_all_vectors_paint_one_color(power_settings_new)
PASS   : qmltestrunner::MaterialIcons::test_all_vectors_paint_one_color(print)
PASS   : qmltestrunner::MaterialIcons::test_all_vectors_paint_one_color(putkin_signal)
PASS   : qmltestrunner::MaterialIcons::test_all_vectors_paint_one_color(putkin_tether)
PASS   : qmltestrunner::MaterialIcons::test_all_vectors_paint_one_color(radio_button_checked)
PASS   : qmltestrunner::MaterialIcons::test_all_vectors_paint_one_color(radio_button_unchecked)
PASS   : qmltestrunner::MaterialIcons::test_all_vectors_paint_one_color(refresh)
PASS   : qmltestrunner::MaterialIcons::test_all_vectors_paint_one_color(restart_alt)
PASS   : qmltestrunner::MaterialIcons::test_all_vectors_paint_one_color(search)
PASS   : qmltestrunner::MaterialIcons::test_all_vectors_paint_one_color(settings)
PASS   : qmltestrunner::MaterialIcons::test_all_vectors_paint_one_color(settings_ethernet)
PASS   : qmltestrunner::MaterialIcons::test_all_vectors_paint_one_color(share)
PASS   : qmltestrunner::MaterialIcons::test_all_vectors_paint_one_color(signal_wifi_0_bar)
PASS   : qmltestrunner::MaterialIcons::test_all_vectors_paint_one_color(signal_wifi_off)
PASS   : qmltestrunner::MaterialIcons::test_all_vectors_paint_one_color(sync)
PASS   : qmltestrunner::MaterialIcons::test_all_vectors_paint_one_color(terminal)
PASS   : qmltestrunner::MaterialIcons::test_all_vectors_paint_one_color(translate)
PASS   : qmltestrunner::MaterialIcons::test_all_vectors_paint_one_color(tune)
PASS   : qmltestrunner::MaterialIcons::test_all_vectors_paint_one_color(videocam)
PASS   : qmltestrunner::MaterialIcons::test_all_vectors_paint_one_color(volume_off)
PASS   : qmltestrunner::MaterialIcons::test_all_vectors_paint_one_color(volume_up)
PASS   : qmltestrunner::MaterialIcons::test_color_changes_do_not_change_geometry()
PASS   : qmltestrunner::MaterialIcons::test_sections_keep_canvas_padding_and_center(bar)
PASS   : qmltestrunner::MaterialIcons::test_sections_keep_canvas_padding_and_center(launcher)
PASS   : qmltestrunner::MaterialIcons::test_sections_keep_canvas_padding_and_center(slider)
PASS   : qmltestrunner::MaterialIcons::test_sections_keep_canvas_padding_and_center(tile)
PASS   : qmltestrunner::MaterialIcons::test_sections_keep_canvas_padding_and_center(list)
PASS   : qmltestrunner::MaterialIcons::test_sections_keep_canvas_padding_and_center(notification)
PASS   : qmltestrunner::MaterialIcons::test_sections_keep_canvas_padding_and_center(osd)
PASS   : qmltestrunner::MaterialIcons::cleanupTestCase()
Totals: 94 passed, 0 failed, 0 skipped, 0 blacklisted, 5064ms
********* Finished testing of qmltestrunner *********
