{
  "timestamp_utc": "2026-09-19T21:58:55.064247+00:00",
  "checks": [
    "single native owner; exact capabilities; missing data; passive arrival; dismiss=2",
    "default -1=6000 ms; zero remains; CloseNotification=3; unknown ID; identical replace resets timer; expired ID creates new notification",
    "real ActionInvoked; nonresident closes; resident survives; transient; changed/removed action labels using same ID",
    "production DND IPC; no replay; critical bypasses DND and never auto-expires; explicit keyboard entry/leave",
    "one target per arrival; monitor fallback/hotplug preserves IDs; last screen removal closes; no duplication",
    "100-event flood bounded to 3 visible + 12 queued; deterministic oldest queued eviction; queue timeout from arrival",
    "8 MiB raw image; bounded title/body and native image provider; no payload in argv, logs, cache or XDG files",
    "client disconnect and new D-Bus connection; replace retained ID and client close after return",
    "20 real LazyLoader lifecycles; soft/hard reload clears native visible/queued objects with reason=1; DND resets; old observers reaped",
    "replaceable existing owner remains untouched; server is never constructed on conflict; releasing owner does not activate blocked instance",
    "observer failure is visible; stale content released and new arrivals expired; recovery requires process restart",
    "missing observer executable is visible and prevents server construction/name acquisition"
  ],
  "cycles": [
    {
      "cycle": 1,
      "pid": 82118,
      "name": "quickshell",
      "parent": 82112,
      "cpu_ticks": 146,
      "rss_kib": 146544
    },
    {
      "cycle": 2,
      "pid": 82118,
      "name": "quickshell",
      "parent": 82112,
      "cpu_ticks": 149,
      "rss_kib": 146096
    },
    {
      "cycle": 3,
      "pid": 82118,
      "name": "quickshell",
      "parent": 82112,
      "cpu_ticks": 151,
      "rss_kib": 145884
    },
    {
      "cycle": 4,
      "pid": 82118,
      "name": "quickshell",
      "parent": 82112,
      "cpu_ticks": 152,
      "rss_kib": 145884
    },
    {
      "cycle": 5,
      "pid": 82118,
      "name": "quickshell",
      "parent": 82112,
      "cpu_ticks": 155,
      "rss_kib": 145720
    },
    {
      "cycle": 6,
      "pid": 82118,
      "name": "quickshell",
      "parent": 82112,
      "cpu_ticks": 157,
      "rss_kib": 145720
    },
    {
      "cycle": 7,
      "pid": 82118,
      "name": "quickshell",
      "parent": 82112,
      "cpu_ticks": 159,
      "rss_kib": 145224
    },
    {
      "cycle": 8,
      "pid": 82118,
      "name": "quickshell",
      "parent": 82112,
      "cpu_ticks": 161,
      "rss_kib": 145224
    },
    {
      "cycle": 9,
      "pid": 82118,
      "name": "quickshell",
      "parent": 82112,
      "cpu_ticks": 163,
      "rss_kib": 145224
    },
    {
      "cycle": 10,
      "pid": 82118,
      "name": "quickshell",
      "parent": 82112,
      "cpu_ticks": 166,
      "rss_kib": 144720
    },
    {
      "cycle": 11,
      "pid": 82118,
      "name": "quickshell",
      "parent": 82112,
      "cpu_ticks": 168,
      "rss_kib": 144720
    },
    {
      "cycle": 12,
      "pid": 82118,
      "name": "quickshell",
      "parent": 82112,
      "cpu_ticks": 171,
      "rss_kib": 144476
    },
    {
      "cycle": 13,
      "pid": 82118,
      "name": "quickshell",
      "parent": 82112,
      "cpu_ticks": 172,
      "rss_kib": 144044
    },
    {
      "cycle": 14,
      "pid": 82118,
      "name": "quickshell",
      "parent": 82112,
      "cpu_ticks": 174,
      "rss_kib": 143840
    },
    {
      "cycle": 15,
      "pid": 82118,
      "name": "quickshell",
      "parent": 82112,
      "cpu_ticks": 176,
      "rss_kib": 143840
    },
    {
      "cycle": 16,
      "pid": 82118,
      "name": "quickshell",
      "parent": 82112,
      "cpu_ticks": 179,
      "rss_kib": 143840
    },
    {
      "cycle": 17,
      "pid": 82118,
      "name": "quickshell",
      "parent": 82112,
      "cpu_ticks": 181,
      "rss_kib": 143152
    },
    {
      "cycle": 18,
      "pid": 82118,
      "name": "quickshell",
      "parent": 82112,
      "cpu_ticks": 183,
      "rss_kib": 142960
    },
    {
      "cycle": 19,
      "pid": 82118,
      "name": "quickshell",
      "parent": 82112,
      "cpu_ticks": 186,
      "rss_kib": 142960
    },
    {
      "cycle": 20,
      "pid": 82118,
      "name": "quickshell",
      "parent": 82112,
      "cpu_ticks": 188,
      "rss_kib": 142960
    }
  ],
  "unexpected_diagnostics": [],
  "expected_diagnostics": [
    "  WARN: Process failed to start, likely because the binary could not be found. Command: QList(\"python3\", \"-B\", \"/home/attntd/projects/putkin/services/notification-watch.py\")"
  ],
  "remaining_pids": [],
  "tracked_processes": 9,
  "passed": true
}
