PASS: native BarWindow/WallpaperWindow/InteractivePanelWindow mapped; initial panel keyboard focus; real output capture
PASS: separate Wayland application receives hjkl before and during native OSD/toast; overlays do not steal focus
Traceback (most recent call last):
  File "/home/attntd/projects/putkin/scripts/test-wayland", line 482, in <module>
    sys.exit(main())
             ~~~~^^
  File "/home/attntd/projects/putkin/scripts/test-wayland", line 435, in main
    inside(args.inside, args.smoke, args.idle, args.lock_wallpaper)
    ~~~~~~^^^^^^^^^^^^^^^^^^^^^^^^^^^^^^^^^^^^^^^^^^^^^^^^^^^^^^^^^
  File "/home/attntd/projects/putkin/scripts/test-wayland", line 238, in inside
    panel('quickSettings','audioVolume')
    ~~~~~^^^^^^^^^^^^^^^^^^^^^^^^^^^^^^^
  File "/home/attntd/projects/putkin/scripts/test-wayland", line 206, in panel
    if focus: focused(focus)
              ~~~~~~~^^^^^^^
  File "/home/attntd/projects/putkin/scripts/test-wayland", line 188, in focused
    return eventually(lambda: control(name), lambda c: c.get('focus'), 'keyboard focus: '+name)
  File "/home/attntd/projects/putkin/scripts/test-wayland", line 42, in eventually
    raise AssertionError(f"{description}: {last}")
AssertionError: keyboard focus: audioVolume: {'name': 'audioVolume', 'focus': False, 'enabled': True, 'visible': True, 'y': 6, 'height': 36, 'viewportHeight': 360}
