********* Start testing of qmltestrunner *********
Config: Using QtTest library 6.11.2, Qt 6.11.2 (x86_64-little_endian-lp64 shared (dynamic) release build; by GCC 16.2.1 20260810), arch unknown
PASS   : qmltestrunner::Launcher::initTestCase()
PASS   : qmltestrunner::Launcher::test_all_prefixes_paste_and_literal_colon()
PASS   : qmltestrunner::Launcher::test_async_results_keep_selected_identity()
PASS   : qmltestrunner::Launcher::test_chips_and_backspace_with_real_text_input()
PASS   : qmltestrunner::Launcher::test_debounce_stale_search_and_close_cancellation()
PASS   : qmltestrunner::Launcher::test_direct_modes_reset_query_and_focus()
PASS   : qmltestrunner::Launcher::test_error_toast_beside_centered_launcher()
PASS   : qmltestrunner::Launcher::test_escape_vim_enter_once_and_text_return()
PASS   : qmltestrunner::Launcher::test_exclusivity_monitor_hotplug_and_cycles()
PASS   : qmltestrunner::Launcher::test_late_activation_cannot_close_reopened_panel()
PASS   : qmltestrunner::Launcher::test_missing_backend_and_clipboard_are_not_empty_success()
PASS   : qmltestrunner::Launcher::test_monitor_handoff_invalidates_old_activation()
PASS   : qmltestrunner::Launcher::test_recent_default_rank_and_filters()
PASS   : qmltestrunner::Launcher::test_small_screen_and_last_result_reachable()
PASS   : qmltestrunner::Launcher::test_tab_mouse_clipboard_and_pending_failure()
PASS   : qmltestrunner::Launcher::test_workspace_commands(switch0)
PASS   : qmltestrunner::Launcher::test_workspace_commands(switch1)
PASS   : qmltestrunner::Launcher::test_workspace_commands(switch2)
PASS   : qmltestrunner::Launcher::test_workspace_commands(switch3)
PASS   : qmltestrunner::Launcher::test_workspace_commands(switch4)
PASS   : qmltestrunner::Launcher::test_workspace_commands(switch5)
PASS   : qmltestrunner::Launcher::test_workspace_commands(switch6)
PASS   : qmltestrunner::Launcher::test_workspace_commands(switch7)
PASS   : qmltestrunner::Launcher::test_workspace_commands(switch8)
PASS   : qmltestrunner::Launcher::test_workspace_commands(switch9)
PASS   : qmltestrunner::Launcher::test_workspace_commands(move0)
PASS   : qmltestrunner::Launcher::test_workspace_commands(move1)
PASS   : qmltestrunner::Launcher::test_workspace_commands(move2)
PASS   : qmltestrunner::Launcher::test_workspace_commands(move3)
PASS   : qmltestrunner::Launcher::test_workspace_commands(move4)
PASS   : qmltestrunner::Launcher::test_workspace_commands(move5)
PASS   : qmltestrunner::Launcher::test_workspace_commands(move6)
PASS   : qmltestrunner::Launcher::test_workspace_commands(move7)
PASS   : qmltestrunner::Launcher::test_workspace_commands(move8)
PASS   : qmltestrunner::Launcher::test_workspace_commands(move9)
PASS   : qmltestrunner::Launcher::test_workspace_incomplete_and_invalid_commands()
PASS   : qmltestrunner::Launcher::test_workspace_monitor_and_helper_unavailable()
PASS   : qmltestrunner::Launcher::test_workspace_move_acknowledgement_and_duplicate_enter()
PASS   : qmltestrunner::Launcher::test_workspace_move_closes_while_pending()
PASS   : qmltestrunner::Launcher::test_workspace_move_missing_and_closed_window()
PASS   : qmltestrunner::Launcher::test_workspace_text_in_filter_is_literal()
PASS   : qmltestrunner::Launcher::test_workspace_timeout_disconnect_and_late_session()
PASS   : qmltestrunner::Launcher::cleanupTestCase()
Totals: 43 passed, 0 failed, 0 skipped, 0 blacklisted, 21014ms
********* Finished testing of qmltestrunner *********

********* Start testing of qmltestrunner *********
Config: Using QtTest library 6.11.2, Qt 6.11.2 (x86_64-little_endian-lp64 shared (dynamic) release build; by GCC 16.2.1 20260810), arch unknown
PASS   : qmltestrunner::Settings::initTestCase()
PASS   : qmltestrunner::Settings::test_all_dismissal_routes_discard_preview(cancel)
PASS   : qmltestrunner::Settings::test_all_dismissal_routes_discard_preview(close)
PASS   : qmltestrunner::Settings::test_all_dismissal_routes_discard_preview(escape)
PASS   : qmltestrunner::Settings::test_all_dismissal_routes_discard_preview(back)
PASS   : qmltestrunner::Settings::test_all_dismissal_routes_discard_preview(outside)
PASS   : qmltestrunner::Settings::test_all_dismissal_routes_discard_preview(replace)
PASS   : qmltestrunner::Settings::test_all_dismissal_routes_discard_preview(monitor)
PASS   : qmltestrunner::Settings::test_all_dismissal_routes_discard_preview(hotplug)
PASS   : qmltestrunner::Settings::test_all_dismissal_routes_discard_preview(bar)
PASS   : qmltestrunner::Settings::test_all_dismissal_routes_discard_preview(early)
PASS   : qmltestrunner::Settings::test_contrast_and_reduced_motion()
PASS   : qmltestrunner::Settings::test_corrupt_file_preserves_last_good_state_and_future_version_is_read_only()
PASS   : qmltestrunner::Settings::test_defaults_and_schema_validation(optional appearance)
PASS   : qmltestrunner::Settings::test_defaults_and_schema_validation(optional colors)
PASS   : qmltestrunner::Settings::test_defaults_and_schema_validation(valid)
PASS   : qmltestrunner::Settings::test_defaults_and_schema_validation(malformed)
PASS   : qmltestrunner::Settings::test_defaults_and_schema_validation(null)
PASS   : qmltestrunner::Settings::test_defaults_and_schema_validation(array)
PASS   : qmltestrunner::Settings::test_defaults_and_schema_validation(missing version)
PASS   : qmltestrunner::Settings::test_defaults_and_schema_validation(future)
PASS   : qmltestrunner::Settings::test_defaults_and_schema_validation(old)
PASS   : qmltestrunner::Settings::test_defaults_and_schema_validation(string version)
PASS   : qmltestrunner::Settings::test_defaults_and_schema_validation(short color)
PASS   : qmltestrunner::Settings::test_defaults_and_schema_validation(transparent)
PASS   : qmltestrunner::Settings::test_defaults_and_schema_validation(named color)
PASS   : qmltestrunner::Settings::test_defaults_and_schema_validation(null appearance)
PASS   : qmltestrunner::Settings::test_defaults_and_schema_validation(boolean type)
PASS   : qmltestrunner::Settings::test_defaults_and_schema_validation(unknown option)
PASS   : qmltestrunner::Settings::test_disabled_save_is_skipped_with_vim_and_tab()
PASS   : qmltestrunner::Settings::test_external_changes_keep_draft_panel_cursor_and_focus_twenty_times()
PASS   : qmltestrunner::Settings::test_hex_validation_keeps_letters_and_visible_focus()
FAIL!  : qmltestrunner::Settings::test_presets_navigation_and_live_controls() 'verify()' returned FALSE. ()
   Loc: [/home/attntd/projects/putkin/tests/qml/tst_settings.qml(98)]
PASS   : qmltestrunner::Settings::test_save_is_confirmed_reset_is_only_a_draft_and_retry()
PASS   : qmltestrunner::Settings::cleanupTestCase()
Totals: 34 passed, 1 failed, 0 skipped, 0 blacklisted, 5898ms
********* Finished testing of qmltestrunner *********

********* Start testing of qmltestrunner *********
Config: Using QtTest library 6.11.2, Qt 6.11.2 (x86_64-little_endian-lp64 shared (dynamic) release build; by GCC 16.2.1 20260810), arch unknown
PASS   : qmltestrunner::Panels::initTestCase()
PASS   : qmltestrunner::Panels::test_close_before_async_load_and_switch_monitor_hotplug()
FAIL!  : qmltestrunner::Panels::test_directions_enter_keypad_space_and_escape_layers() Uncaught exception: Cannot read property 'activeFocus' of null
   Loc: [/home/attntd/projects/putkin/tests/qml/tst_panels.qml(121)]
PASS   : qmltestrunner::Panels::test_disabled_tab_arrows_and_text_editing()
PASS   : qmltestrunner::Panels::test_keyboard_bar_entry_and_return_focus()
FAIL!  : qmltestrunner::Panels::test_long_content_and_resize_preserve_visible_focus() 'verify()' returned FALSE. ()
   Loc: [/home/attntd/projects/putkin/tests/qml/tst_panels.qml(258)]
PASS   : qmltestrunner::Panels::test_mouse_active_indicator_tooltip_and_outside_consumption()
PASS   : qmltestrunner::Panels::test_reject_unknown_surface_and_missing_screen()
FAIL!  : qmltestrunner::Panels::test_settings_replaces_page_and_keeps_local_state_local() Compared values are not the same
   Actual   (): null
   Expected (): TypeError: Type error
   Loc: [/home/attntd/projects/putkin/tests/qml/tst_panels.qml(162)]
FAIL!  : qmltestrunner::Panels::test_small_screen_scroll_and_visible_focus() 'verify()' returned FALSE. ()
   Loc: [/home/attntd/projects/putkin/tests/qml/tst_panels.qml(238)]
PASS   : qmltestrunner::Panels::test_twenty_cycles_and_reopen_during_fade()
PASS   : qmltestrunner::Panels::cleanupTestCase()
Totals: 8 passed, 4 failed, 0 skipped, 0 blacklisted, 9957ms
********* Finished testing of qmltestrunner *********

