  WARN : inotify_add_watch(/tmp/pk-settings-tyo1rirz/config/putkin/settings.json) failed: (Permission denied)
  WARN : inotify_add_watch(/tmp/pk-settings-tyo1rirz/config/putkin/settings.json) failed: (Permission denied)
  WARN : inotify_add_watch(/tmp/pk-settings-tyo1rirz/config/putkin/settings.json) failed: (Permission denied)
PASS: settings FileView integration; 10 groups, 20 reload cycles, restart and soft/hard reload
d/projects/putkin/settings-test.qml"
  INFO: Shell ID: "6c48c53a5cef521a61ea745fd3fd3959" Path ID "6c48c53a5cef521a61ea745fd3fd3959"
  INFO: Saving logs to "/tmp/pk-settings-tyo1rirz/runtime/quickshell/by-id/u9i28ailt/log.qslog"
  INFO: Configuration Loaded
  WARN: This plugin does not support setting window masks
  INFO qml: PUTKIN_PREVIEW_READY
  INFO: Launching config: "/home/attntd/projects/putkin/settings-test.qml"
  INFO: Shell ID: "6c48c53a5cef521a61ea745fd3fd3959" Path ID "6c48c53a5cef521a61ea745fd3fd3959"
  INFO: Saving logs to "/tmp/pk-settings-tyo1rirz/runtime/quickshell/by-id/5kia8ailt/log.qslog"
  INFO: Configuration Loaded
  WARN: This plugin does not support setting window masks
  INFO qml: PUTKIN_PREVIEW_READY
  WARN : inotify_add_watch(/tmp/pk-settings-tyo1rirz/config/putkin/settings.json) failed: (Permission denied)
  WARN : inotify_add_watch(/tmp/pk-settings-tyo1rirz/config/putkin/settings.json) failed: (Permission denied)
  WARN : inotify_add_watch(/tmp/pk-settings-tyo1rirz/config/putkin/settings.json) failed: (Permission denied)
  INFO: Launching config: "/home/attntd/projects/putkin/settings-test.qml"
  INFO: Shell ID: "6c48c53a5cef521a61ea745fd3fd3959" Path ID "6c48c53a5cef521a61ea745fd3fd3959"
  INFO: Saving logs to "/tmp/pk-settings-tyo1rirz/runtime/quickshell/by-id/vlic8ailt/log.qslog"
  INFO: Configuration Loaded
  WARN: This plugin does not support setting window masks
  INFO qml: PUTKIN_PREVIEW_READY
  INFO: Reloading configuration...
  WARN: This plugin does not support setting window masks
  INFO: Configuration Loaded
  INFO qml: PUTKIN_PREVIEW_READY
  INFO: Reloading configuration...
  INFO: Configuration Loaded
  WARN: This plugin does not support setting window masks
  INFO qml: PUTKIN_PREVIEW_READY
  INFO: Launching config: "/home/attntd/projects/putkin/settings-test.qml"
  INFO: Shell ID: "6c48c53a5cef521a61ea745fd3fd3959" Path ID "6c48c53a5cef521a61ea745fd3fd3959"
  INFO: Saving logs to "/tmp/pk-settings-tyo1rirz/runtime/quickshell/by-id/pnif8ailt/log.qslog"
  INFO: Configuration Loaded
  WARN: This plugin does not support setting window masks
  INFO qml: PUTKIN_PREVIEW_READY
