********* Start testing of qmltestrunner *********
Config: Using QtTest library 6.11.2, Qt 6.11.2 (x86_64-little_endian-lp64 shared (dynamic) release build; by GCC 16.2.1 20260810), arch unknown
PASS   : qmltestrunner::InstalledSignalIcons::initTestCase()
PASS   : qmltestrunner::InstalledSignalIcons::test_badge(16px-1)
PASS   : qmltestrunner::InstalledSignalIcons::test_badge(16px-2)
PASS   : qmltestrunner::InstalledSignalIcons::test_badge(16px-3)
PASS   : qmltestrunner::InstalledSignalIcons::test_badge(16px-4)
PASS   : qmltestrunner::InstalledSignalIcons::test_badge(16px-5)
PASS   : qmltestrunner::InstalledSignalIcons::test_badge(16px-6)
PASS   : qmltestrunner::InstalledSignalIcons::test_badge(16px-7)
PASS   : qmltestrunner::InstalledSignalIcons::test_badge(16px-8)
PASS   : qmltestrunner::InstalledSignalIcons::test_badge(16px-9)
PASS   : qmltestrunner::InstalledSignalIcons::test_badge(16px-9+)
PASS   : qmltestrunner::InstalledSignalIcons::test_badge(32px-1)
PASS   : qmltestrunner::InstalledSignalIcons::test_badge(32px-2)
PASS   : qmltestrunner::InstalledSignalIcons::test_badge(32px-3)
PASS   : qmltestrunner::InstalledSignalIcons::test_badge(32px-4)
PASS   : qmltestrunner::InstalledSignalIcons::test_badge(32px-5)
PASS   : qmltestrunner::InstalledSignalIcons::test_badge(32px-6)
PASS   : qmltestrunner::InstalledSignalIcons::test_badge(32px-7)
PASS   : qmltestrunner::InstalledSignalIcons::test_badge(32px-8)
PASS   : qmltestrunner::InstalledSignalIcons::test_badge(32px-9)
PASS   : qmltestrunner::InstalledSignalIcons::test_badge(32px-9+)
PASS   : qmltestrunner::InstalledSignalIcons::test_badge(48px-1)
PASS   : qmltestrunner::InstalledSignalIcons::test_badge(48px-2)
PASS   : qmltestrunner::InstalledSignalIcons::test_badge(48px-3)
PASS   : qmltestrunner::InstalledSignalIcons::test_badge(48px-4)
PASS   : qmltestrunner::InstalledSignalIcons::test_badge(48px-5)
PASS   : qmltestrunner::InstalledSignalIcons::test_badge(48px-6)
PASS   : qmltestrunner::InstalledSignalIcons::test_badge(48px-7)
PASS   : qmltestrunner::InstalledSignalIcons::test_badge(48px-8)
PASS   : qmltestrunner::InstalledSignalIcons::test_badge(48px-9)
PASS   : qmltestrunner::InstalledSignalIcons::test_badge(48px-9+)
PASS   : qmltestrunner::InstalledSignalIcons::test_badge(256px-1)
PASS   : qmltestrunner::InstalledSignalIcons::test_badge(256px-2)
PASS   : qmltestrunner::InstalledSignalIcons::test_badge(256px-3)
PASS   : qmltestrunner::InstalledSignalIcons::test_badge(256px-4)
PASS   : qmltestrunner::InstalledSignalIcons::test_badge(256px-5)
PASS   : qmltestrunner::InstalledSignalIcons::test_badge(256px-6)
PASS   : qmltestrunner::InstalledSignalIcons::test_badge(256px-7)
PASS   : qmltestrunner::InstalledSignalIcons::test_badge(256px-8)
PASS   : qmltestrunner::InstalledSignalIcons::test_badge(256px-9)
PASS   : qmltestrunner::InstalledSignalIcons::test_badge(256px-9+)
PASS   : qmltestrunner::InstalledSignalIcons::cleanupTestCase()
Totals: 42 passed, 0 failed, 0 skipped, 0 blacklisted, 4087ms
********* Finished testing of qmltestrunner *********

