er::Launcher::cleanupTestCase()
PASS   : qmltestrunner::MaterialIcons::initTestCase()
PASS   : qmltestrunner::MaterialIcons::test_all_vectors_paint_one_color(apps)
PASS   : qmltestrunner::MaterialIcons::test_all_vectors_paint_one_color(balance)
PASS   : qmltestrunner::MaterialIcons::test_all_vectors_paint_one_color(battery_android_0)
PASS   : qmltestrunner::MaterialIcons::test_all_vectors_paint_one_color(battery_android_1)
PASS   : qmltestrunner::MaterialIcons::test_all_vectors_paint_one_color(battery_android_2)
PASS   : qmltestrunner::MaterialIcons::test_all_vectors_paint_one_color(battery_android_3)
PASS   : qmltestrunner::MaterialIcons::test_all_vectors_paint_one_color(battery_android_4)
PASS   : qmltestrunner::MaterialIcons::test_all_vectors_paint_one_color(battery_android_5)
PASS   : qmltestrunner::MaterialIcons::test_all_vectors_paint_one_color(battery_android_6)
PASS   : qmltestrunner::MaterialIcons::test_all_vectors_paint_one_color(battery_android_full)
PASS   : qmltestrunner::MaterialIcons::test_all_vectors_paint_one_color(battery_android_question)
PASS   : qmltestrunner::MaterialIcons::test_all_vectors_paint_one_color(battery_charging_20_2)
PASS   : qmltestrunner::MaterialIcons::test_all_vectors_paint_one_color(battery_charging_30_2)
PASS   : qmltestrunner::MaterialIcons::test_all_vectors_paint_one_color(battery_charging_50_2)
PASS   : qmltestrunner::MaterialIcons::test_all_vectors_paint_one_color(battery_charging_60_2)
PASS   : qmltestrunner::MaterialIcons::test_all_vectors_paint_one_color(battery_charging_80_2)
PASS   : qmltestrunner::MaterialIcons::test_all_vectors_paint_one_color(battery_charging_full_2)
PASS   : qmltestrunner::MaterialIcons::test_all_vectors_paint_one_color(bedtime)
PASS   : qmltestrunner::MaterialIcons::test_all_vectors_paint_one_color(bluetooth)
PASS   : qmltestrunner::MaterialIcons::test_all_vectors_paint_one_color(bluetooth_disabled)
PASS   : qmltestrunner::MaterialIcons::test_all_vectors_paint_one_color(bolt)
PASS   : qmltestrunner::MaterialIcons::test_all_vectors_paint_one_color(brightness_6)
PASS   : qmltestrunner::MaterialIcons::test_all_vectors_paint_one_color(chat)
PASS   : qmltestrunner::MaterialIcons::test_all_vectors_paint_one_color(chat_bubble)
PASS   : qmltestrunner::MaterialIcons::test_all_vectors_paint_one_color(check)
PASS   : qmltestrunner::MaterialIcons::test_all_vectors_paint_one_color(check_box)
PASS   : qmltestrunner::MaterialIcons::test_all_vectors_paint_one_color(check_box_outline_blank)
PASS   : qmltestrunner::MaterialIcons::test_all_vectors_paint_one_color(chevron_right)
PASS   : qmltestrunner::MaterialIcons::test_all_vectors_paint_one_color(close)
PASS   : qmltestrunner::MaterialIcons::test_all_vectors_paint_one_color(code)
PASS   : qmltestrunner::MaterialIcons::test_all_vectors_paint_one_color(coffee)
PASS   : qmltestrunner::MaterialIcons::test_all_vectors_paint_one_color(content_paste)
PASS   : qmltestrunner::MaterialIcons::test_all_vectors_paint_one_color(description)
PASS   : qmltestrunner::MaterialIcons::test_all_vectors_paint_one_color(desktop_windows)
PASS   : qmltestrunner::MaterialIcons::test_all_vectors_paint_one_color(developer_board)
PASS   : qmltestrunner::MaterialIcons::test_all_vectors_paint_one_color(device_thermostat)
PASS   : qmltestrunner::MaterialIcons::test_all_vectors_paint_one_color(devices)
PASS   : qmltestrunner::MaterialIcons::test_all_vectors_paint_one_color(eco)
PASS   : qmltestrunner::MaterialIcons::test_all_vectors_paint_one_color(expand_more)
PASS   : qmltestrunner::MaterialIcons::test_all_vectors_paint_one_color(fingerprint)
PASS   : qmltestrunner::MaterialIcons::test_all_vectors_paint_one_color(folder)
PASS   : qmltestrunner::MaterialIcons::test_all_vectors_paint_one_color(font_download)
PASS   : qmltestrunner::MaterialIcons::test_all_vectors_paint_one_color(graphic_eq)
PASS   : qmltestrunner::MaterialIcons::test_all_vectors_paint_one_color(help)
PASS   : qmltestrunner::MaterialIcons::test_all_vectors_paint_one_color(indeterminate_check_box)
PASS   : qmltestrunner::MaterialIcons::test_all_vectors_paint_one_color(language)
PASS   : qmltestrunner::MaterialIcons::test_all_vectors_paint_one_color(link)
PASS   : qmltestrunner::MaterialIcons::test_all_vectors_paint_one_color(lock)
PASS   : qmltestrunner::MaterialIcons::test_all_vectors_paint_one_color(logout)
PASS   : qmltestrunner::MaterialIcons::test_all_vectors_paint_one_color(mic)
PASS   : qmltestrunner::MaterialIcons::test_all_vectors_paint_one_color(mic_off)
PASS   : qmltestrunner::MaterialIcons::test_all_vectors_paint_one_color(monitoring)
PASS   : qmltestrunner::MaterialIcons::test_all_vectors_paint_one_color(more_horiz)
PASS   : qmltestrunner::MaterialIcons::test_all_vectors_paint_one_color(movie)
PASS   : qmltestrunner::MaterialIcons::test_all_vectors_paint_one_color(music_note)
PASS   : qmltestrunner::MaterialIcons::test_all_vectors_paint_one_color(network_wifi)
PASS   : qmltestrunner::MaterialIcons::test_all_vectors_paint_one_color(network_wifi_1_bar)
PASS   : qmltestrunner::MaterialIcons::test_all_vectors_paint_one_color(network_wifi_2_bar)
PASS   : qmltestrunner::MaterialIcons::test_all_vectors_paint_one_color(network_wifi_3_bar)
PASS   : qmltestrunner::MaterialIcons::test_all_vectors_paint_one_color(notifications)
PASS   : qmltestrunner::MaterialIcons::test_all_vectors_paint_one_color(notifications_off)
PASS   : qmltestrunner::MaterialIcons::test_all_vectors_paint_one_color(notifications_unread)
PASS   : qmltestrunner::MaterialIcons::test_all_vectors_paint_one_color(open_in_new)
PASS   : qmltestrunner::MaterialIcons::test_all_vectors_paint_one_color(palette)
PASS   : qmltestrunner::MaterialIcons::test_all_vectors_paint_one_color(power_settings_new)
PASS   : qmltestrunner::MaterialIcons::test_all_vectors_paint_one_color(print)
PASS   : qmltestrunner::MaterialIcons::test_all_vectors_paint_one_color(putkin_tether)
PASS   : qmltestrunner::MaterialIcons::test_all_vectors_paint_one_color(radio_button_checked)
PASS   : qmltestrunner::MaterialIcons::test_all_vectors_paint_one_color(radio_button_unchecked)
PASS   : qmltestrunner::MaterialIcons::test_all_vectors_paint_one_color(refresh)
PASS   : qmltestrunner::MaterialIcons::test_all_vectors_paint_one_color(restart_alt)
PASS   : qmltestrunner::MaterialIcons::test_all_vectors_paint_one_color(search)
PASS   : qmltestrunner::MaterialIcons::test_all_vectors_paint_one_color(settings)
PASS   : qmltestrunner::MaterialIcons::test_all_vectors_paint_one_color(settings_ethernet)
PASS   : qmltestrunner::MaterialIcons::test_all_vectors_paint_one_color(share)
PASS   : qmltestrunner::MaterialIcons::test_all_vectors_paint_one_color(signal_wifi_0_bar)
PASS   : qmltestrunner::MaterialIcons::test_all_vectors_paint_one_color(signal_wifi_off)
PASS   : qmltestrunner::MaterialIcons::test_all_vectors_paint_one_color(sync)
PASS   : qmltestrunner::MaterialIcons::test_all_vectors_paint_one_color(terminal)
PASS   : qmltestrunner::MaterialIcons::test_all_vectors_paint_one_color(translate)
PASS   : qmltestrunner::MaterialIcons::test_all_vectors_paint_one_color(tune)
PASS   : qmltestrunner::MaterialIcons::test_all_vectors_paint_one_color(videocam)
PASS   : qmltestrunner::MaterialIcons::test_all_vectors_paint_one_color(volume_off)
PASS   : qmltestrunner::MaterialIcons::test_all_vectors_paint_one_color(volume_up)
PASS   : qmltestrunner::MaterialIcons::test_color_changes_do_not_change_geometry()
PASS   : qmltestrunner::MaterialIcons::test_sections_keep_canvas_padding_and_center(bar)
PASS   : qmltestrunner::MaterialIcons::test_sections_keep_canvas_padding_and_center(launcher)
PASS   : qmltestrunner::MaterialIcons::test_sections_keep_canvas_padding_and_center(slider)
PASS   : qmltestrunner::MaterialIcons::test_sections_keep_canvas_padding_and_center(tile)
PASS   : qmltestrunner::MaterialIcons::test_sections_keep_canvas_padding_and_center(list)
PASS   : qmltestrunner::MaterialIcons::test_sections_keep_canvas_padding_and_center(notification)
PASS   : qmltestrunner::MaterialIcons::test_sections_keep_canvas_padding_and_center(osd)
PASS   : qmltestrunner::MaterialIcons::cleanupTestCase()
PASS   : qmltestrunner::BatteryTray::initTestCase()
PASS   : qmltestrunner::BatteryTray::test_absent_peripheral_unavailable_and_return()
PASS   : qmltestrunner::BatteryTray::test_bar_activation_secondary_menu_tooltip_fallback()
PASS   : qmltestrunner::BatteryTray::test_bar_keyboard_and_only_menu()
PASS   : qmltestrunner::BatteryTray::test_battery_material_states(empty)
PASS   : qmltestrunner::BatteryTray::test_battery_material_states(one)
PASS   : qmltestrunner::BatteryTray::test_battery_material_states(two)
PASS   : qmltestrunner::BatteryTray::test_battery_material_states(three)
PASS   : qmltestrunner::BatteryTray::test_battery_material_states(four)
PASS   : qmltestrunner::BatteryTray::test_battery_material_states(five)
PASS   : qmltestrunner::BatteryTray::test_battery_material_states(six)
PASS   : qmltestrunner::BatteryTray::test_battery_material_states(full)
PASS   : qmltestrunner::BatteryTray::test_battery_material_states(unknown)
PASS   : qmltestrunner::BatteryTray::test_battery_material_states(charging20)
PASS   : qmltestrunner::BatteryTray::test_battery_material_states(charging30)
PASS   : qmltestrunner::BatteryTray::test_battery_material_states(charging50)
PASS   : qmltestrunner::BatteryTray::test_battery_material_states(charging60)
PASS   : qmltestrunner::BatteryTray::test_battery_material_states(charging80)
PASS   : qmltestrunner::BatteryTray::test_battery_material_states(chargingFull)
PASS   : qmltestrunner::BatteryTray::test_battery_missing_profiles_and_focus_recovery()
PASS   : qmltestrunner::BatteryTray::test_battery_monitor_toggle_and_twenty_cycles()
PASS   : qmltestrunner::BatteryTray::test_battery_profile_keyboard_confirmed_state_and_refusal()
PASS   : qmltestrunner::BatteryTray::test_battery_small_screen_scroll_and_mouse()
PASS   : qmltestrunner::BatteryTray::test_battery_states(charging)
PASS   : qmltestrunner::BatteryTray::test_battery_states(discharging)
PASS   : qmltestrunner::BatteryTray::test_battery_states(full)
PASS   : qmltestrunner::BatteryTray::test_battery_states(unknown)
PASS   : qmltestrunner::BatteryTray::test_battery_states(empty)
PASS   : qmltestrunner::BatteryTray::test_battery_states(pendingCharge)
PASS   : qmltestrunner::BatteryTray::test_battery_states(pendingDischarge)
PASS   : qmltestrunner::BatteryTray::test_battery_unknown_time_absent_and_full()
PASS   : qmltestrunner::BatteryTray::test_invalid_percent_unknown_time_and_warning_keeps_semantics()
PASS   : qmltestrunner::BatteryTray::test_layouts_preserve_main_controls()
PASS   : qmltestrunner::BatteryTray::test_menu_icon_updates_keep_vector_size_and_action()
PASS   : qmltestrunner::BatteryTray::test_menu_live_update_removes_submenu_and_recovers_focus()
PASS   : qmltestrunner::BatteryTray::test_menu_vim_standard_keys_submenu_and_trigger()
PASS   : qmltestrunner::BatteryTray::test_overflow_all_items_scrolling_back_and_escape_restore()
PASS   : qmltestrunner::BatteryTray::test_removal_with_focus_and_active_menu()
PASS   : qmltestrunner::BatteryTray::test_return_after_invoker_removed_and_keyboard_context_menu()
PASS   : qmltestrunner::BatteryTray::test_signal_unread_icon_updates(bar)
PASS   : qmltestrunner::BatteryTray::test_signal_unread_icon_updates(overflow)
PASS   : qmltestrunner::BatteryTray::test_surface_exclusion_settings_cancel_and_monitor()
PASS   : qmltestrunner::BatteryTray::test_tray_icon_center_and_signal_color(signal)
PASS   : qmltestrunner::BatteryTray::test_tray_icon_center_and_signal_color(signalId)
PASS   : qmltestrunner::BatteryTray::test_tray_icon_center_and_signal_color(tether)
PASS   : qmltestrunner::BatteryTray::test_tray_icon_center_and_signal_color(unknown)
PASS   : qmltestrunner::BatteryTray::test_updates_do_not_take_focus_from_header_and_passive_skips()
PASS   : qmltestrunner::BatteryTray::cleanupTestCase()
Totals: 193 passed, 0 failed, 0 skipped, 0 blacklisted, 44567ms
********* Finished testing of qmltestrunner *********

