********* Start testing of qmltestrunner *********
Config: Using QtTest library 6.11.2, Qt 6.11.2 (x86_64-little_endian-lp64 shared (dynamic) release build; by GCC 16.2.1 20260810), arch unknown
PASS   : qmltestrunner::BatteryTray::initTestCase()
PASS   : qmltestrunner::BatteryTray::test_absent_peripheral_unavailable_and_return()
PASS   : qmltestrunner::BatteryTray::test_bar_activation_secondary_menu_tooltip_fallback()
PASS   : qmltestrunner::BatteryTray::test_bar_keyboard_and_only_menu()
PASS   : qmltestrunner::BatteryTray::test_battery_material_states(empty)
PASS   : qmltestrunner::BatteryTray::test_battery_material_states(one)
PASS   : qmltestrunner::BatteryTray::test_battery_material_states(two)
PASS   : qmltestrunner::BatteryTray::test_battery_material_states(three)
PASS   : qmltestrunner::BatteryTray::test_battery_material_states(four)
PASS   : qmltestrunner::BatteryTray::test_battery_material_states(five)
PASS   : qmltestrunner::BatteryTray::test_battery_material_states(six)
PASS   : qmltestrunner::BatteryTray::test_battery_material_states(full)
PASS   : qmltestrunner::BatteryTray::test_battery_material_states(unknown)
PASS   : qmltestrunner::BatteryTray::test_battery_material_states(charging20)
PASS   : qmltestrunner::BatteryTray::test_battery_material_states(charging30)
PASS   : qmltestrunner::BatteryTray::test_battery_material_states(charging50)
PASS   : qmltestrunner::BatteryTray::test_battery_material_states(charging60)
PASS   : qmltestrunner::BatteryTray::test_battery_material_states(charging80)
PASS   : qmltestrunner::BatteryTray::test_battery_material_states(chargingFull)
PASS   : qmltestrunner::BatteryTray::test_battery_missing_profiles_and_focus_recovery()
PASS   : qmltestrunner::BatteryTray::test_battery_monitor_toggle_and_twenty_cycles()
PASS   : qmltestrunner::BatteryTray::test_battery_profile_keyboard_confirmed_state_and_refusal()
PASS   : qmltestrunner::BatteryTray::test_battery_small_screen_scroll_and_mouse()
PASS   : qmltestrunner::BatteryTray::test_battery_states(charging)
PASS   : qmltestrunner::BatteryTray::test_battery_states(discharging)
PASS   : qmltestrunner::BatteryTray::test_battery_states(full)
PASS   : qmltestrunner::BatteryTray::test_battery_states(unknown)
PASS   : qmltestrunner::BatteryTray::test_battery_states(empty)
PASS   : qmltestrunner::BatteryTray::test_battery_states(pendingCharge)
PASS   : qmltestrunner::BatteryTray::test_battery_states(pendingDischarge)
PASS   : qmltestrunner::BatteryTray::test_battery_unknown_time_absent_and_full()
PASS   : qmltestrunner::BatteryTray::test_invalid_percent_unknown_time_and_warning_keeps_semantics()
PASS   : qmltestrunner::BatteryTray::test_layouts_preserve_main_controls()
PASS   : qmltestrunner::BatteryTray::test_menu_icon_updates_keep_vector_size_and_action()
PASS   : qmltestrunner::BatteryTray::test_menu_live_update_removes_submenu_and_recovers_focus()
PASS   : qmltestrunner::BatteryTray::test_menu_vim_standard_keys_submenu_and_trigger()
PASS   : qmltestrunner::BatteryTray::test_overflow_all_items_scrolling_back_and_escape_restore()
PASS   : qmltestrunner::BatteryTray::test_removal_with_focus_and_active_menu()
PASS   : qmltestrunner::BatteryTray::test_return_after_invoker_removed_and_keyboard_context_menu()
FAIL!  : qmltestrunner::BatteryTray::test_signal_unread_icon_updates(bar) Received a warning that resulted in a failure:
file:///home/attntd/projects/putkin/services/SignalTrayState.qml:1668656576: RangeError: Maximum call stack size exceeded.
   Loc: [file:///home/attntd/projects/putkin/services/SignalTrayState.qml(1668656576)]
FAIL!  : qmltestrunner::BatteryTray::test_signal_unread_icon_updates(bar) Received a warning that resulted in a failure:
file:///home/attntd/projects/putkin/services/SignalTrayState.qml:1668650096: RangeError: Maximum call stack size exceeded.
   Loc: [file:///home/attntd/projects/putkin/services/SignalTrayState.qml(1668650096)]
double free or corruption (!prev)
Received signal 6 (SIGABRT)
         BatteryTray::test_signal_unread_icon_updates function time: 3684ms, total time: 17561ms

=== Stack trace ===
Received signal 15 (SIGTERM) sent by PID 234963 UID 1000
         BatteryTray::test_signal_unread_icon_updates function time: 85710ms, total time: 99587ms

=== Stack trace ===
