[bus]
dbus-daemon[98335]: [session uid=1000 pid=98335 pidfd=4] Connection :1.2 (uid=1000 pid=98360 comm="/usr/bin/python3 -B /home/attntd/projects/putkin/s") became a monitor.
dbus-daemon[98335]: [session uid=1000 pid=98335 pidfd=4] Monitoring connection :1.2 closed.
dbus-daemon[98335]: [session uid=1000 pid=98335 pidfd=4] Connection :1.13 (uid=1000 pid=99135 comm="/usr/bin/python3 -B /home/attntd/projects/putkin/s") became a monitor.
dbus-daemon[98335]: [session uid=1000 pid=98335 pidfd=4] Monitoring connection :1.13 closed.
dbus-daemon[98335]: [session uid=1000 pid=98335 pidfd=4] Connection :1.18 (uid=1000 pid=99153 comm="/usr/bin/python3 -B /home/attntd/projects/putkin/s") became a monitor.
dbus-daemon[98335]: [session uid=1000 pid=98335 pidfd=4] Monitoring connection :1.18 closed.
dbus-daemon[98335]: [session uid=1000 pid=98335 pidfd=4] Connection :1.24 (uid=1000 pid=99197 comm="/usr/bin/python3 -B /home/attntd/projects/putkin/s") became a monitor.
dbus-daemon[98335]: [session uid=1000 pid=98335 pidfd=4] Monitoring connection :1.24 closed.

[native]
  INFO: Launching config: "/home/attntd/projects/putkin/notifications-test.qml"
  INFO: Shell ID: "baaa508919dd09c1fdb0fe45f5dbe4c8" Path ID "baaa508919dd09c1fdb0fe45f5dbe4c8"
  INFO: Saving logs to "/tmp/pk-dx529ima/runtime/quickshell/by-id/kv32w1vmlt/log.qslog"
  INFO: Configuration Loaded
  WARN: This plugin does not support setting window masks
  INFO qml: PUTKIN_PREVIEW_READY
  INFO: Reloading configuration...
  WARN: This plugin does not support setting window masks
  INFO: Configuration Loaded
  INFO qml: PUTKIN_PREVIEW_READY
  INFO: Reloading configuration...
  INFO: Configuration Loaded
  WARN: This plugin does not support setting window masks
  INFO qml: PUTKIN_PREVIEW_READY

[conflict]
  INFO: Launching config: "/home/attntd/projects/putkin/notifications-test.qml"
  INFO: Shell ID: "baaa508919dd09c1fdb0fe45f5dbe4c8" Path ID "baaa508919dd09c1fdb0fe45f5dbe4c8"
  INFO: Saving logs to "/tmp/pk-dx529ima/runtime/quickshell/by-id/hi42i2vmlt/log.qslog"
  INFO: Configuration Loaded
  WARN: This plugin does not support setting window masks
  INFO qml: PUTKIN_PREVIEW_READY

[recovery]
  INFO: Launching config: "/home/attntd/projects/putkin/notifications-test.qml"
  INFO: Shell ID: "baaa508919dd09c1fdb0fe45f5dbe4c8" Path ID "baaa508919dd09c1fdb0fe45f5dbe4c8"
  INFO: Saving logs to "/tmp/pk-dx529ima/runtime/quickshell/by-id/ti42j2vmlt/log.qslog"
  INFO: Configuration Loaded
  WARN: This plugin does not support setting window masks
  INFO qml: PUTKIN_PREVIEW_READY

[missing-helper]
  INFO: Launching config: "/home/attntd/projects/putkin/notifications-test.qml"
  INFO: Shell ID: "baaa508919dd09c1fdb0fe45f5dbe4c8" Path ID "baaa508919dd09c1fdb0fe45f5dbe4c8"
  INFO: Saving logs to "/tmp/pk-dx529ima/runtime/quickshell/by-id/yj42k2vmlt/log.qslog"
  INFO: Configuration Loaded
  WARN: This plugin does not support setting window masks
  WARN: Process failed to start, likely because the binary could not be found. Command: QList("python3", "-B", "/home/attntd/projects/putkin/services/notification-watch.py")
  INFO qml: PUTKIN_PREVIEW_READY
