********* Start testing of qmltestrunner *********
Config: Using QtTest library 6.11.2, Qt 6.11.2 (x86_64-little_endian-lp64 shared (dynamic) release build; by GCC 16.2.1 20260810), arch unknown
PASS   : qmltestrunner::ReleaseValidation::initTestCase()
PASS   : qmltestrunner::ReleaseValidation::test_all_services_unavailable_and_return_in_one_panel()
PASS   : qmltestrunner::ReleaseValidation::test_complete_keyboard_journey()
PASS   : qmltestrunner::ReleaseValidation::test_passive_overlays_leave_text_input_alone()
PASS   : qmltestrunner::ReleaseValidation::test_small_logical_screens(1920x1080@1)
PASS   : qmltestrunner::ReleaseValidation::test_small_logical_screens(1920x1080@1.25)
PASS   : qmltestrunner::ReleaseValidation::test_small_logical_screens(1920x1080@1.5)
PASS   : qmltestrunner::ReleaseValidation::test_small_logical_screens(1920x1080@2)
PASS   : qmltestrunner::ReleaseValidation::test_small_logical_screens(1366x768@1)
PASS   : qmltestrunner::ReleaseValidation::test_small_logical_screens(1366x768@1.25)
PASS   : qmltestrunner::ReleaseValidation::test_small_logical_screens(1366x768@1.5)
PASS   : qmltestrunner::ReleaseValidation::test_small_logical_screens(1366x768@2)
PASS   : qmltestrunner::ReleaseValidation::cleanupTestCase()
Totals: 13 passed, 0 failed, 0 skipped, 0 blacklisted, 4363ms
********* Finished testing of qmltestrunner *********

********* Start testing of qmltestrunner *********
Config: Using QtTest library 6.11.2, Qt 6.11.2 (x86_64-little_endian-lp64 shared (dynamic) release build; by GCC 16.2.1 20260810), arch unknown
PASS   : qmltestrunner::PointerFocus::initTestCase()
PASS   : qmltestrunner::PointerFocus::test_bar(workspace)
PASS   : qmltestrunner::PointerFocus::test_bar(tray)
PASS   : qmltestrunner::PointerFocus::test_bar(tray-menu)
PASS   : qmltestrunner::PointerFocus::test_bar(overflow)
PASS   : qmltestrunner::PointerFocus::test_bar(network)
PASS   : qmltestrunner::PointerFocus::test_bar(bluetooth)
PASS   : qmltestrunner::PointerFocus::test_bar(audio)
PASS   : qmltestrunner::PointerFocus::test_bar(battery)
PASS   : qmltestrunner::PointerFocus::test_bar(notifications)
PASS   : qmltestrunner::PointerFocus::test_bar(quick)
PASS   : qmltestrunner::PointerFocus::test_keyboard_bar_entry_on_clicked_workspace()
PASS   : qmltestrunner::PointerFocus::test_keyboard_entry_and_return_after_mouse()
PASS   : qmltestrunner::PointerFocus::test_mouse_close_does_not_resume_bar_navigation()
PASS   : qmltestrunner::PointerFocus::test_mouse_page_changes_and_power_confirmation()
PASS   : qmltestrunner::PointerFocus::test_notification_entry_from_bar()
PASS   : qmltestrunner::PointerFocus::test_quick_controls(audioMute)
PASS   : qmltestrunner::PointerFocus::test_quick_controls(audioOutputs)
PASS   : qmltestrunner::PointerFocus::test_quick_controls(brightnessDetails)
PASS   : qmltestrunner::PointerFocus::test_quick_controls(wifiRadio)
PASS   : qmltestrunner::PointerFocus::test_quick_controls(bluetoothRadio)
PASS   : qmltestrunner::PointerFocus::test_quick_controls(nightLightToggle)
PASS   : qmltestrunner::PointerFocus::test_quick_controls(notificationDnd)
PASS   : qmltestrunner::PointerFocus::test_quick_controls(caffeinateToggle)
PASS   : qmltestrunner::PointerFocus::test_quick_details_mouse_actions()
PASS   : qmltestrunner::PointerFocus::test_shared_buttons(button)
PASS   : qmltestrunner::PointerFocus::test_shared_buttons(navigation)
PASS   : qmltestrunner::PointerFocus::test_shared_buttons(module)
PASS   : qmltestrunner::PointerFocus::test_shared_buttons(tile)
PASS   : qmltestrunner::PointerFocus::test_shared_buttons(icon)
PASS   : qmltestrunner::PointerFocus::test_slider_and_text_keep_standard_input()
PASS   : qmltestrunner::PointerFocus::test_tray_mouse_buttons_submenu_and_keyboard()
FAIL!  : qmltestrunner::PointerFocus::test_wifi_password_and_cancel_keep_mouse_reason() Compared values are not the same
   Actual   (): 0
   Expected (): 1
   Loc: [/home/attntd/projects/putkin/tests/qml/tst_pointer_focus.qml(215)]
PASS   : qmltestrunner::PointerFocus::cleanupTestCase()
Totals: 33 passed, 1 failed, 0 skipped, 0 blacklisted, 9327ms
********* Finished testing of qmltestrunner *********

********* Start testing of qmltestrunner *********
Config: Using QtTest library 6.11.2, Qt 6.11.2 (x86_64-little_endian-lp64 shared (dynamic) release build; by GCC 16.2.1 20260810), arch unknown
PASS   : qmltestrunner::QuickMenu::initTestCase()
PASS   : qmltestrunner::QuickMenu::test_audio_becoming_ready_keeps_row_focus()
PASS   : qmltestrunner::QuickMenu::test_audio_is_one_keyboard_row()
PASS   : qmltestrunner::QuickMenu::test_caffeinate_modes_keyboard_mouse_and_confirmed_state()
PASS   : qmltestrunner::QuickMenu::test_caffeinate_rejection_only_notifies_and_keeps_previous_mode()
PASS   : qmltestrunner::QuickMenu::test_center_mouse_dismiss_and_expired_action_recover_focus()
PASS   : qmltestrunner::QuickMenu::test_center_small_panel_and_lifecycles()
PASS   : qmltestrunner::QuickMenu::test_distinct_audio_names_follow_device_not_default()
PASS   : qmltestrunner::QuickMenu::test_error_is_only_a_notification()
PASS   : qmltestrunner::QuickMenu::test_history_keeps_expired_dnd_and_transient()
PASS   : qmltestrunner::QuickMenu::test_history_replacements_limit_and_live_actions()
PASS   : qmltestrunner::QuickMenu::test_night_light_temperature_has_no_refresh()
PASS   : qmltestrunner::QuickMenu::test_notification_center_empty_and_mouse_focus()
PASS   : qmltestrunner::QuickMenu::test_radio_modules_own_lists_and_scanning()
PASS   : qmltestrunner::QuickMenu::test_small_grid_and_modes_remain_reachable()
PASS   : qmltestrunner::QuickMenu::test_tiles_toggle_without_management_or_progress_messages()
PASS   : qmltestrunner::QuickMenu::test_toggle_grid_geometry_focus_and_navigation()
PASS   : qmltestrunner::QuickMenu::cleanupTestCase()
Totals: 18 passed, 0 failed, 0 skipped, 0 blacklisted, 7185ms
********* Finished testing of qmltestrunner *********

