********* Start testing of qmltestrunner *********
Config: Using QtTest library 6.11.2, Qt 6.11.2 (x86_64-little_endian-lp64 shared (dynamic) release build; by GCC 16.2.1 20260810), arch unknown
PASS   : qmltestrunner::QuickMenu::initTestCase()
PASS   : qmltestrunner::QuickMenu::test_audio_becoming_ready_keeps_row_focus()
PASS   : qmltestrunner::QuickMenu::test_audio_is_one_keyboard_row()
PASS   : qmltestrunner::QuickMenu::test_center_mouse_dismiss_and_expired_action_recover_focus()
PASS   : qmltestrunner::QuickMenu::test_center_small_panel_and_lifecycles()
PASS   : qmltestrunner::QuickMenu::test_distinct_audio_names_follow_device_not_default()
PASS   : qmltestrunner::QuickMenu::test_error_is_only_a_notification()
PASS   : qmltestrunner::QuickMenu::test_history_keeps_expired_dnd_and_transient()
PASS   : qmltestrunner::QuickMenu::test_history_replacements_limit_and_live_actions()
PASS   : qmltestrunner::QuickMenu::test_night_light_temperature_has_no_refresh()
FAIL!  : qmltestrunner::QuickMenu::test_notification_center_empty_and_mouse_focus() TypeError: mouseClick requires an Item or Window type
   Loc: [/home/attntd/projects/putkin/tests/qml/tst_quick_menu.qml(200)]
FAIL!  : qmltestrunner::QuickMenu::test_notification_center_empty_and_mouse_focus() TypeError: mouseClick requires an Item or Window type
   Loc: [qrc:/qt-project.org/imports/QtTest/TestCase.qml(1944)]
PASS   : qmltestrunner::QuickMenu::test_radio_modules_own_lists_and_scanning()
PASS   : qmltestrunner::QuickMenu::test_tiles_toggle_without_management_or_progress_messages()
PASS   : qmltestrunner::QuickMenu::cleanupTestCase()
Totals: 13 passed, 1 failed, 0 skipped, 0 blacklisted, 5445ms
********* Finished testing of qmltestrunner *********

********* Start testing of qmltestrunner *********
Config: Using QtTest library 6.11.2, Qt 6.11.2 (x86_64-little_endian-lp64 shared (dynamic) release build; by GCC 16.2.1 20260810), arch unknown
PASS   : qmltestrunner::DesktopExtras::initTestCase()
PASS   : qmltestrunner::DesktopExtras::test_absent_backend_has_no_switch_and_recovers()
PASS   : qmltestrunner::DesktopExtras::test_confirmation_no_optimism_or_double_write()
PASS   : qmltestrunner::DesktopExtras::test_existing_state_no_start_or_write()
PASS   : qmltestrunner::DesktopExtras::test_failure(timeout)
PASS   : qmltestrunner::DesktopExtras::test_failure(denied)
PASS   : qmltestrunner::DesktopExtras::test_failure(restart)
PASS   : qmltestrunner::DesktopExtras::test_failure(version)
PASS   : qmltestrunner::DesktopExtras::test_failure(protocol)
PASS   : qmltestrunner::DesktopExtras::test_failure(unconfirmed)
PASS   : qmltestrunner::DesktopExtras::test_keyboard_temperature_and_section_order()
PASS   : qmltestrunner::DesktopExtras::test_restart_rejects_stale_action_without_retry()
PASS   : qmltestrunner::DesktopExtras::test_small_panel_scroll_and_lifecycle()
PASS   : qmltestrunner::DesktopExtras::test_temperature_bounds_and_external_refresh()
PASS   : qmltestrunner::DesktopExtras::test_wallpaper_fallback_path_and_input()
PASS   : qmltestrunner::DesktopExtras::test_wallpaper_image_load_and_release()
PASS   : qmltestrunner::DesktopExtras::test_wallpaper_missing_file_falls_back()
PASS   : qmltestrunner::DesktopExtras::cleanupTestCase()
Totals: 18 passed, 0 failed, 0 skipped, 0 blacklisted, 2792ms
********* Finished testing of qmltestrunner *********

********* Start testing of qmltestrunner *********
Config: Using QtTest library 6.11.2, Qt 6.11.2 (x86_64-little_endian-lp64 shared (dynamic) release build; by GCC 16.2.1 20260810), arch unknown
PASS   : qmltestrunner::PointerFocus::initTestCase()
PASS   : qmltestrunner::PointerFocus::test_bar(workspace)
PASS   : qmltestrunner::PointerFocus::test_bar(tray)
PASS   : qmltestrunner::PointerFocus::test_bar(tray-menu)
PASS   : qmltestrunner::PointerFocus::test_bar(overflow)
PASS   : qmltestrunner::PointerFocus::test_bar(network)
PASS   : qmltestrunner::PointerFocus::test_bar(bluetooth)
PASS   : qmltestrunner::PointerFocus::test_bar(audio)
PASS   : qmltestrunner::PointerFocus::test_bar(battery)
PASS   : qmltestrunner::PointerFocus::test_bar(notifications)
PASS   : qmltestrunner::PointerFocus::test_bar(quick)
PASS   : qmltestrunner::PointerFocus::test_keyboard_bar_entry_on_clicked_workspace()
PASS   : qmltestrunner::PointerFocus::test_keyboard_entry_and_return_after_mouse()
PASS   : qmltestrunner::PointerFocus::test_mouse_close_does_not_resume_bar_navigation()
PASS   : qmltestrunner::PointerFocus::test_mouse_page_changes_and_power_confirmation()
FAIL!  : qmltestrunner::PointerFocus::test_notification_entry_from_bar() TypeError: mouseClick requires an Item or Window type
   Loc: [/home/attntd/projects/putkin/tests/qml/tst_pointer_focus.qml(235)]
FAIL!  : qmltestrunner::PointerFocus::test_notification_entry_from_bar() TypeError: mouseClick requires an Item or Window type
   Loc: [qrc:/qt-project.org/imports/QtTest/TestCase.qml(1944)]
PASS   : qmltestrunner::PointerFocus::test_quick_controls(audioMute)
PASS   : qmltestrunner::PointerFocus::test_quick_controls(audioOutputs)
PASS   : qmltestrunner::PointerFocus::test_quick_controls(brightnessDetails)
PASS   : qmltestrunner::PointerFocus::test_quick_controls(wifiRadio)
PASS   : qmltestrunner::PointerFocus::test_quick_controls(bluetoothRadio)
PASS   : qmltestrunner::PointerFocus::test_quick_controls(nightLightToggle)
PASS   : qmltestrunner::PointerFocus::test_quick_controls(notificationDnd)
PASS   : qmltestrunner::PointerFocus::test_quick_controls(caffeinateToggle)
PASS   : qmltestrunner::PointerFocus::test_quick_details_mouse_actions()
PASS   : qmltestrunner::PointerFocus::test_shared_buttons(button)
PASS   : qmltestrunner::PointerFocus::test_shared_buttons(navigation)
PASS   : qmltestrunner::PointerFocus::test_shared_buttons(module)
PASS   : qmltestrunner::PointerFocus::test_shared_buttons(tile)
PASS   : qmltestrunner::PointerFocus::test_shared_buttons(icon)
PASS   : qmltestrunner::PointerFocus::test_slider_and_text_keep_standard_input()
PASS   : qmltestrunner::PointerFocus::test_tray_mouse_buttons_submenu_and_keyboard()
FAIL!  : qmltestrunner::PointerFocus::test_wifi_password_and_cancel_keep_mouse_reason() Compared values are not the same
   Actual   (): 0
   Expected (): 1
   Loc: [/home/attntd/projects/putkin/tests/qml/tst_pointer_focus.qml(214)]
PASS   : qmltestrunner::PointerFocus::cleanupTestCase()
Totals: 32 passed, 2 failed, 0 skipped, 0 blacklisted, 9198ms
********* Finished testing of qmltestrunner *********

********* Start testing of qmltestrunner *********
Config: Using QtTest library 6.11.2, Qt 6.11.2 (x86_64-little_endian-lp64 shared (dynamic) release build; by GCC 16.2.1 20260810), arch unknown
PASS   : qmltestrunner::VisualContract::initTestCase()
PASS   : qmltestrunner::VisualContract::test_bar_icons_and_confirmed_connection_colors()
PASS   : qmltestrunner::VisualContract::test_compact_layout_font_borders_and_no_hover_popup()
PASS   : qmltestrunner::VisualContract::test_error_is_a_toast_with_panel_open_and_in_dnd()
PASS   : qmltestrunner::VisualContract::test_fade_keeps_geometry_and_reduced_motion_is_immediate()
PASS   : qmltestrunner::VisualContract::test_one_detail_section_and_keyboard_entry()
PASS   : qmltestrunner::VisualContract::test_osd_horizontal_and_fade_retains_last_monitor()
PASS   : qmltestrunner::VisualContract::cleanupTestCase()
Totals: 8 passed, 0 failed, 0 skipped, 0 blacklisted, 2050ms
********* Finished testing of qmltestrunner *********

********* Start testing of qmltestrunner *********
Config: Using QtTest library 6.11.2, Qt 6.11.2 (x86_64-little_endian-lp64 shared (dynamic) release build; by GCC 16.2.1 20260810), arch unknown
PASS   : qmltestrunner::Notifications::initTestCase()
PASS   : qmltestrunner::Notifications::test_arrival_mouse_close_and_action_preserve_focus()
PASS   : qmltestrunner::Notifications::test_backend_loss_and_disabled_dnd()
PASS   : qmltestrunner::Notifications::test_dnd_discards_without_replay_and_critical_does_not_expire()
PASS   : qmltestrunner::Notifications::test_flood_bounds_fifo_and_critical_priority()
PASS   : qmltestrunner::Notifications::test_identical_replacement_restarts_deadline_and_retains_card()
PASS   : qmltestrunner::Notifications::test_keyboard_hjkl_enter_escape_and_tooltip()
PASS   : qmltestrunner::Notifications::test_keyboard_pause_and_focus_repair()
PASS   : qmltestrunner::Notifications::test_missing_data_plain_text_and_limits()
PASS   : qmltestrunner::Notifications::test_monitor_routing_hotplug_and_geometry()
PASS   : qmltestrunner::Notifications::test_quick_settings_center_dnd_and_intentional_handoff()
PASS   : qmltestrunner::Notifications::test_replaced_actions_and_client_close()
PASS   : qmltestrunner::Notifications::test_resident_transient_and_nonresident_actions()
PASS   : qmltestrunner::Notifications::test_screen_resize_rebalances_without_duplicate_views()
PASS   : qmltestrunner::Notifications::test_small_screen_bounds_images_scroll_and_queue()
PASS   : qmltestrunner::Notifications::test_small_screen_critical_queue_rejects_normal_before_tracking()
PASS   : qmltestrunner::Notifications::test_timeout_default_zero_and_queue_deadline()
PASS   : qmltestrunner::Notifications::test_twenty_lifecycles()
PASS   : qmltestrunner::Notifications::cleanupTestCase()
Totals: 19 passed, 0 failed, 0 skipped, 0 blacklisted, 8287ms
********* Finished testing of qmltestrunner *********

