PASS: 169 plików QML, 0 z błędami.
{
  "current": "/home/attntd/.local/share/putkin/releases/20260922-164237-43dac342d904",
  "active": {
    "config_path": "/home/attntd/.config/quickshell/shell.qml",
    "id": "6cpifyrlt",
    "launch_time": "2026-09-22T18:42:54",
    "pid": 32838,
    "shell_id": "770bba0d0f619c4ab3ab0453a539d542",
    "warnings": []
  },
  "removed": [
    "20260921-091350-39f9ddda75b4"
  ],
  "retained": [
    "20260922-164237-43dac342d904",
    "20260921-141345-67428b3b725f",
    "20260921-135431-96e7045e65b0",
    "20260921-110638-03f24e35e2b4",
    "20260921-104858-36c9df96d894"
  ],
  "configuration": [],
  "configBackup": null,
  "cleanSlate": null,
  "optionalMissing": []
}
