[bus]
dbus-daemon[437882]: [session uid=1000 pid=437882 pidfd=4] Connection :1.2 (uid=1000 pid=437913 comm="/usr/bin/python3 -B /home/attntd/projects/signal/s") became a monitor.
dbus-daemon[437882]: [session uid=1000 pid=437882 pidfd=4] Monitoring connection :1.2 closed.
dbus-daemon[437882]: [session uid=1000 pid=437882 pidfd=4] Connection :1.13 (uid=1000 pid=438701 comm="/usr/bin/python3 -B /home/attntd/projects/signal/s") became a monitor.
dbus-daemon[437882]: [session uid=1000 pid=437882 pidfd=4] Monitoring connection :1.13 closed.
dbus-daemon[437882]: [session uid=1000 pid=437882 pidfd=4] Connection :1.18 (uid=1000 pid=438733 comm="/usr/bin/python3 -B /home/attntd/projects/signal/s") became a monitor.
dbus-daemon[437882]: [session uid=1000 pid=437882 pidfd=4] Monitoring connection :1.18 closed.
dbus-daemon[437882]: [session uid=1000 pid=437882 pidfd=4] Connection :1.24 (uid=1000 pid=438789 comm="/usr/bin/python3 -B /home/attntd/projects/signal/s") became a monitor.
dbus-daemon[437882]: [session uid=1000 pid=437882 pidfd=4] Monitoring connection :1.24 closed.

[native]
  INFO: Launching config: "/home/attntd/projects/signal/notifications-test.qml"
  INFO: Shell ID: "3eff0287e358f60ff33f9f8456344de3" Path ID "3eff0287e358f60ff33f9f8456344de3"
  INFO: Saving logs to "/tmp/pk-29kyr17j/runtime/quickshell/by-id/hvd9sqkolt/log.qslog"
  INFO: Configuration Loaded
  WARN: This plugin does not support setting window masks
  INFO qml: PUTKIN_PREVIEW_READY
  INFO: Reloading configuration...
  WARN: This plugin does not support setting window masks
  INFO: Configuration Loaded
  INFO qml: PUTKIN_PREVIEW_READY
  INFO: Reloading configuration...
  INFO: Configuration Loaded
  WARN: This plugin does not support setting window masks
  INFO qml: PUTKIN_PREVIEW_READY

[conflict]
  INFO: Launching config: "/home/attntd/projects/signal/notifications-test.qml"
  INFO: Shell ID: "3eff0287e358f60ff33f9f8456344de3" Path ID "3eff0287e358f60ff33f9f8456344de3"
  INFO: Saving logs to "/tmp/pk-29kyr17j/runtime/quickshell/by-id/eje9irkolt/log.qslog"
  INFO: Configuration Loaded
  WARN: This plugin does not support setting window masks
  INFO qml: PUTKIN_PREVIEW_READY

[recovery]
  INFO: Launching config: "/home/attntd/projects/signal/notifications-test.qml"
  INFO: Shell ID: "3eff0287e358f60ff33f9f8456344de3" Path ID "3eff0287e358f60ff33f9f8456344de3"
  INFO: Saving logs to "/tmp/pk-29kyr17j/runtime/quickshell/by-id/7ke9jrkolt/log.qslog"
  INFO: Configuration Loaded
  WARN: This plugin does not support setting window masks
  INFO qml: PUTKIN_PREVIEW_READY

[missing-helper]
  INFO: Launching config: "/home/attntd/projects/signal/notifications-test.qml"
  INFO: Shell ID: "3eff0287e358f60ff33f9f8456344de3" Path ID "3eff0287e358f60ff33f9f8456344de3"
  INFO: Saving logs to "/tmp/pk-29kyr17j/runtime/quickshell/by-id/3le9krkolt/log.qslog"
  INFO: Configuration Loaded
  WARN: This plugin does not support setting window masks
  WARN: Process failed to start, likely because the binary could not be found. Command: QList("python3", "-B", "/home/attntd/projects/signal/services/notification-watch.py")
  INFO qml: PUTKIN_PREVIEW_READY
