bus:
dbus-daemon[436343]: [session uid=1000 pid=436343 pidfd=4] Connection :1.1 (uid=1000 pid=436356 comm="/usr/bin/python3 -B /home/attntd/projects/signal/s") became a monitor.
dbus-daemon[436343]: [session uid=1000 pid=436343 pidfd=4] Monitoring connection :1.1 closed.
dbus-daemon[436343]: [session uid=1000 pid=436343 pidfd=4] Connection :1.8 (uid=1000 pid=436489 comm="/usr/bin/python3 -B /home/attntd/projects/signal/s") became a monitor.
dbus-daemon[436343]: [session uid=1000 pid=436343 pidfd=4] Monitoring connection :1.8 closed.
dbus-daemon[436343]: [session uid=1000 pid=436343 pidfd=4] Connection :1.13 (uid=1000 pid=436524 comm="/usr/bin/python3 -B /home/attntd/projects/signal/s") became a monitor.
dbus-daemon[436343]: [session uid=1000 pid=436343 pidfd=4] Monitoring connection :1.13 closed.
dbus-daemon[436343]: [session uid=1000 pid=436343 pidfd=4] Connection :1.18 (uid=1000 pid=436571 comm="/usr/bin/python3 -B /home/attntd/projects/signal/s") became a monitor.
dbus-daemon[436343]: [session uid=1000 pid=436343 pidfd=4] Monitoring connection :1.18 closed.

shell:
  INFO: Launching config: "/home/attntd/projects/signal/signal-notifications-test.qml"
  INFO: Shell ID: "c6498b2608cd6230f2552eece8850a49" Path ID "c6498b2608cd6230f2552eece8850a49"
  INFO: Saving logs to "/tmp/pk-s05-3xtezbir/runtime/quickshell/by-id/poc9ookolt/log.qslog"
  INFO: Configuration Loaded
  WARN: This plugin does not support setting window masks
  WARN: This plugin does not support setting window masks
  INFO: Reloading configuration...
  INFO: Configuration Loaded
  WARN: This plugin does not support setting window masks
  INFO: Reloading configuration...
  INFO: Configuration Loaded
  WARN: This plugin does not support setting window masks
  INFO: Reloading configuration...
  INFO: Configuration Loaded
  WARN: This plugin does not support setting window masks
