test_byte_fragmentation_preserves_multibyte_utf8 (test_signal_contract.SignalContractTest.test_byte_fragmentation_preserves_multibyte_utf8) ... ok
test_malformed_truncated_and_oversized_input_fail (test_signal_contract.SignalContractTest.test_malformed_truncated_and_oversized_input_fail) ... ok
test_manual_receive_waits_for_subscription_request (test_signal_contract.SignalContractTest.test_manual_receive_waits_for_subscription_request) ... ok
test_stdio_round_trip_and_eof (test_signal_contract.SignalContractTest.test_stdio_round_trip_and_eof) ... ok
test_wrong_recipient_cannot_get_scripted_send_success (test_signal_contract.SignalContractTest.test_wrong_recipient_cannot_get_scripted_send_success) ... ok
test_crash_after_dispatch_keeps_unknown_without_resending_on_reconnect (test_signal_history.BridgeHistoryTests.test_crash_after_dispatch_keeps_unknown_without_resending_on_reconnect) ... ok
test_deadline_cleanup_runs_without_polling_or_another_ui_request (test_signal_history.BridgeHistoryTests.test_deadline_cleanup_runs_without_polling_or_another_ui_request) ... ok
test_end_to_end_receive_send_sync_pages_drafts_commit_and_restart (test_signal_history.BridgeHistoryTests.test_end_to_end_receive_send_sync_pages_drafts_commit_and_restart) ... ok
test_retention_preflight_blocks_send_and_never_persists_cli_secrets (test_signal_history.BridgeHistoryTests.test_retention_preflight_blocks_send_and_never_persists_cli_secrets) ... ok
test_storage_failure_stops_receive_before_next_event_and_requires_retry (test_signal_history.BridgeHistoryTests.test_storage_failure_stops_receive_before_next_event_and_requires_retry) ... ok
test_timeout_late_reply_reconciles_and_releases_queue_without_resend (test_signal_history.BridgeHistoryTests.test_timeout_late_reply_reconciles_and_releases_queue_without_resend) ... ok
test_delete_and_edit_before_target_never_restore_content_and_pending_is_bounded (test_signal_history.HistoryTests.test_delete_and_edit_before_target_never_restore_content_and_pending_is_bounded) ... ok
test_duplicates_protocol_keys_do_not_merge_equal_text_authors_groups_accounts (test_signal_history.HistoryTests.test_duplicates_protocol_keys_do_not_merge_equal_text_authors_groups_accounts) ... ok
test_expired_outbox_cleanup_and_tombstone_after_restart (test_signal_history.HistoryTests.test_expired_outbox_cleanup_and_tombstone_after_restart) ... ok
test_full_disk_and_readonly_transaction_never_publish_uncommitted_message (test_signal_history.HistoryTests.test_full_disk_and_readonly_transaction_never_publish_uncommitted_message) ... ok
test_missing_timestamp_wrong_recipient_and_rpc_error_are_unknown (test_signal_history.HistoryTests.test_missing_timestamp_wrong_recipient_and_rpc_error_are_unknown) ... ok
test_number_only_recipient_stays_unresolved_and_account_rebinding_is_by_aci (test_signal_history.HistoryTests.test_number_only_recipient_stays_unresolved_and_account_rebinding_is_by_aci) ... ok
test_pagination_ties_scopes_large_frames_and_safe_integer_timestamps (test_signal_history.HistoryTests.test_pagination_ties_scopes_large_frames_and_safe_integer_timestamps) ... ok
test_payload_conflict_and_source_device_are_not_silent_overwrites (test_signal_history.HistoryTests.test_payload_conflict_and_source_device_are_not_silent_overwrites) ... ok
test_per_recipient_partial_network_failure_and_safe_retry (test_signal_history.HistoryTests.test_per_recipient_partial_network_failure_and_safe_retry) ... ok
test_phone_incoming_local_reply_and_restart_preserve_history_draft_and_outbox (test_signal_history.HistoryTests.test_phone_incoming_local_reply_and_restart_preserve_history_draft_and_outbox) ... ok
test_process_death_before_after_commit_and_after_sending_marker (test_signal_history.HistoryTests.test_process_death_before_after_commit_and_after_sending_marker) ... ok
test_queue_idempotence_draft_compare_and_swap_and_cancel (test_signal_history.HistoryTests.test_queue_idempotence_draft_compare_and_swap_and_cancel) ... ok
test_redaction_clears_wal_and_checkpoint_failure_blocks_publication (test_signal_history.HistoryTests.test_redaction_clears_wal_and_checkpoint_failure_blocks_publication) ... ok
test_schema_rollback_newer_version_corrupt_db_and_unsafe_companions (test_signal_history.HistoryTests.test_schema_rollback_newer_version_corrupt_db_and_unsafe_companions) ... ok
test_sync_before_and_after_rpc_preserve_local_key (test_signal_history.HistoryTests.test_sync_before_and_after_rpc_preserve_local_key) ... ok
test_unknown_no_timestamp_never_guesses_by_text_and_retry_is_explicitly_rejected (test_signal_history.HistoryTests.test_unknown_no_timestamp_never_guesses_by_text_and_retry_is_explicitly_rejected) ... ok
test_unsupported_retention_media_and_unknown_events_do_not_archive_payloads (test_signal_history.HistoryTests.test_unsupported_retention_media_and_unknown_events_do_not_archive_payloads) ... ok
test_backoff_stops_after_five_retries_and_explicit_retry_recovers (test_signal_lifecycle.LifecycleTests.test_backoff_stops_after_five_retries_and_explicit_retry_recovers) ... ok
test_eof_term_kill_helper_and_owned_shell (test_signal_lifecycle.LifecycleTests.test_eof_term_kill_helper_and_owned_shell) ... ok
test_forced_cleanup_holds_lock_until_cli_dies (test_signal_lifecycle.LifecycleTests.test_forced_cleanup_holds_lock_until_cli_dies) ... ok
test_invalid_version_accounts_and_ipc_frames_are_finite (test_signal_lifecycle.LifecycleTests.test_invalid_version_accounts_and_ipc_frames_are_finite) ... ok
test_ipc_burst_limit_and_invalid_version (test_signal_lifecycle.LifecycleTests.test_ipc_burst_limit_and_invalid_version) ... ok
test_private_paths_and_lock_symlinks_rejected (test_signal_lifecycle.LifecycleTests.test_private_paths_and_lock_symlinks_rejected) ... ok
test_production_subscribes_only_after_durable_store_is_ready (test_signal_lifecycle.LifecycleTests.test_production_subscribes_only_after_durable_store_is_ready) ... ok
test_reconnect_generation_error_redaction_and_explicit_cancel (test_signal_lifecycle.LifecycleTests.test_reconnect_generation_error_redaction_and_explicit_cancel) ... ok
test_two_starts_stale_lock_inode_and_reload (test_signal_lifecycle.LifecycleTests.test_two_starts_stale_lock_inode_and_reload) ... ok
test_unconfigured_idle_disabled_and_missing_binary (test_signal_lifecycle.LifecycleTests.test_unconfigured_idle_disabled_and_missing_binary) ... ok
test_corrupt_large_truncated_utf8_and_version (test_signal_lifecycle.TransportTests.test_corrupt_large_truncated_utf8_and_version) ... ok
test_limits_and_stop_inflight_never_succeed (test_signal_lifecycle.TransportTests.test_limits_and_stop_inflight_never_succeed) ... ok
test_out_of_order_timeout_late_reply_and_cancellation (test_signal_lifecycle.TransportTests.test_out_of_order_timeout_late_reply_and_cancellation) ... ok
test_partial_utf8_coalesced_frames_and_event_before_reply (test_signal_lifecycle.TransportTests.test_partial_utf8_coalesced_frames_and_event_before_reply) ... ok
test_admin_only_group_and_disabled_account_block_send (test_signal_messages.MessagingTests.test_admin_only_group_and_disabled_account_block_send) ... ok
test_directory_names_unread_and_permissions_are_model_data (test_signal_messages.MessagingTests.test_directory_names_unread_and_permissions_are_model_data) ... ok
test_invalid_and_unknown_recipient_never_create_or_send (test_signal_messages.MessagingTests.test_invalid_and_unknown_recipient_never_create_or_send) ... ok
test_phone_and_username_resolve_to_one_empty_scoped_conversation_without_send (test_signal_messages.MessagingTests.test_phone_and_username_resolve_to_one_empty_scoped_conversation_without_send) ... ok
test_cas_account_scope_and_mute_are_persistent (test_signal_notifications.NotificationTests.test_cas_account_scope_and_mute_are_persistent) ... ok
test_definite_failure_retries_existing_operation_and_keeps_text (test_signal_notifications.NotificationTests.test_definite_failure_retries_existing_operation_and_keeps_text) ... ok
test_migration_v1_preserves_history_and_rolls_back_on_failure (test_signal_notifications.NotificationTests.test_migration_v1_preserves_history_and_rolls_back_on_failure) ... ERROR
test_new_incoming_only_after_commit_without_duplicate_or_technical_toasts (test_signal_notifications.NotificationTests.test_new_incoming_only_after_commit_without_duplicate_or_technical_toasts) ... ok
test_reply_separate_from_composer_stable_operation_and_success (test_signal_notifications.NotificationTests.test_reply_separate_from_composer_stable_operation_and_success) ... ok
test_unknown_blocks_new_intent_and_retention_cleans_every_reply_copy (test_signal_notifications.NotificationTests.test_unknown_blocks_new_intent_and_retention_cleans_every_reply_copy) ... ok
test_cancel_reaps_attempt_stale_cancel_and_retry (test_signal_pairing.PairingTests.test_cancel_reaps_attempt_stale_cancel_and_retry) ... ok
test_config_validation_preserves_previous_file_and_rejects_symlink (test_signal_pairing.PairingTests.test_config_validation_preserves_previous_file_and_rejects_symlink) ... ok
test_disable_persists_and_history_deletion_is_separate (test_signal_pairing.PairingTests.test_disable_persists_and_history_deletion_is_separate) ... ok
test_lost_finish_reply_reconciles_persisted_account (test_signal_pairing.PairingTests.test_lost_finish_reply_reconciles_persisted_account) ... ok
test_process_restart_during_pairing_requires_fresh_attempt (test_signal_pairing.PairingTests.test_process_restart_during_pairing_requires_fresh_attempt) ... ok
test_qr_roundtrip_independent_decoder_and_missing_library (test_signal_pairing.PairingTests.test_qr_roundtrip_independent_decoder_and_missing_library) ... ok
test_revoked_account_refresh_preserves_history_and_stops_receiver (test_signal_pairing.PairingTests.test_revoked_account_refresh_preserves_history_and_stops_receiver) ... ok
test_success_double_click_directory_and_restart_without_repairing (test_signal_pairing.PairingTests.test_success_double_click_directory_and_restart_without_repairing) ... ok
test_timeout_clears_secret_reconciles_and_does_not_automatically_retry_link (test_signal_pairing.PairingTests.test_timeout_clears_secret_reconciles_and_does_not_automatically_retry_link) ... ok
test_transport_failure_preserves_linked_identity (test_signal_pairing.PairingTests.test_transport_failure_preserves_linked_identity) ... ok

======================================================================
ERROR: test_migration_v1_preserves_history_and_rolls_back_on_failure (test_signal_notifications.NotificationTests.test_migration_v1_preserves_history_and_rolls_back_on_failure)
----------------------------------------------------------------------
Traceback (most recent call last):
  File "/home/attntd/projects/signal/tests/test_signal_notifications.py", line 140, in test_migration_v1_preserves_history_and_rolls_back_on_failure
    self.store = Store(self.lease)
                 ~~~~~^^^^^^^^^^^^
  File "/home/attntd/projects/signal/services/signal_store.py", line 75, in __init__
    with self.transaction():
         ~~~~~~~~~~~~~~~~^^
  File "/usr/lib/python3.14/contextlib.py", line 162, in __exit__
    self.gen.throw(value)
    ~~~~~~~~~~~~~~^^^^^^^
  File "/home/attntd/projects/signal/services/signal_store.py", line 128, in transaction
    raise Failure("storage_error") from None
signal_transport.Failure: storage_error

----------------------------------------------------------------------
Ran 62 tests in 153.103s

FAILED (errors=1)
