  INFO: Launching config: "/home/attntd/projects/putkin/wayland-validation.qml"
  INFO: Shell ID: "74f440bf839f7eb96ee44cad995b4316" Path ID "74f440bf839f7eb96ee44cad995b4316"
  INFO: Saving logs to "/tmp/pw-zffs0mzw/r/quickshell/by-id/01d8tmlt/log.qslog"
  INFO: Configuration Loaded
 DEBUG qml: GRABTRACE 1789855358442 backing true true false false false false
 DEBUG qml: GRABTRACE 1789855358443 grab true true false false true false
 DEBUG qml: GRABTRACE 1789855358471 active true true true true true false
 DEBUG qml: GRABTRACE 1789855358471 later true true true true true false
 DEBUG qml: GRABTRACE 1789855358870 grab false true true true false false
 DEBUG qml: GRABTRACE 1789855358876 active false true false false false false
 DEBUG qml: GRABTRACE 1789855359004 backing false false false false false false
 DEBUG qml: GRABTRACE 1789855360581 backing true true false false false false
 DEBUG qml: GRABTRACE 1789855360581 grab true true false false true false
 DEBUG qml: GRABTRACE 1789855360651 active true true true true true false
 DEBUG qml: GRABTRACE 1789855360655 later true true true true true false
 DEBUG qml: GRABTRACE 1789855360667 active true true false false true false
 DEBUG qml: GRABTRACE 1789855360669 later true true false false true false
 DEBUG qml: GRABTRACE 1789855360669 refreshing true true false false true true
 DEBUG qml: GRABTRACE 1789855360669 grab true true false false false true
 DEBUG qml: GRABTRACE 1789855360669 refreshing true true false false false false
 DEBUG qml: GRABTRACE 1789855360669 grab true true false false true false
 DEBUG qml: GRABTRACE 1789855360670 active true true true true true false
 DEBUG qml: GRABTRACE 1789855360670 later true true true true true false
 DEBUG qml: GRABTRACE 1789855360689 active true true false false true false
 DEBUG qml: GRABTRACE 1789855360689 later true true false false true false
 DEBUG qml: GRABTRACE 1789855360689 refreshing true true false false true true
 DEBUG qml: GRABTRACE 1789855360689 grab true true false false false true
 DEBUG qml: GRABTRACE 1789855360689 refreshing true true false false false false
 DEBUG qml: GRABTRACE 1789855360689 grab true true false false true false
 DEBUG qml: GRABTRACE 1789855360690 active true true true true true false
 DEBUG qml: GRABTRACE 1789855360690 later true true true true true false
 DEBUG qml: GRABTRACE 1789855360741 cleared true true true true false false
 DEBUG qml: GRABTRACE 1789855360742 grab false true true true false false
 DEBUG qml: GRABTRACE 1789855360745 active false true false false false false
 DEBUG qml: GRABTRACE 1789855360876 backing false false false false false false
 DEBUG qml: GRABTRACE 1789855361378 backing true true false false false false
 DEBUG qml: GRABTRACE 1789855361378 grab true true false false true false
 DEBUG qml: GRABTRACE 1789855361436 active true true true true true false
 DEBUG qml: GRABTRACE 1789855361455 later true true true true true false
 DEBUG qml: GRABTRACE 1789855361469 active true true false false true false
 DEBUG qml: GRABTRACE 1789855361469 later true true false false true false
 DEBUG qml: GRABTRACE 1789855361469 refreshing true true false false true true
 DEBUG qml: GRABTRACE 1789855361469 grab true true false false false true
 DEBUG qml: GRABTRACE 1789855361469 refreshing true true false false false false
 DEBUG qml: GRABTRACE 1789855361469 grab true true false false true false
 DEBUG qml: GRABTRACE 1789855361470 active true true true true true false
 DEBUG qml: GRABTRACE 1789855361470 later true true true true true false
 DEBUG qml: GRABTRACE 1789855361491 active true true false false true false
 DEBUG qml: GRABTRACE 1789855361491 later true true false false true false
 DEBUG qml: GRABTRACE 1789855361491 refreshing true true false false true true
 DEBUG qml: GRABTRACE 1789855361491 grab true true false false false true
 DEBUG qml: GRABTRACE 1789855361491 refreshing true true false false false false
 DEBUG qml: GRABTRACE 1789855361491 grab true true false false true false
 DEBUG qml: GRABTRACE 1789855361491 active true true true true true false
 DEBUG qml: GRABTRACE 1789855361492 later true true true true true false
 DEBUG qml: GRABTRACE 1789855361587 grab false true true true false false
 DEBUG qml: GRABTRACE 1789855361590 active false true false false false false
 DEBUG qml: GRABTRACE 1789855361719 backing false false false false false false
 DEBUG qml: GRABTRACE 1789855362126 backing true true false false false false
 DEBUG qml: GRABTRACE 1789855362127 grab true true false false true false
 DEBUG qml: GRABTRACE 1789855362185 active true true true true true false
 DEBUG qml: GRABTRACE 1789855362204 later true true true true true false
 DEBUG qml: GRABTRACE 1789855362218 active true true false false true false
 DEBUG qml: GRABTRACE 1789855362219 later true true false false true false
 DEBUG qml: GRABTRACE 1789855362219 refreshing true true false false true true
 DEBUG qml: GRABTRACE 1789855362219 grab true true false false false true
 DEBUG qml: GRABTRACE 1789855362219 refreshing true true false false false false
 DEBUG qml: GRABTRACE 1789855362219 grab true true false false true false
 DEBUG qml: GRABTRACE 1789855362220 active true true true true true false
 DEBUG qml: GRABTRACE 1789855362220 later true true true true true false
 DEBUG qml: GRABTRACE 1789855362239 active true true false false true false
 DEBUG qml: GRABTRACE 1789855362240 later true true false false true false
 DEBUG qml: GRABTRACE 1789855362240 refreshing true true false false true true
 DEBUG qml: GRABTRACE 1789855362240 grab true true false false false true
 DEBUG qml: GRABTRACE 1789855362240 refreshing true true false false false false
 DEBUG qml: GRABTRACE 1789855362240 grab true true false false true false
 DEBUG qml: GRABTRACE 1789855362241 active true true true true true false
 DEBUG qml: GRABTRACE 1789855362241 later true true true true true false
 DEBUG qml: GRABTRACE 1789855362346 grab false true true true false false
 DEBUG qml: GRABTRACE 1789855362349 active false true false false false false
 DEBUG qml: GRABTRACE 1789855362478 backing false false false false false false
 DEBUG qml: GRABTRACE 1789855362866 backing true true false false false false
 DEBUG qml: GRABTRACE 1789855362866 grab true true false false true false
 DEBUG qml: GRABTRACE 1789855362930 active true true true true true false
 DEBUG qml: GRABTRACE 1789855362949 later true true true true true false
 DEBUG qml: GRABTRACE 1789855362963 active true true false false true false
 DEBUG qml: GRABTRACE 1789855362963 later true true false false true false
 DEBUG qml: GRABTRACE 1789855362963 refreshing true true false false true true
 DEBUG qml: GRABTRACE 1789855362963 grab true true false false false true
 DEBUG qml: GRABTRACE 1789855362963 refreshing true true false false false false
 DEBUG qml: GRABTRACE 1789855362963 grab true true false false true false
 DEBUG qml: GRABTRACE 1789855362964 active true true true true true false
 DEBUG qml: GRABTRACE 1789855362964 later true true true true true false
 DEBUG qml: GRABTRACE 1789855362985 active true true false false true false
 DEBUG qml: GRABTRACE 1789855362985 later true true false false true false
 DEBUG qml: GRABTRACE 1789855362985 refreshing true true false false true true
 DEBUG qml: GRABTRACE 1789855362985 grab true true false false false true
 DEBUG qml: GRABTRACE 1789855362985 refreshing true true false false false false
 DEBUG qml: GRABTRACE 1789855362985 grab true true false false true false
 DEBUG qml: GRABTRACE 1789855362986 active true true true true true false
 DEBUG qml: GRABTRACE 1789855362986 later true true true true true false
 DEBUG qml: GRABTRACE 1789855363080 grab false true true true false false
 DEBUG qml: GRABTRACE 1789855363083 active false true false false false false
 DEBUG qml: GRABTRACE 1789855363212 backing false false false false false false
 DEBUG qml: GRABTRACE 1789855363618 backing true true false false false false
 DEBUG qml: GRABTRACE 1789855363618 grab true true false false true false
 DEBUG qml: GRABTRACE 1789855363692 active true true true true true false
 DEBUG qml: GRABTRACE 1789855363711 later true true true true true false
 DEBUG qml: GRABTRACE 1789855363726 active true true false false true false
 DEBUG qml: GRABTRACE 1789855363729 later true true false false true false
 DEBUG qml: GRABTRACE 1789855363729 refreshing true true false false true true
 DEBUG qml: GRABTRACE 1789855363729 grab true true false false false true
 DEBUG qml: GRABTRACE 1789855363730 refreshing true true false false false false
 DEBUG qml: GRABTRACE 1789855363730 grab true true false false true false
 DEBUG qml: GRABTRACE 1789855363732 active true true true true true false
 DEBUG qml: GRABTRACE 1789855363732 later true true true true true false
 DEBUG qml: GRABTRACE 1789855363848 grab false true true true false false
 DEBUG qml: GRABTRACE 1789855363851 active false true false false false false
 DEBUG qml: GRABTRACE 1789855363980 backing false false false false false false
 DEBUG qml: GRABTRACE 1789855364373 backing true true false false false false
 DEBUG qml: GRABTRACE 1789855364373 grab true true false false true false
 DEBUG qml: GRABTRACE 1789855364447 active true true true true true false
 DEBUG qml: GRABTRACE 1789855364464 later true true true true true false
 DEBUG qml: GRABTRACE 1789855364480 active true true false false true false
 DEBUG qml: GRABTRACE 1789855364483 later true true false false true false
 DEBUG qml: GRABTRACE 1789855364483 refreshing true true false false true true
 DEBUG qml: GRABTRACE 1789855364483 grab true true false false false true
 DEBUG qml: GRABTRACE 1789855364484 refreshing true true false false false false
 DEBUG qml: GRABTRACE 1789855364484 grab true true false false true false
 DEBUG qml: GRABTRACE 1789855372931 cleared true true false false false false
 DEBUG qml: GRABTRACE 1789855372931 grab false true false false false false
