test_equal_timestamps_page_by_reception_without_gaps_or_duplicates (test_signal_ordering.OrderingTests.test_equal_timestamps_page_by_reception_without_gaps_or_duplicates) ... ok
test_later_received_earlier_sender_clock_stays_after_reply_even_after_ack (test_signal_ordering.OrderingTests.test_later_received_earlier_sender_clock_stays_after_reply_even_after_ack) ... ok
test_real_v7_migration_is_atomic_and_preserves_history_drafts_and_pending_operations (test_signal_ordering.OrderingTests.test_real_v7_migration_is_atomic_and_preserves_history_drafts_and_pending_operations) ... ok
test_real_bridge_dispatches_pin_unpin_and_forward_once (test_signal_message_actions.ActionsBridgeTests.test_real_bridge_dispatches_pin_unpin_and_forward_once) ... ok
test_failed_batch_is_atomic_and_rejects_stale_deleted_and_wrong_account (test_signal_message_actions.ForwardTests.test_failed_batch_is_atomic_and_rejects_stale_deleted_and_wrong_account) ... ok
test_forward_batch_dispatch_order_is_stable_for_identical_milliseconds (test_signal_message_actions.ForwardTests.test_forward_batch_dispatch_order_is_stable_for_identical_milliseconds) ... ok
test_forward_does_not_replace_draft_and_same_request_never_duplicates (test_signal_message_actions.ForwardTests.test_forward_does_not_replace_draft_and_same_request_never_duplicates) ... ok
test_media_forward_has_independent_files_and_expiration_does_not_remove_it (test_signal_message_actions.ForwardTests.test_media_forward_has_independent_files_and_expiration_does_not_remove_it) ... Executing <Task finished name='Task-17' coro=<ForwardTests.test_media_forward_has_independent_files_and_expiration_does_not_remove_it() done, defined at /home/attntd/projects/putkin/tests/test_signal_message_actions.py:197> result=None created at /usr/lib/python3.14/asyncio/runners.py:110> took 1.165 seconds
ok
test_deleted_targets_and_group_permissions_do_not_allow_pinning (test_signal_message_actions.PinsTests.test_deleted_targets_and_group_permissions_do_not_allow_pinning) ... ok
test_pin_on_sync_copy_survives_own_send_confirmation (test_signal_message_actions.PinsTests.test_pin_on_sync_copy_survives_own_send_confirmation) ... ok
test_pin_rpc_duration_unpin_and_restart (test_signal_message_actions.PinsTests.test_pin_rpc_duration_unpin_and_restart) ... ok
test_remote_group_pin_requires_edit_permission_and_failed_send_is_not_optimistic (test_signal_message_actions.PinsTests.test_remote_group_pin_requires_edit_permission_and_failed_send_is_not_optimistic) ... ok
test_remote_pins_limit_duplicates_order_expiry_and_no_history (test_signal_message_actions.PinsTests.test_remote_pins_limit_duplicates_order_expiry_and_no_history) ... ok
test_crash_after_dispatch_keeps_unknown_without_resending_on_reconnect (test_signal_history.BridgeHistoryTests.test_crash_after_dispatch_keeps_unknown_without_resending_on_reconnect) ... ok
test_deadline_cleanup_runs_without_polling_or_another_ui_request (test_signal_history.BridgeHistoryTests.test_deadline_cleanup_runs_without_polling_or_another_ui_request) ... ok
test_end_to_end_receive_send_sync_pages_drafts_commit_and_restart (test_signal_history.BridgeHistoryTests.test_end_to_end_receive_send_sync_pages_drafts_commit_and_restart) ... ok
test_retention_preflight_sends_with_confirmed_timer_and_expires_old_result (test_signal_history.BridgeHistoryTests.test_retention_preflight_sends_with_confirmed_timer_and_expires_old_result) ... ok
test_storage_failure_stops_receive_before_next_event_and_requires_retry (test_signal_history.BridgeHistoryTests.test_storage_failure_stops_receive_before_next_event_and_requires_retry) ... ok
test_timeout_late_reply_reconciles_and_releases_queue_without_resend (test_signal_history.BridgeHistoryTests.test_timeout_late_reply_reconciles_and_releases_queue_without_resend) ... ok
test_delete_and_edit_before_target_never_restore_content_and_pending_is_bounded (test_signal_history.HistoryTests.test_delete_and_edit_before_target_never_restore_content_and_pending_is_bounded) ... ok
test_duplicates_protocol_keys_do_not_merge_equal_text_authors_groups_accounts (test_signal_history.HistoryTests.test_duplicates_protocol_keys_do_not_merge_equal_text_authors_groups_accounts) ... ok
test_expired_outbox_cleanup_and_tombstone_after_restart (test_signal_history.HistoryTests.test_expired_outbox_cleanup_and_tombstone_after_restart) ... ok
test_full_disk_and_readonly_transaction_never_publish_uncommitted_message (test_signal_history.HistoryTests.test_full_disk_and_readonly_transaction_never_publish_uncommitted_message) ... ok
test_invalid_event_diagnostic_contains_only_static_source_location (test_signal_history.HistoryTests.test_invalid_event_diagnostic_contains_only_static_source_location) ... ok
test_missing_timestamp_wrong_recipient_and_rpc_error_are_unknown (test_signal_history.HistoryTests.test_missing_timestamp_wrong_recipient_and_rpc_error_are_unknown) ... ok
test_number_only_recipient_stays_unresolved_and_account_rebinding_is_by_aci (test_signal_history.HistoryTests.test_number_only_recipient_stays_unresolved_and_account_rebinding_is_by_aci) ... ok
test_pagination_ties_scopes_large_frames_and_safe_integer_timestamps (test_signal_history.HistoryTests.test_pagination_ties_scopes_large_frames_and_safe_integer_timestamps) ... ok
test_payload_conflict_and_source_device_are_not_silent_overwrites (test_signal_history.HistoryTests.test_payload_conflict_and_source_device_are_not_silent_overwrites) ... ok
test_per_recipient_partial_network_failure_and_safe_retry (test_signal_history.HistoryTests.test_per_recipient_partial_network_failure_and_safe_retry) ... ok
test_phone_incoming_local_reply_and_restart_preserve_history_draft_and_outbox (test_signal_history.HistoryTests.test_phone_incoming_local_reply_and_restart_preserve_history_draft_and_outbox) ... ok
test_process_death_before_after_commit_and_after_sending_marker (test_signal_history.HistoryTests.test_process_death_before_after_commit_and_after_sending_marker) ... ok
test_queue_idempotence_draft_compare_and_swap_and_cancel (test_signal_history.HistoryTests.test_queue_idempotence_draft_compare_and_swap_and_cancel) ... ok
test_redaction_clears_wal_and_checkpoint_failure_blocks_publication (test_signal_history.HistoryTests.test_redaction_clears_wal_and_checkpoint_failure_blocks_publication) ... ok
test_schema_rollback_newer_version_corrupt_db_and_unsafe_companions (test_signal_history.HistoryTests.test_schema_rollback_newer_version_corrupt_db_and_unsafe_companions) ... ok
test_sync_before_and_after_rpc_preserve_local_key (test_signal_history.HistoryTests.test_sync_before_and_after_rpc_preserve_local_key) ... ok
test_unknown_no_timestamp_never_guesses_by_text_and_retry_is_explicitly_rejected (test_signal_history.HistoryTests.test_unknown_no_timestamp_never_guesses_by_text_and_retry_is_explicitly_rejected) ... ok
test_view_once_and_unknown_events_do_not_archive_payloads (test_signal_history.HistoryTests.test_view_once_and_unknown_events_do_not_archive_payloads) ... ok
test_actual_queue_routes_edit_and_reaction_methods_and_survives_restart (test_signal_interactions.InteractionBridgeTests.test_actual_queue_routes_edit_and_reaction_methods_and_survives_restart) ... ok
test_edit_chain_reverse_delivery_duplicates_authorship_and_restart (test_signal_interactions.InteractionTests.test_edit_chain_reverse_delivery_duplicates_authorship_and_restart) ... ok
test_edits_keep_expiry_and_delete_version_clears_all_content (test_signal_interactions.InteractionTests.test_edits_keep_expiry_and_delete_version_clears_all_content) ... ok
test_emoji_sequences_are_preserved_and_multi_cluster_input_is_rejected (test_signal_interactions.InteractionTests.test_emoji_sequences_are_preserved_and_multi_cluster_input_is_rejected) ... ok
test_error_known_failure_retry_unknown_no_repeat_and_operation_dedup (test_signal_interactions.InteractionTests.test_error_known_failure_retry_unknown_no_repeat_and_operation_dedup) ... ok
test_group_edit_versions_have_their_own_audience_and_partial_failure_is_unknown (test_signal_interactions.InteractionTests.test_group_edit_versions_have_their_own_audience_and_partial_failure_is_unknown) ... ok
test_limits_author_permissions_and_stale_editor (test_signal_interactions.InteractionTests.test_limits_author_permissions_and_stale_editor) ... ok
test_media_caption_edit_keeps_files (test_signal_interactions.InteractionTests.test_media_caption_edit_keeps_files) ... ok
test_note_to_self_edits_after_24_hours_and_cancel_does_not_change_message (test_signal_interactions.InteractionTests.test_note_to_self_edits_after_24_hours_and_cancel_does_not_change_message) ... ok
test_pending_edits_expire_and_typing_does_not_create_history (test_signal_interactions.InteractionTests.test_pending_edits_expire_and_typing_does_not_create_history) ... ok
test_phone_edits_reactions_do_not_toast_and_old_receipt_not_latest_read (test_signal_interactions.InteractionTests.test_phone_edits_reactions_do_not_toast_and_old_receipt_not_latest_read) ... ok
test_phone_sync_before_result_settles_exact_version_once (test_signal_interactions.InteractionTests.test_phone_sync_before_result_settles_exact_version_once) ... ok
test_pinned_cli_typing_actions_are_valid_without_persistent_messages (test_signal_interactions.InteractionTests.test_pinned_cli_typing_actions_are_valid_without_persistent_messages) ... ok
test_queue_applies_only_confirmed_result_preserves_draft_and_original_id (test_signal_interactions.InteractionTests.test_queue_applies_only_confirmed_result_preserves_draft_and_original_id) ... ok
test_quote_mentions_draft_composition_persists_and_send_clears_it (test_signal_interactions.InteractionTests.test_quote_mentions_draft_composition_persists_and_send_clears_it) ... ok
test_quote_missing_original_resolves_without_fabricating_history (test_signal_interactions.InteractionTests.test_quote_missing_original_resolves_without_fabricating_history) ... ok
test_reactions_actor_key_change_remove_zwj_before_target_and_alias (test_signal_interactions.InteractionTests.test_reactions_actor_key_change_remove_zwj_before_target_and_alias) ... ok
test_utf16_emoji_mentions_and_whitelisted_styles (test_signal_interactions.InteractionTests.test_utf16_emoji_mentions_and_whitelisted_styles) ... ok
test_incoming_timeout_duplicates_stop_order_no_history_and_disconnect (test_signal_interactions.TypingTests.test_incoming_timeout_duplicates_stop_order_no_history_and_disconnect) ... ok
test_rate_limit_expiry_stop_and_disabled_preference (test_signal_interactions.TypingTests.test_rate_limit_expiry_stop_and_disabled_preference) ... ok
test_read_batch_rpc_both_privacy_modes_restart_and_no_send (test_signal_receipts.ReceiptBridgeTests.test_read_batch_rpc_both_privacy_modes_restart_and_no_send) ... ok
test_read_sync_with_window_absent_and_receipt_before_rpc (test_signal_receipts.ReceiptBridgeTests.test_read_sync_with_window_absent_and_receipt_before_rpc) ... ok
test_group_partial_per_recipient_and_foreign_actor (test_signal_receipts.ReceiptTests.test_group_partial_per_recipient_and_foreign_actor) ... ok
test_group_partial_send_stays_failed_and_phone_group_has_unknown_audience (test_signal_receipts.ReceiptTests.test_group_partial_send_stays_failed_and_phone_group_has_unknown_audience) ... ok
test_inflight_unknown_never_becomes_sent_by_reload_or_duplicate_visible_range (test_signal_receipts.ReceiptTests.test_inflight_unknown_never_becomes_sent_by_reload_or_duplicate_visible_range) ... ok
test_invalid_receipt_flags_and_wrong_submission_result_never_claim_success (test_signal_receipts.ReceiptTests.test_invalid_receipt_flags_and_wrong_submission_result_never_claim_success) ... ok
test_monotonic_delivery_read_viewed_duplicate_and_many_timestamps (test_signal_receipts.ReceiptTests.test_monotonic_delivery_read_viewed_duplicate_and_many_timestamps) ... ok
test_number_only_pending_request_does_not_read_or_mark_aci_copy (test_signal_receipts.ReceiptTests.test_number_only_pending_request_does_not_read_or_mark_aci_copy) ... ok
test_phone_cancels_queued_reads_and_disabled_external_receipts_empty_result_is_valid (test_signal_receipts.ReceiptTests.test_phone_cancels_queued_reads_and_disabled_external_receipts_empty_result_is_valid) ... ok
test_phone_read_before_message_persists_and_suppresses_arrival (test_signal_receipts.ReceiptTests.test_phone_read_before_message_persists_and_suppresses_arrival) ... ok
test_read_sync_is_own_read_not_external_receipt_and_does_not_touch_body (test_signal_receipts.ReceiptTests.test_read_sync_is_own_read_not_external_receipt_and_does_not_touch_body) ... ok
test_read_through_is_bounded_scoped_persistent_and_excludes_newer_arrivals (test_signal_receipts.ReceiptTests.test_read_through_is_bounded_scoped_persistent_and_excludes_newer_arrivals) ... ok
test_receipt_before_message_and_before_send_result_reconciles_exact_key (test_signal_receipts.ReceiptTests.test_receipt_before_message_and_before_send_result_reconciles_exact_key) ... ok
test_receipt_scope_account_direction_recipient_and_missing_aci (test_signal_receipts.ReceiptTests.test_receipt_scope_account_direction_recipient_and_missing_aci) ... ok
test_schema_v2_migrates_pending_reads_receipts_and_outbox_recipients (test_signal_receipts.ReceiptTests.test_schema_v2_migrates_pending_reads_receipts_and_outbox_recipients) ... ok
test_unmatched_metadata_expires_but_matched_receipts_and_markers_persist (test_signal_receipts.ReceiptTests.test_unmatched_metadata_expires_but_matched_receipts_and_markers_persist) ... ok
test_visible_group_reads_batch_by_author_and_bound_rpc_size (test_signal_receipts.ReceiptTests.test_visible_group_reads_batch_by_author_and_bound_rpc_size) ... ok
test_visible_ids_atomic_scoped_idempotent_grouped_queue_survives_restart (test_signal_receipts.ReceiptTests.test_visible_ids_atomic_scoped_idempotent_grouped_queue_survives_restart) ... ok

----------------------------------------------------------------------
Ran 75 tests in 77.356s

OK
