********* Start testing of qmltestrunner *********
Config: Using QtTest library 6.11.2, Qt 6.11.2 (x86_64-little_endian-lp64 shared (dynamic) release build; by GCC 16.2.1 20260810), arch unknown
PASS   : qmltestrunner::Messages::initTestCase()
PASS   : qmltestrunner::Messages::test_bubble_width(320-incoming)
PASS   : qmltestrunner::Messages::test_bubble_width(320-outgoing)
PASS   : qmltestrunner::Messages::test_bubble_width(640-incoming)
FAIL!  : qmltestrunner::Messages::test_bubble_width(640-outgoing) Compared values are not the same
   Actual   (): 78
   Expected (): 62
   Loc: [/home/attntd/projects/putkin/tests/qml/tst_messages.qml(183)]
FAIL!  : qmltestrunner::Messages::test_bubble_width(980-incoming) Compared values are not the same
   Actual   (): 67.125
   Expected (): 50
   Loc: [/home/attntd/projects/putkin/tests/qml/tst_messages.qml(183)]
FAIL!  : qmltestrunner::Messages::test_bubble_width(980-outgoing) Compared values are not the same
   Actual   (): 148
   Expected (): 50
   Loc: [/home/attntd/projects/putkin/tests/qml/tst_messages.qml(183)]
FAIL!  : qmltestrunner::Messages::test_bubble_width(1600-incoming) Compared values are not the same
   Actual   (): 67.125
   Expected (): 50
   Loc: [/home/attntd/projects/putkin/tests/qml/tst_messages.qml(183)]
FAIL!  : qmltestrunner::Messages::test_bubble_width(1600-outgoing) Compared values are not the same
   Actual   (): 148
   Expected (): 50
   Loc: [/home/attntd/projects/putkin/tests/qml/tst_messages.qml(183)]
PASS   : qmltestrunner::Messages::test_burst_refresh_queue_and_missing_target()
PASS   : qmltestrunner::Messages::test_delayed_draft_focus_and_escape_cancels_pending_focus()
PASS   : qmltestrunner::Messages::test_draft_pending_switch_and_window_recreation()
PASS   : qmltestrunner::Messages::test_initial_list_and_conversation_navigation(wide)
PASS   : qmltestrunner::Messages::test_initial_list_and_conversation_navigation(narrow)
PASS   : qmltestrunner::Messages::test_keyboard_send_shift_enter_and_ime_guard()
PASS   : qmltestrunner::Messages::test_new_conversation_small_layout_disabled_send()
QINFO  : qmltestrunner::Messages::test_open_and_reopen_at_latest(wide) file:///home/attntd/projects/putkin/tests/qml/tst_messages.qml:22:5: QML Loader (parent or ancestor of Component): Cannot create delegate
QINFO  : qmltestrunner::Messages::test_open_and_reopen_at_latest(wide) file:///home/attntd/projects/putkin/modules/messages/MessageHistory.qml: Object or context destroyed during incubation
PASS   : qmltestrunner::Messages::test_open_and_reopen_at_latest(wide)
QINFO  : qmltestrunner::Messages::test_open_and_reopen_at_latest(narrow) file:///home/attntd/projects/putkin/tests/qml/tst_messages.qml:22:5: QML Loader (parent or ancestor of Component): Cannot create delegate
QINFO  : qmltestrunner::Messages::test_open_and_reopen_at_latest(narrow) file:///home/attntd/projects/putkin/modules/messages/MessageHistory.qml: Object or context destroyed during incubation
PASS   : qmltestrunner::Messages::test_open_and_reopen_at_latest(narrow)
PASS   : qmltestrunner::Messages::test_open_before_view_and_delayed_history(loaded)
PASS   : qmltestrunner::Messages::test_open_before_view_and_delayed_history(delayed)
PASS   : qmltestrunner::Messages::test_pointer_selection_has_no_keyboard_outline()
PASS   : qmltestrunner::Messages::test_reopen_defaults_to_list_and_explicit_route_to_editor()
PASS   : qmltestrunner::Messages::test_route_scope_and_stale_replies()
PASS   : qmltestrunner::Messages::test_scroll_anchor_pagination_and_incoming()
PASS   : qmltestrunner::Messages::test_scrollbar_hides_at_rest_and_hover_and_shows_for_keyboard()
PASS   : qmltestrunner::Messages::test_search_names_numbers_group_authors_and_accents()
PASS   : qmltestrunner::Messages::cleanupTestCase()
Totals: 22 passed, 5 failed, 0 skipped, 0 blacklisted, 35237ms
********* Finished testing of qmltestrunner *********
