test_delete_and_edit_before_target_never_restore_content_and_pending_is_bounded (test_signal_history.HistoryTests.test_delete_and_edit_before_target_never_restore_content_and_pending_is_bounded) ... ok
test_duplicates_protocol_keys_do_not_merge_equal_text_authors_groups_accounts (test_signal_history.HistoryTests.test_duplicates_protocol_keys_do_not_merge_equal_text_authors_groups_accounts) ... ok
test_expired_outbox_cleanup_and_tombstone_after_restart (test_signal_history.HistoryTests.test_expired_outbox_cleanup_and_tombstone_after_restart) ... ok
test_full_disk_and_readonly_transaction_never_publish_uncommitted_message (test_signal_history.HistoryTests.test_full_disk_and_readonly_transaction_never_publish_uncommitted_message) ... ok
test_invalid_event_diagnostic_contains_only_static_source_location (test_signal_history.HistoryTests.test_invalid_event_diagnostic_contains_only_static_source_location) ... ok
test_missing_timestamp_wrong_recipient_and_rpc_error_are_unknown (test_signal_history.HistoryTests.test_missing_timestamp_wrong_recipient_and_rpc_error_are_unknown) ... ok
test_number_only_recipient_stays_unresolved_and_account_rebinding_is_by_aci (test_signal_history.HistoryTests.test_number_only_recipient_stays_unresolved_and_account_rebinding_is_by_aci) ... ok
test_pagination_ties_scopes_large_frames_and_safe_integer_timestamps (test_signal_history.HistoryTests.test_pagination_ties_scopes_large_frames_and_safe_integer_timestamps) ... ok
test_payload_conflict_and_source_device_are_not_silent_overwrites (test_signal_history.HistoryTests.test_payload_conflict_and_source_device_are_not_silent_overwrites) ... ok
test_per_recipient_partial_network_failure_and_safe_retry (test_signal_history.HistoryTests.test_per_recipient_partial_network_failure_and_safe_retry) ... ok
test_phone_incoming_local_reply_and_restart_preserve_history_draft_and_outbox (test_signal_history.HistoryTests.test_phone_incoming_local_reply_and_restart_preserve_history_draft_and_outbox) ... ok
test_process_death_before_after_commit_and_after_sending_marker (test_signal_history.HistoryTests.test_process_death_before_after_commit_and_after_sending_marker) ... ok
test_queue_idempotence_draft_compare_and_swap_and_cancel (test_signal_history.HistoryTests.test_queue_idempotence_draft_compare_and_swap_and_cancel) ... ok
test_redaction_clears_wal_and_checkpoint_failure_blocks_publication (test_signal_history.HistoryTests.test_redaction_clears_wal_and_checkpoint_failure_blocks_publication) ... ok
test_schema_rollback_newer_version_corrupt_db_and_unsafe_companions (test_signal_history.HistoryTests.test_schema_rollback_newer_version_corrupt_db_and_unsafe_companions) ... ok
test_sync_before_and_after_rpc_preserve_local_key (test_signal_history.HistoryTests.test_sync_before_and_after_rpc_preserve_local_key) ... ok
test_unknown_no_timestamp_never_guesses_by_text_and_retry_is_explicitly_rejected (test_signal_history.HistoryTests.test_unknown_no_timestamp_never_guesses_by_text_and_retry_is_explicitly_rejected) ... ok
test_view_once_and_unknown_events_do_not_archive_payloads (test_signal_history.HistoryTests.test_view_once_and_unknown_events_do_not_archive_payloads) ... ok
test_equal_timestamps_page_by_reception_without_gaps_or_duplicates (test_signal_ordering.OrderingTests.test_equal_timestamps_page_by_reception_without_gaps_or_duplicates) ... FAIL
test_later_received_earlier_sender_clock_stays_after_reply_even_after_ack (test_signal_ordering.OrderingTests.test_later_received_earlier_sender_clock_stays_after_reply_even_after_ack) ... FAIL

======================================================================
FAIL: test_equal_timestamps_page_by_reception_without_gaps_or_duplicates (test_signal_ordering.OrderingTests.test_equal_timestamps_page_by_reception_without_gaps_or_duplicates)
----------------------------------------------------------------------
Traceback (most recent call last):
  File "/home/attntd/projects/putkin/tests/test_signal_ordering.py", line 49, in test_equal_timestamps_page_by_reception_without_gaps_or_duplicates
    self.assertEqual(seen, list(map(str, reversed(range(9)))))
    ~~~~~~~~~~~~~~~~^^^^^^^^^^^^^^^^^^^^^^^^^^^^^^^^^^^^^^^^^^
AssertionError: Lists differ: ['0', '1', '2', '3', '4', '5', '6', '7', '8'] != ['8', '7', '6', '5', '4', '3', '2', '1', '0']

First differing element 0:
'0'
'8'

- ['0', '1', '2', '3', '4', '5', '6', '7', '8']
+ ['8', '7', '6', '5', '4', '3', '2', '1', '0']

======================================================================
FAIL: test_later_received_earlier_sender_clock_stays_after_reply_even_after_ack (test_signal_ordering.OrderingTests.test_later_received_earlier_sender_clock_stays_after_reply_even_after_ack)
----------------------------------------------------------------------
Traceback (most recent call last):
  File "/home/attntd/projects/putkin/tests/test_signal_ordering.py", line 25, in test_later_received_earlier_sender_clock_stays_after_reply_even_after_ack
    self.assertEqual([v["text"] for v in rows], ["Received later", "Reply", "First"])
    ~~~~~~~~~~~~~~~~^^^^^^^^^^^^^^^^^^^^^^^^^^^^^^^^^^^^^^^^^^^^^^^^^^^^^^^^^^^^^^^^^
AssertionError: Lists differ: ['Reply', 'Received later', 'First'] != ['Received later', 'Reply', 'First']

First differing element 0:
'Reply'
'Received later'

- ['Reply', 'Received later', 'First']
?  ---------

+ ['Received later', 'Reply', 'First']
?                   +++++++++


----------------------------------------------------------------------
Ran 20 tests in 1.598s

FAILED (failures=2)
