_validation(named color)
PASS   : qmltestrunner::Settings::test_defaults_and_schema_validation(null appearance)
PASS   : qmltestrunner::Settings::test_defaults_and_schema_validation(boolean type)
PASS   : qmltestrunner::Settings::test_defaults_and_schema_validation(unknown option)
PASS   : qmltestrunner::Settings::test_disabled_save_is_skipped_with_vim_and_tab()
PASS   : qmltestrunner::Settings::test_external_changes_keep_draft_panel_cursor_and_focus_twenty_times()
PASS   : qmltestrunner::Settings::test_hex_validation_keeps_letters_and_visible_focus()
PASS   : qmltestrunner::Settings::test_legacy_motion_is_ignored_and_removed_only_on_save(enabled)
PASS   : qmltestrunner::Settings::test_legacy_motion_is_ignored_and_removed_only_on_save(disabled)
PASS   : qmltestrunner::Settings::test_presets_navigation_and_live_controls()
PASS   : qmltestrunner::Settings::test_save_is_confirmed_reset_is_only_a_draft_and_retry()
PASS   : qmltestrunner::Settings::test_settings_remain_open_when_desktop_is_clicked()
PASS   : qmltestrunner::Settings::cleanupTestCase()
PASS   : qmltestrunner::SignalMedia::initTestCase()
PASS   : qmltestrunner::SignalMedia::test_attachment_only_remove_restart_and_keyboard_paste()
QINFO  : qmltestrunner::SignalMedia::test_image_preview_focus_escape_and_live_preview_save_cancel() qt.multimedia.ffmpeg: Using Qt multimedia with FFmpeg version n9.0.1 GPL version 3 or later
PASS   : qmltestrunner::SignalMedia::test_image_preview_focus_escape_and_live_preview_save_cancel()
PASS   : qmltestrunner::SignalMedia::test_preparation_blocks_send_and_stale_selection_does_not_mix_files()
Input #0, mov,mp4,m4a,3gp,3g2,mj2, from '/home/attntd/projects/signal/tests/fixtures/signal/media/video.mp4':
  Metadata:
    major_brand     : isom
    minor_version   : 512
    compatible_brands: isomiso2avc1mp41
    encoder         : Lavf63.1.101
  Duration: 00:00:00.20, start: 0.000000, bitrate: 68 kb/s
  Stream #0:0[0x1](und): Video: h264 (High) (avc1 / 0x31637661), yuv420p(progressive), 96x64 [SAR 1:1 DAR 3:2], 31 kb/s, 25 fps, 25 tbr, 12800 tbn (default)
    Metadata:
      handler_name    : VideoHandler
      encoder         : Lavc63.1.101 libx264
Input #0, wav, from '/home/attntd/projects/signal/tests/fixtures/signal/media/audio.wav':
  Duration: 00:00:00.10, bitrate: 131 kb/s
  Stream #0:0: Audio: pcm_s16le ([1][0][0][0] / 0x0001), 8000 Hz, 1 channels, s16, 128 kb/s
PASS   : qmltestrunner::SignalMedia::test_qt_video_decoder_play_pause_and_audio_metadata()
PASS   : qmltestrunner::SignalMedia::cleanupTestCase()
PASS   : qmltestrunner::SignalNotifications::initTestCase()
PASS   : qmltestrunner::SignalNotifications::test_accent_preview_cancel_and_small_card()
PASS   : qmltestrunner::SignalNotifications::test_arrival_grouping_no_focus_and_route()
PASS   : qmltestrunner::SignalNotifications::test_center_and_reply_do_not_read_phone_read_dismisses_exact_card()
PASS   : qmltestrunner::SignalNotifications::test_center_expired_actions_reply_and_receipt_separation()
PASS   : qmltestrunner::SignalNotifications::test_deleted_missing_phone_and_burst()
PASS   : qmltestrunner::SignalNotifications::test_dnd_mute_lock_disconnect_and_redaction()
PASS   : qmltestrunner::SignalNotifications::test_failed_unknown_restart_and_late_confirmation()
PASS   : qmltestrunner::SignalNotifications::test_quick_reply_keyboard_context_double_send_and_ime()
PASS   : qmltestrunner::SignalNotifications::test_read_arriving_during_notification_fetch_cannot_recreate_toast()
PASS   : qmltestrunner::SignalNotifications::test_replacement_during_edit_timeout_other_conversation_and_hotplug()
PASS   : qmltestrunner::SignalNotifications::cleanupTestCase()
PASS   : qmltestrunner::SignalReceipts::initTestCase()
PASS   : qmltestrunner::SignalReceipts::test_gate_loss_during_debounce_hidden_detail_and_closed_view()
PASS   : qmltestrunner::SignalReceipts::test_incoming_outside_scrolled_view_and_stale_route_do_not_read()
PASS   : qmltestrunner::SignalReceipts::test_status_counts_accessible_and_unknown_not_delivered()
PASS   : qmltestrunner::SignalReceipts::test_visible_range_once_and_unread_shared_with_hub()
PASS   : qmltestrunner::SignalReceipts::cleanupTestCase()
PASS   : qmltestrunner::SignalSettings::initTestCase()
PASS   : qmltestrunner::SignalSettings::test_disable_and_confirm_local_history()
PASS   : qmltestrunner::SignalSettings::test_live_both_accents_save_cancel()
PASS   : qmltestrunner::SignalSettings::test_navigation_typing_and_cancel()
PASS   : qmltestrunner::SignalSettings::test_qr_private_routing_expiry_and_destroy()
PASS   : qmltestrunner::SignalSettings::test_state_labels(missing)
PASS   : qmltestrunner::SignalSettings::test_state_labels(unlinked)
PASS   : qmltestrunner::SignalSettings::test_state_labels(linked)
PASS   : qmltestrunner::SignalSettings::test_state_labels(offline)
PASS   : qmltestrunner::SignalSettings::test_state_labels(revoked)
PASS   : qmltestrunner::SignalSettings::cleanupTestCase()
PASS   : qmltestrunner::BatteryTray::initTestCase()
PASS   : qmltestrunner::BatteryTray::test_absent_peripheral_unavailable_and_return()
PASS   : qmltestrunner::BatteryTray::test_bar_activation_secondary_menu_tooltip_fallback()
PASS   : qmltestrunner::BatteryTray::test_bar_keyboard_and_only_menu()
PASS   : qmltestrunner::BatteryTray::test_battery_material_states(empty)
PASS   : qmltestrunner::BatteryTray::test_battery_material_states(one)
PASS   : qmltestrunner::BatteryTray::test_battery_material_states(two)
PASS   : qmltestrunner::BatteryTray::test_battery_material_states(three)
PASS   : qmltestrunner::BatteryTray::test_battery_material_states(four)
PASS   : qmltestrunner::BatteryTray::test_battery_material_states(five)
PASS   : qmltestrunner::BatteryTray::test_battery_material_states(six)
PASS   : qmltestrunner::BatteryTray::test_battery_material_states(full)
PASS   : qmltestrunner::BatteryTray::test_battery_material_states(unknown)
PASS   : qmltestrunner::BatteryTray::test_battery_material_states(charging20)
PASS   : qmltestrunner::BatteryTray::test_battery_material_states(charging30)
PASS   : qmltestrunner::BatteryTray::test_battery_material_states(charging50)
PASS   : qmltestrunner::BatteryTray::test_battery_material_states(charging60)
PASS   : qmltestrunner::BatteryTray::test_battery_material_states(charging80)
PASS   : qmltestrunner::BatteryTray::test_battery_material_states(chargingFull)
PASS   : qmltestrunner::BatteryTray::test_battery_missing_profiles_and_focus_recovery()
PASS   : qmltestrunner::BatteryTray::test_battery_monitor_toggle_and_twenty_cycles()
PASS   : qmltestrunner::BatteryTray::test_battery_profile_keyboard_confirmed_state_and_refusal()
PASS   : qmltestrunner::BatteryTray::test_battery_small_screen_scroll_and_mouse()
PASS   : qmltestrunner::BatteryTray::test_battery_states(charging)
PASS   : qmltestrunner::BatteryTray::test_battery_states(discharging)
PASS   : qmltestrunner::BatteryTray::test_battery_states(full)
PASS   : qmltestrunner::BatteryTray::test_battery_states(unknown)
PASS   : qmltestrunner::BatteryTray::test_battery_states(empty)
PASS   : qmltestrunner::BatteryTray::test_battery_states(pendingCharge)
PASS   : qmltestrunner::BatteryTray::test_battery_states(pendingDischarge)
PASS   : qmltestrunner::BatteryTray::test_battery_unknown_time_absent_and_full()
PASS   : qmltestrunner::BatteryTray::test_invalid_percent_unknown_time_and_warning_keeps_semantics()
PASS   : qmltestrunner::BatteryTray::test_layouts_preserve_main_controls()
PASS   : qmltestrunner::BatteryTray::test_menu_icon_updates_keep_vector_size_and_action()
PASS   : qmltestrunner::BatteryTray::test_menu_live_update_removes_submenu_and_recovers_focus()
PASS   : qmltestrunner::BatteryTray::test_menu_vim_standard_keys_submenu_and_trigger()
PASS   : qmltestrunner::BatteryTray::test_overflow_all_items_scrolling_back_and_escape_restore()
PASS   : qmltestrunner::BatteryTray::test_removal_with_focus_and_active_menu()
PASS   : qmltestrunner::BatteryTray::test_return_after_invoker_removed_and_keyboard_context_menu()
PASS   : qmltestrunner::BatteryTray::test_signal_unread_icon_updates(bar)
PASS   : qmltestrunner::BatteryTray::test_signal_unread_icon_updates(overflow)
PASS   : qmltestrunner::BatteryTray::test_surface_exclusion_settings_cancel_and_monitor()
PASS   : qmltestrunner::BatteryTray::test_tray_icon_center_and_signal_color(signal)
PASS   : qmltestrunner::BatteryTray::test_tray_icon_center_and_signal_color(signalId)
PASS   : qmltestrunner::BatteryTray::test_tray_icon_center_and_signal_color(tether)
PASS   : qmltestrunner::BatteryTray::test_tray_icon_center_and_signal_color(unknown)
PASS   : qmltestrunner::BatteryTray::test_updates_do_not_take_focus_from_header_and_passive_skips()
PASS   : qmltestrunner::BatteryTray::cleanupTestCase()
PASS   : qmltestrunner::ReleaseValidation::initTestCase()
PASS   : qmltestrunner::ReleaseValidation::test_all_services_unavailable_and_return_in_one_panel()
PASS   : qmltestrunner::ReleaseValidation::test_complete_keyboard_journey()
PASS   : qmltestrunner::ReleaseValidation::test_passive_overlays_leave_text_input_alone()
PASS   : qmltestrunner::ReleaseValidation::test_small_logical_screens(1920x1080@1)
PASS   : qmltestrunner::ReleaseValidation::test_small_logical_screens(1920x1080@1.25)
PASS   : qmltestrunner::ReleaseValidation::test_small_logical_screens(1920x1080@1.5)
PASS   : qmltestrunner::ReleaseValidation::test_small_logical_screens(1920x1080@2)
PASS   : qmltestrunner::ReleaseValidation::test_small_logical_screens(1366x768@1)
PASS   : qmltestrunner::ReleaseValidation::test_small_logical_screens(1366x768@1.25)
PASS   : qmltestrunner::ReleaseValidation::test_small_logical_screens(1366x768@1.5)
PASS   : qmltestrunner::ReleaseValidation::test_small_logical_screens(1366x768@2)
PASS   : qmltestrunner::ReleaseValidation::cleanupTestCase()
PASS   : qmltestrunner::VisualContract::initTestCase()
PASS   : qmltestrunner::VisualContract::test_active_modules_keep_light_icons(wifi)
PASS   : qmltestrunner::VisualContract::test_active_modules_keep_light_icons(bluetooth)
PASS   : qmltestrunner::VisualContract::test_active_modules_keep_light_icons(battery)
PASS   : qmltestrunner::VisualContract::test_active_modules_keep_light_icons(audio)
PASS   : qmltestrunner::VisualContract::test_active_modules_keep_light_icons(notifications)
PASS   : qmltestrunner::VisualContract::test_active_modules_keep_light_icons(quickMenu)
PASS   : qmltestrunner::VisualContract::test_bar_icons_keep_clock_color_across_states()
PASS   : qmltestrunner::VisualContract::test_compact_layout_font_borders_and_no_hover_popup()
PASS   : qmltestrunner::VisualContract::test_error_is_a_toast_with_panel_open_and_in_dnd()
PASS   : qmltestrunner::VisualContract::test_fade_keeps_geometry_and_legacy_motion_cannot_disable_it()
PASS   : qmltestrunner::VisualContract::test_network_wifi_family_and_radio_states()
PASS   : qmltestrunner::VisualContract::test_one_detail_section_and_keyboard_entry()
PASS   : qmltestrunner::VisualContract::test_osd_horizontal_and_fade_retains_last_monitor()
PASS   : qmltestrunner::VisualContract::test_surface_fade_geometry(quickSettings)
PASS   : qmltestrunner::VisualContract::test_surface_fade_geometry(network)
PASS   : qmltestrunner::VisualContract::test_surface_fade_geometry(bluetooth)
PASS   : qmltestrunner::VisualContract::test_surface_fade_geometry(battery)
PASS   : qmltestrunner::VisualContract::cleanupTestCase()
PASS   : qmltestrunner::WindowAppearance::initTestCase()
PASS   : qmltestrunner::WindowAppearance::test_contrast_matches_shell_border()
PASS   : qmltestrunner::WindowAppearance::test_external_settings_and_invalid_file()
PASS   : qmltestrunner::WindowAppearance::test_preview_cancel_and_save()
PASS   : qmltestrunner::WindowAppearance::test_reload_and_reconnect_reapply()
PASS   : qmltestrunner::WindowAppearance::test_waits_for_backend_and_deduplicates()
PASS   : qmltestrunner::WindowAppearance::cleanupTestCase()
Totals: 642 passed, 0 failed, 0 skipped, 0 blacklisted, 293357ms
********* Finished testing of qmltestrunner *********

