...............F.F.....
======================================================================
FAIL: test_phone_incoming_local_reply_and_restart_preserve_history_draft_and_outbox (test_signal_history.HistoryTests.test_phone_incoming_local_reply_and_restart_preserve_history_draft_and_outbox)
----------------------------------------------------------------------
Traceback (most recent call last):
  File "/home/attntd/projects/signal/tests/test_signal_history.py", line 114, in test_phone_incoming_local_reply_and_restart_preserve_history_draft_and_outbox
    self.assertEqual(self.store.db.execute("PRAGMA user_version").fetchone()[0], 3)
    ~~~~~~~~~~~~~~~~^^^^^^^^^^^^^^^^^^^^^^^^^^^^^^^^^^^^^^^^^^^^^^^^^^^^^^^^^^^^^^^
AssertionError: 4 != 3

======================================================================
FAIL: test_queue_idempotence_draft_compare_and_swap_and_cancel (test_signal_history.HistoryTests.test_queue_idempotence_draft_compare_and_swap_and_cancel)
----------------------------------------------------------------------
Traceback (most recent call last):
  File "/home/attntd/projects/signal/tests/test_signal_history.py", line 229, in test_queue_idempotence_draft_compare_and_swap_and_cancel
    self.assertEqual(self.store.draft(self.account, cid), {"conversationId": cid, "text": "", "revision": 2})
    ~~~~~~~~~~~~~~~~^^^^^^^^^^^^^^^^^^^^^^^^^^^^^^^^^^^^^^^^^^^^^^^^^^^^^^^^^^^^^^^^^^^^^^^^^^^^^^^^^^^^^^^^^
AssertionError: {'con[36 chars]73-a897a0c3b127', 'text': '', 'revision': 2, 'attachments': []} != {'con[36 chars]73-a897a0c3b127', 'text': '', 'revision': 2}
- {'attachments': [],
-  'conversationId': '73b81669-9a96-4195-af73-a897a0c3b127',
? ^

+ {'conversationId': '73b81669-9a96-4195-af73-a897a0c3b127',
? ^

   'revision': 2,
   'text': ''}

----------------------------------------------------------------------
Ran 23 tests in 69.185s

FAILED (failures=2)
