PASS: startup: nine owned bindings including Ctrl+Shift+Super+Enter, Print and Super+Q; Super+H belongs to navigation
PASS: real Ctrl+Shift+Super+Enter opens and refocuses one messages window; Shift+Enter does not open it; Super+H focuses left and Super+Q opens Quick Menu
PASS: native square 2px window borders and shared diagonal GPU pixels
PASS: real Super+Space / Super+; / Super+V keyboard input
PASS: appearance preview changes window borders; cancel restores the saved palette
PASS: real floating Settings window, preserved on focus loss, appearance persisted
PASS: save applies changed shortcuts; old shortcut is removed
Traceback (most recent call last):
  File "/home/attntd/projects/putkin/scripts/test-keyboard-wayland", line 282, in <module>
    if __name__=='__main__': sys.exit(main())
                                      ~~~~^^
  File "/home/attntd/projects/putkin/scripts/test-keyboard-wayland", line 263, in main
    if args.inside: inside(args.inside); return 0
                    ~~~~~~^^^^^^^^^^^^^
  File "/home/attntd/projects/putkin/scripts/test-keyboard-wayland", line 207, in inside
    keys('clip'); eventually(state,lambda s:len(s.get('results',[]))==1,'configured command result')
                  ~~~~~~~~~~^^^^^^^^^^^^^^^^^^^^^^^^^^^^^^^^^^^^^^^^^^^^^^^^^^^^^^^^^^^^^^^^^^^^^^^^
  File "/home/attntd/projects/putkin/scripts/test-keyboard-wayland", line 23, in eventually
    raise AssertionError(f'{label}: {last}')
AssertionError: configured command result: {'generation': 1790157493192, 'ready': True, 'active': 'launcher', 'loaded': True, 'editing': False, 'saving': False, 'messagesLoaded': False, 'keyboardBusy': False, 'problem': '', 'actionError': '', 'bindings': [{'action': 'launcher', 'shortcut': 'SUPER + SPACE', 'command': ''}, {'action': 'clipboard', 'shortcut': 'SUPER + ALT + V', 'command': ':clip'}, {'action': 'commands', 'shortcut': 'SUPER + semicolon', 'command': ''}, {'action': 'messages', 'shortcut': 'SUPER + CONTROL + SHIFT + Return', 'command': ':messages'}, {'action': 'settings', 'shortcut': 'SUPER + ALT + U', 'command': ':settings'}, {'action': 'quickSettings', 'shortcut': 'SUPER + Q', 'command': ''}, {'action': 'audio', 'shortcut': '', 'command': ''}, {'action': 'battery', 'shortcut': '', 'command': ''}, {'action': 'bar', 'shortcut': 'SUPER + B', 'command': ''}, {'action': 'notifications', 'shortcut': 'SUPER + SHIFT + N', 'command': ''}, {'action': 'dnd', 'shortcut': '', 'command': ''}, {'action': 'screenshot', 'shortcut': 'Print', 'command': ':screenshot'}, {'action': 'volumeUp', 'shortcut': '', 'command': ''}, {'action': 'volumeDown', 'shortcut': '', 'command': ''}, {'action': 'mute', 'shortcut': '', 'command': ''}, {'action': 'micMute', 'shortcut': '', 'command': ''}, {'action': 'brightnessUp', 'shortcut': '', 'command': ''}, {'action': 'brightnessDown', 'shortcut': '', 'command': ''}, {'action': 'powersaver', 'shortcut': '', 'command': ':powersaver'}, {'action': 'balanced', 'shortcut': '', 'command': ':balanced'}, {'action': 'performance', 'shortcut': '', 'command': ':performance'}, {'action': 'power', 'shortcut': 'SUPER + SHIFT + P', 'command': ''}, {'action': 'lock', 'shortcut': '', 'command': ':lock'}, {'action': 'shutdown', 'shortcut': '', 'command': ':shutdown'}, {'action': 'poweroff', 'shortcut': '', 'command': ':poweroff'}, {'action': 'sleep', 'shortcut': '', 'command': ':sleep'}, {'action': 'hibernate', 'shortcut': '', 'command': ':hibernate'}, {'action': 'reboot', 'shortcut': '', 'command': ':reboot'}, {'action': 'closeWindow', 'shortcut': '', 'command': ''}, {'action': 'floating', 'shortcut': 'SUPER + ALT + F', 'command': ':float'}, {'action': 'fullscreen', 'shortcut': '', 'command': ''}, {'action': 'focusLeft', 'shortcut': '', 'command': ''}, {'action': 'focusDown', 'shortcut': '', 'command': ''}, {'action': 'focusUp', 'shortcut': '', 'command': ''}, {'action': 'focusRight', 'shortcut': '', 'command': ''}, {'action': 'moveLeft', 'shortcut': '', 'command': ''}, {'action': 'moveDown', 'shortcut': '', 'command': ''}, {'action': 'moveUp', 'shortcut': '', 'command': ''}, {'action': 'moveRight', 'shortcut': '', 'command': ''}, {'action': 'workspace1', 'shortcut': '', 'command': ''}, {'action': 'moveWorkspace1', 'shortcut': '', 'command': ''}, {'action': 'workspace2', 'shortcut': '', 'command': ''}, {'action': 'moveWorkspace2', 'shortcut': '', 'command': ''}, {'action': 'workspace3', 'shortcut': '', 'command': ':work3'}, {'action': 'moveWorkspace3', 'shortcut': '', 'command': ''}, {'action': 'workspace4', 'shortcut': '', 'command': ''}, {'action': 'moveWorkspace4', 'shortcut': '', 'command': ''}, {'action': 'workspace5', 'shortcut': '', 'command': ''}, {'action': 'moveWorkspace5', 'shortcut': '', 'command': ''}, {'action': 'workspace6', 'shortcut': '', 'command': ''}, {'action': 'moveWorkspace6', 'shortcut': '', 'command': ''}, {'action': 'workspace7', 'shortcut': '', 'command': ''}, {'action': 'moveWorkspace7', 'shortcut': '', 'command': ''}, {'action': 'workspace8', 'shortcut': '', 'command': ''}, {'action': 'moveWorkspace8', 'shortcut': '', 'command': ''}, {'action': 'workspace9', 'shortcut': '', 'command': ''}, {'action': 'moveWorkspace9', 'shortcut': '', 'command': ''}, {'action': 'workspace10', 'shortcut': '', 'command': ''}, {'action': 'moveWorkspace10', 'shortcut': '', 'command': ''}], 'color': '#fab387', 'text': 'lip', 'mode': 'command', 'results': [], 'captured': '558780894940', 'screenshot': {'phase': 'idle', 'source': '', 'width': 0, 'selectionReady': False, 'previewReady': False, 'height': 0, 'window': '', 'selection': {'x': 0, 'y': 0, 'width': 0, 'height': 0, 'left': 0, 'right': 0, 'top': 0, 'bottom': 0}, 'saved': '', 'error': '', 'busy': False}, 'settingsPage': False, 'searchFocus': True}
