********* Start testing of qmltestrunner *********
Config: Using QtTest library 6.11.2, Qt 6.11.2 (x86_64-little_endian-lp64 shared (dynamic) release build; by GCC 16.2.1 20260810), arch unknown
PASS   : qmltestrunner::Messages::initTestCase()
PASS   : qmltestrunner::Messages::test_bubble_width(320-incoming)
PASS   : qmltestrunner::Messages::test_bubble_width(320-outgoing)
PASS   : qmltestrunner::Messages::test_bubble_width(640-incoming)
PASS   : qmltestrunner::Messages::test_bubble_width(640-outgoing)
PASS   : qmltestrunner::Messages::test_bubble_width(980-incoming)
PASS   : qmltestrunner::Messages::test_bubble_width(980-outgoing)
PASS   : qmltestrunner::Messages::test_bubble_width(1600-incoming)
PASS   : qmltestrunner::Messages::test_bubble_width(1600-outgoing)
PASS   : qmltestrunner::Messages::test_burst_refresh_queue_and_missing_target()
PASS   : qmltestrunner::Messages::test_delayed_draft_focus_and_escape_cancels_pending_focus()
PASS   : qmltestrunner::Messages::test_draft_pending_switch_and_window_recreation()
PASS   : qmltestrunner::Messages::test_initial_list_and_conversation_navigation(wide)
PASS   : qmltestrunner::Messages::test_initial_list_and_conversation_navigation(narrow)
PASS   : qmltestrunner::Messages::test_keyboard_send_shift_enter_and_ime_guard()
PASS   : qmltestrunner::Messages::test_new_conversation_small_layout_disabled_send()
PASS   : qmltestrunner::Messages::test_open_and_reopen_at_latest(wide)
PASS   : qmltestrunner::Messages::test_open_and_reopen_at_latest(narrow)
PASS   : qmltestrunner::Messages::test_open_before_view_and_delayed_history(loaded)
PASS   : qmltestrunner::Messages::test_open_before_view_and_delayed_history(delayed)
PASS   : qmltestrunner::Messages::test_pointer_selection_has_no_keyboard_outline()
PASS   : qmltestrunner::Messages::test_reopen_defaults_to_list_and_explicit_route_to_editor()
PASS   : qmltestrunner::Messages::test_route_scope_and_stale_replies()
PASS   : qmltestrunner::Messages::test_scroll_anchor_pagination_and_incoming()
FAIL!  : qmltestrunner::Messages::test_scrollbar_hides_at_rest_and_hover_and_shows_for_keyboard() Compared values are not the same
   Actual   (): 1
   Expected (): 0
   Loc: [/home/attntd/projects/putkin/tests/qml/tst_messages.qml(55)]
PASS   : qmltestrunner::Messages::test_search_names_numbers_group_authors_and_accents()
PASS   : qmltestrunner::Messages::cleanupTestCase()
Totals: 26 passed, 1 failed, 0 skipped, 0 blacklisted, 22264ms
********* Finished testing of qmltestrunner *********
