PASS: 167 plików QML, 0 z błędami.
{
  "current": "/home/attntd/.local/share/putkin/releases/20260921-090336-8f92f3b0b020",
  "active": {
    "config_path": "/home/attntd/.config/quickshell/shell.qml",
    "id": "n7gcgjiplt",
    "launch_time": "2026-09-21T11:04:28",
    "pid": 580883,
    "shell_id": "770bba0d0f619c4ab3ab0453a539d542"
  },
  "removed": [
    "20260920-203455-2287216abeef"
  ],
  "retained": [
    "20260921-090336-8f92f3b0b020",
    "20260921-080356-f26716f87551",
    "20260920-210039-bf2eb74b4b79",
    "20260920-205823-94b71f317b3f",
    "20260920-204030-237db1e11390"
  ]
}
