Found "default" metadata 14
set property: id:0 key:default.audio.source value:{"name": "putkin-test-microphone"} type:Spa:String:JSON
Found "default" metadata 14
set property: id:0 key:default.audio.sink value:{"name": "putkin-test-speakers"} type:Spa:String:JSON
[2026-09-26T09:49:59.900Z INFO  signal_call_tunnel] signal-call-tunnel starting: call_id=123456789123456789, is_outgoing=true
[2026-09-26T09:49:59.930Z INFO  signal_call_tunnel] Virtual audio devices: input=signal_input_123456789123456789, output=signal_output_123456789123456789
Failed to get home directory.
Failed to load cookie file from cookie: No such file or directory
[2026-09-26T09:49:59.934Z INFO  ringrtc::webrtc::audio_device_module] Successfully initialized cubeb backend pulse-rust
[2026-09-26T09:49:59.934Z INFO  ringrtc::webrtc::audio_device_module] Refresh INPUT devices
[2026-09-26T09:49:59.935Z INFO  ringrtc::webrtc::audio_device_module] INPUT device: (dev id: 0x7fc1e000aaf0, device_id: Some("putk..."), friendly_name: Some("Moni..."), group_id: None, vendor_name: None, device_type: INPUT, state: Enabled, preferred: (empty), format: S16LE | S16BE | F32LE | F32BE, default_format: F32LE, max channels: 2, default_rate: 48000, max_rate: 384000, min_rate: 1, latency_lo: 0, latency_hi: 0))
[2026-09-26T09:49:59.935Z INFO  ringrtc::webrtc::audio_device_module] INPUT device: (dev id: 0x7fc1e000acc0, device_id: Some("putk..."), friendly_name: Some("Moni..."), group_id: None, vendor_name: None, device_type: INPUT, state: Enabled, preferred: (empty), format: S16LE | S16BE | F32LE | F32BE, default_format: F32LE, max channels: 2, default_rate: 48000, max_rate: 384000, min_rate: 1, latency_lo: 0, latency_hi: 0))
[2026-09-26T09:49:59.935Z INFO  ringrtc::webrtc::audio_device_module] INPUT device: (dev id: 0x7fc1e000aa80, device_id: Some("putk..."), friendly_name: Some("Test..."), group_id: None, vendor_name: None, device_type: INPUT, state: Enabled, preferred: MULTIMEDIA | VOICE | NOTIFICATION | ALL, format: S16LE | S16BE | F32LE | F32BE, default_format: F32LE, max channels: 2, default_rate: 48000, max_rate: 384000, min_rate: 1, latency_lo: 0, latency_hi: 0))
[2026-09-26T09:49:59.935Z INFO  ringrtc::webrtc::audio_device_module] INPUT device: (dev id: 0x7fc1e000ad10, device_id: Some("putk..."), friendly_name: Some("Test..."), group_id: None, vendor_name: None, device_type: INPUT, state: Enabled, preferred: (empty), format: S16LE | S16BE | F32LE | F32BE, default_format: F32LE, max channels: 2, default_rate: 48000, max_rate: 384000, min_rate: 1, latency_lo: 0, latency_hi: 0))
[2026-09-26T09:49:59.935Z INFO  ringrtc::webrtc::audio_device_module] INPUT device: (dev id: 0x7fc1e000b260, device_id: Some("sink..."), friendly_name: Some("Moni..."), group_id: None, vendor_name: None, device_type: INPUT, state: Enabled, preferred: (empty), format: S16LE | S16BE | F32LE | F32BE, default_format: S16LE, max channels: 2, default_rate: 48000, max_rate: 384000, min_rate: 1, latency_lo: 0, latency_hi: 0))
[2026-09-26T09:49:59.935Z INFO  ringrtc::webrtc::audio_device_module] INPUT device: (dev id: 0x7fc1e0008460, device_id: Some("sign..."), friendly_name: Some("sign..."), group_id: None, vendor_name: None, device_type: INPUT, state: Enabled, preferred: (empty), format: S16LE | S16BE | F32LE | F32BE, default_format: F32LE, max channels: 2, default_rate: 48000, max_rate: 384000, min_rate: 1, latency_lo: 0, latency_hi: 0))
[2026-09-26T09:49:59.935Z INFO  ringrtc::webrtc::audio_device_module] INPUT device: (dev id: 0x7fc1e000abc0, device_id: Some("sign..."), friendly_name: Some("Moni..."), group_id: None, vendor_name: None, device_type: INPUT, state: Enabled, preferred: (empty), format: S16LE | S16BE | F32LE | F32BE, default_format: S16LE, max channels: 2, default_rate: 48000, max_rate: 384000, min_rate: 1, latency_lo: 0, latency_hi: 0))
[2026-09-26T09:49:59.935Z INFO  ringrtc::webrtc::audio_device_module] Refresh OUTPUT devices
[2026-09-26T09:49:59.935Z INFO  ringrtc::webrtc::audio_device_module] OUTPUT device: (dev id: 0x7fc1e0008a20, device_id: Some("putk..."), friendly_name: Some("Test..."), group_id: None, vendor_name: None, device_type: OUTPUT, state: Enabled, preferred: MULTIMEDIA | VOICE | NOTIFICATION | ALL, format: S16LE | S16BE | F32LE | F32BE, default_format: F32LE, max channels: 2, default_rate: 48000, max_rate: 384000, min_rate: 1, latency_lo: 0, latency_hi: 0))
[2026-09-26T09:49:59.935Z INFO  ringrtc::webrtc::audio_device_module] OUTPUT device: (dev id: 0x7fc1e000a920, device_id: Some("putk..."), friendly_name: Some("Test..."), group_id: None, vendor_name: None, device_type: OUTPUT, state: Enabled, preferred: (empty), format: S16LE | S16BE | F32LE | F32BE, default_format: F32LE, max channels: 2, default_rate: 48000, max_rate: 384000, min_rate: 1, latency_lo: 0, latency_hi: 0))
[2026-09-26T09:49:59.935Z INFO  ringrtc::webrtc::audio_device_module] OUTPUT device: (dev id: 0x7fc1e000a940, device_id: Some("sink..."), friendly_name: Some("sink..."), group_id: None, vendor_name: None, device_type: OUTPUT, state: Enabled, preferred: (empty), format: S16LE | S16BE | F32LE | F32BE, default_format: S16LE, max channels: 2, default_rate: 48000, max_rate: 384000, min_rate: 1, latency_lo: 0, latency_hi: 0))
[2026-09-26T09:49:59.935Z INFO  ringrtc::webrtc::audio_device_module] OUTPUT device: (dev id: 0x7fc1e0008ac0, device_id: Some("sign..."), friendly_name: Some("sign..."), group_id: None, vendor_name: None, device_type: OUTPUT, state: Enabled, preferred: (empty), format: S16LE | S16BE | F32LE | F32BE, default_format: S16LE, max channels: 2, default_rate: 48000, max_rate: 384000, min_rate: 1, latency_lo: 0, latency_hi: 0))
[2026-09-26T09:50:00.036Z INFO  ringrtc::webrtc::peer_connection_factory] PeerConnectionFactory::get_audio_playout_devices(): device_count: 5
[2026-09-26T09:50:00.036Z INFO  ringrtc::webrtc::peer_connection_factory] PeerConnectionFactory::get_audio_recording_devices(): device_count: 4
[2026-09-26T09:50:00.037Z INFO  ringrtc::webrtc::peer_connection_factory] PeerConnectionFactory::set_audio_recording_device(3)
[2026-09-26T09:50:00.037Z INFO  signal_call_tunnel] Selected recording device: index=3, name=signal_input_123456789123456789
[2026-09-26T09:50:00.037Z INFO  ringrtc::webrtc::peer_connection_factory] PeerConnectionFactory::set_audio_playout_device(4)
[2026-09-26T09:50:00.037Z INFO  signal_call_tunnel] Selected playout device: index=4, name=signal_output_123456789123456789
[2026-09-26T09:50:00.037Z INFO  ringrtc::core::call_manager] RingRTC v2.65.1
[2026-09-26T09:50:00.037Z INFO  signal_call_tunnel] CallManager initialized, entering event loop
[2026-09-26T09:50:00.351Z INFO  signal_call_tunnel] Control channel disconnected, exiting
[2026-09-26T09:50:00.351Z INFO  signal_call_tunnel] signal-call-tunnel exiting
[2026-09-26T09:50:00.351Z INFO  ringrtc::core::call_manager] CallManager: Dropping last reference.
[2026-09-26T09:50:00.437Z INFO  signal_call_tunnel] signal-call-tunnel starting: call_id=123456789123456789, is_outgoing=true
[2026-09-26T09:50:00.473Z INFO  signal_call_tunnel] Virtual audio devices: input=signal_input_123456789123456789, output=signal_output_123456789123456789
Failed to get home directory.
Failed to load cookie file from cookie: No such file or directory
[2026-09-26T09:50:00.478Z INFO  ringrtc::webrtc::audio_device_module] Successfully initialized cubeb backend pulse-rust
[2026-09-26T09:50:00.479Z INFO  ringrtc::webrtc::audio_device_module] Refresh INPUT devices
[2026-09-26T09:50:00.480Z INFO  ringrtc::webrtc::audio_device_module] INPUT device: (dev id: 0x7f039000aaf0, device_id: Some("putk..."), friendly_name: Some("Moni..."), group_id: None, vendor_name: None, device_type: INPUT, state: Enabled, preferred: (empty), format: S16LE | S16BE | F32LE | F32BE, default_format: F32LE, max channels: 2, default_rate: 48000, max_rate: 384000, min_rate: 1, latency_lo: 0, latency_hi: 0))
[2026-09-26T09:50:00.480Z INFO  ringrtc::webrtc::audio_device_module] INPUT device: (dev id: 0x7f039000acc0, device_id: Some("putk..."), friendly_name: Some("Moni..."), group_id: None, vendor_name: None, device_type: INPUT, state: Enabled, preferred: (empty), format: S16LE | S16BE | F32LE | F32BE, default_format: F32LE, max channels: 2, default_rate: 48000, max_rate: 384000, min_rate: 1, latency_lo: 0, latency_hi: 0))
[2026-09-26T09:50:00.480Z INFO  ringrtc::webrtc::audio_device_module] INPUT device: (dev id: 0x7f039000aa80, device_id: Some("putk..."), friendly_name: Some("Test..."), group_id: None, vendor_name: None, device_type: INPUT, state: Enabled, preferred: MULTIMEDIA | VOICE | NOTIFICATION | ALL, format: S16LE | S16BE | F32LE | F32BE, default_format: F32LE, max channels: 2, default_rate: 48000, max_rate: 384000, min_rate: 1, latency_lo: 0, latency_hi: 0))
[2026-09-26T09:50:00.480Z INFO  ringrtc::webrtc::audio_device_module] INPUT device: (dev id: 0x7f039000ad10, device_id: Some("putk..."), friendly_name: Some("Test..."), group_id: None, vendor_name: None, device_type: INPUT, state: Enabled, preferred: (empty), format: S16LE | S16BE | F32LE | F32BE, default_format: F32LE, max channels: 2, default_rate: 48000, max_rate: 384000, min_rate: 1, latency_lo: 0, latency_hi: 0))
[2026-09-26T09:50:00.480Z INFO  ringrtc::webrtc::audio_device_module] INPUT device: (dev id: 0x7f039000b260, device_id: Some("sink..."), friendly_name: Some("Moni..."), group_id: None, vendor_name: None, device_type: INPUT, state: Enabled, preferred: (empty), format: S16LE | S16BE | F32LE | F32BE, default_format: S16LE, max channels: 2, default_rate: 48000, max_rate: 384000, min_rate: 1, latency_lo: 0, latency_hi: 0))
[2026-09-26T09:50:00.480Z INFO  ringrtc::webrtc::audio_device_module] INPUT device: (dev id: 0x7f0390008460, device_id: Some("sign..."), friendly_name: Some("sign..."), group_id: None, vendor_name: None, device_type: INPUT, state: Enabled, preferred: (empty), format: S16LE | S16BE | F32LE | F32BE, default_format: F32LE, max channels: 2, default_rate: 48000, max_rate: 384000, min_rate: 1, latency_lo: 0, latency_hi: 0))
[2026-09-26T09:50:00.480Z INFO  ringrtc::webrtc::audio_device_module] INPUT device: (dev id: 0x7f039000abc0, device_id: Some("sign..."), friendly_name: Some("Moni..."), group_id: None, vendor_name: None, device_type: INPUT, state: Enabled, preferred: (empty), format: S16LE | S16BE | F32LE | F32BE, default_format: S16LE, max channels: 2, default_rate: 48000, max_rate: 384000, min_rate: 1, latency_lo: 0, latency_hi: 0))
[2026-09-26T09:50:00.480Z INFO  ringrtc::webrtc::audio_device_module] Refresh OUTPUT devices
[2026-09-26T09:50:00.480Z WARN  ringrtc::webrtc::audio_device_module] Invalid playout device index 0 requested (len 0)
[2026-09-26T09:50:00.481Z INFO  ringrtc::webrtc::audio_device_module] Likely failed due to benign startup race
[2026-09-26T09:50:00.481Z INFO  ringrtc::webrtc::audio_device_module] OUTPUT device: (dev id: 0x7f0390008a20, device_id: Some("putk..."), friendly_name: Some("Test..."), group_id: None, vendor_name: None, device_type: OUTPUT, state: Enabled, preferred: MULTIMEDIA | VOICE | NOTIFICATION | ALL, format: S16LE | S16BE | F32LE | F32BE, default_format: F32LE, max channels: 2, default_rate: 48000, max_rate: 384000, min_rate: 1, latency_lo: 0, latency_hi: 0))
[2026-09-26T09:50:00.481Z INFO  ringrtc::webrtc::audio_device_module] OUTPUT device: (dev id: 0x7f039000a920, device_id: Some("putk..."), friendly_name: Some("Test..."), group_id: None, vendor_name: None, device_type: OUTPUT, state: Enabled, preferred: (empty), format: S16LE | S16BE | F32LE | F32BE, default_format: F32LE, max channels: 2, default_rate: 48000, max_rate: 384000, min_rate: 1, latency_lo: 0, latency_hi: 0))
[2026-09-26T09:50:00.481Z INFO  ringrtc::webrtc::audio_device_module] OUTPUT device: (dev id: 0x7f039000a940, device_id: Some("sink..."), friendly_name: Some("sink..."), group_id: None, vendor_name: None, device_type: OUTPUT, state: Enabled, preferred: (empty), format: S16LE | S16BE | F32LE | F32BE, default_format: S16LE, max channels: 2, default_rate: 48000, max_rate: 384000, min_rate: 1, latency_lo: 0, latency_hi: 0))
[2026-09-26T09:50:00.481Z INFO  ringrtc::webrtc::audio_device_module] OUTPUT device: (dev id: 0x7f0390008ac0, device_id: Some("sign..."), friendly_name: Some("sign..."), group_id: None, vendor_name: None, device_type: OUTPUT, state: Enabled, preferred: (empty), format: S16LE | S16BE | F32LE | F32BE, default_format: S16LE, max channels: 2, default_rate: 48000, max_rate: 384000, min_rate: 1, latency_lo: 0, latency_hi: 0))
[2026-09-26T09:50:00.581Z INFO  ringrtc::webrtc::peer_connection_factory] PeerConnectionFactory::get_audio_playout_devices(): device_count: 5
[2026-09-26T09:50:00.581Z INFO  ringrtc::webrtc::peer_connection_factory] PeerConnectionFactory::get_audio_recording_devices(): device_count: 4
[2026-09-26T09:50:00.582Z INFO  ringrtc::webrtc::peer_connection_factory] PeerConnectionFactory::set_audio_recording_device(3)
[2026-09-26T09:50:00.582Z INFO  signal_call_tunnel] Selected recording device: index=3, name=signal_input_123456789123456789
[2026-09-26T09:50:00.582Z INFO  ringrtc::webrtc::peer_connection_factory] PeerConnectionFactory::set_audio_playout_device(4)
[2026-09-26T09:50:00.582Z INFO  signal_call_tunnel] Selected playout device: index=4, name=signal_output_123456789123456789
[2026-09-26T09:50:00.582Z INFO  ringrtc::core::call_manager] RingRTC v2.65.1
[2026-09-26T09:50:00.582Z INFO  signal_call_tunnel] CallManager initialized, entering event loop
[2026-09-26T09:50:00.582Z INFO  signal_call_tunnel] signal-call-tunnel exiting
[2026-09-26T09:50:00.582Z INFO  ringrtc::core::call_manager] CallManager: Dropping last reference.
