********* Start testing of qmltestrunner *********
Config: Using QtTest library 6.11.2, Qt 6.11.2 (x86_64-little_endian-lp64 shared (dynamic) release build; by GCC 16.2.1 20260810), arch unknown
PASS   : qmltestrunner::Keyboard::initTestCase()
PASS   : qmltestrunner::Keyboard::test_actions_route_to_shared_services()
PASS   : qmltestrunner::Keyboard::test_command_captures_window_and_clear_chip()
PASS   : qmltestrunner::Keyboard::test_command_chip_alias_and_panel_handoff()
PASS   : qmltestrunner::Keyboard::test_command_suggestion_selection(keyboard)
PASS   : qmltestrunner::Keyboard::test_command_suggestion_selection(mouse)
PASS   : qmltestrunner::Keyboard::test_command_suggestions(colon)
PASS   : qmltestrunner::Keyboard::test_command_suggestions(command-chip)
PASS   : qmltestrunner::Keyboard::test_command_suggestions_follow_saved_aliases_and_query()
PASS   : qmltestrunner::Keyboard::test_compositor_conflict_and_write_failure()
PASS   : qmltestrunner::Keyboard::test_default_settings_command()
PASS   : qmltestrunner::Keyboard::test_duplicate_and_reserved_commands_do_not_write()
PASS   : qmltestrunner::Keyboard::test_external_change_and_late_validation_cannot_save_closed_editor()
PASS   : qmltestrunner::Keyboard::test_future_schema_preserved_and_backend_reload()
PASS   : qmltestrunner::Keyboard::test_migrate_power_profile_commands()
PASS   : qmltestrunner::Keyboard::test_migrate_session_commands_and_shortcut()
PASS   : qmltestrunner::Keyboard::test_migration_preserves_custom_bindings_and_conflicts()
PASS   : qmltestrunner::Keyboard::test_power_command_cancel_and_unavailable_session()
PASS   : qmltestrunner::Keyboard::test_power_profile_commands(powersaver-colon)
PASS   : qmltestrunner::Keyboard::test_power_profile_commands(powersaver-chip)
PASS   : qmltestrunner::Keyboard::test_power_profile_commands(balanced-colon)
PASS   : qmltestrunner::Keyboard::test_power_profile_commands(balanced-chip)
PASS   : qmltestrunner::Keyboard::test_power_profile_commands(performance-colon)
PASS   : qmltestrunner::Keyboard::test_power_profile_commands(performance-chip)
PASS   : qmltestrunner::Keyboard::test_power_profile_rejections_and_already_active()
PASS   : qmltestrunner::Keyboard::test_session_commands(shutdown)
PASS   : qmltestrunner::Keyboard::test_session_commands(poweroff)
PASS   : qmltestrunner::Keyboard::test_session_commands(reboot)
PASS   : qmltestrunner::Keyboard::test_session_commands(sleep)
PASS   : qmltestrunner::Keyboard::test_session_commands(hibernate)
PASS   : qmltestrunner::Keyboard::test_session_commands(lock)
PASS   : qmltestrunner::Keyboard::test_shutdown_aliases_share_one_result()
PASS   : qmltestrunner::Keyboard::test_small_window_keeps_list_and_editor_focus_visible()
PASS   : qmltestrunner::Keyboard::test_text_letters_and_draft_across_sections()
PASS   : qmltestrunner::Keyboard::test_ui_keyboard_navigation_save_and_reopen()
PASS   : qmltestrunner::Keyboard::cleanupTestCase()
Totals: 36 passed, 0 failed, 0 skipped, 0 blacklisted, 12904ms
********* Finished testing of qmltestrunner *********
