  INFO: Launching config: "/home/attntd/projects/putkin/wayland-validation.qml"
  INFO: Shell ID: "74f440bf839f7eb96ee44cad995b4316" Path ID "74f440bf839f7eb96ee44cad995b4316"
  INFO: Saving logs to "/tmp/pw-yka57my0/r/quickshell/by-id/yl3tmlt/log.qslog"
  INFO: Configuration Loaded
 DEBUG qml: GRABTRACE backing true true false false false
 DEBUG qml: GRABTRACE grab true true false true false
 DEBUG qml: GRABTRACE active true true true true false
 DEBUG qml: GRABTRACE grab false true true false false
 DEBUG qml: GRABTRACE active false true false false false
 DEBUG qml: GRABTRACE backing false false false false false
 DEBUG qml: GRABTRACE backing true true false false false
 DEBUG qml: GRABTRACE grab true true false true false
 DEBUG qml: GRABTRACE active true true true true false
 DEBUG qml: GRABTRACE active true true false true false
 DEBUG qml: GRABTRACE refreshing true true false true true
 DEBUG qml: GRABTRACE grab true true false false true
 DEBUG qml: GRABTRACE refreshing true true false false false
 DEBUG qml: GRABTRACE grab true true false true false
 DEBUG qml: GRABTRACE active true true true true false
 DEBUG qml: GRABTRACE cleared true true true false false
 DEBUG qml: GRABTRACE grab false true true false false
 DEBUG qml: GRABTRACE active false true false false false
 DEBUG qml: GRABTRACE backing false false false false false
 DEBUG qml: GRABTRACE backing true true false false false
 DEBUG qml: GRABTRACE grab true true false true false
 DEBUG qml: GRABTRACE active true true true true false
 DEBUG qml: GRABTRACE grab false true true false false
 DEBUG qml: GRABTRACE active false true false false false
 DEBUG qml: GRABTRACE backing false false false false false
 DEBUG qml: GRABTRACE backing true true false false false
 DEBUG qml: GRABTRACE grab true true false true false
 DEBUG qml: GRABTRACE active true true true true false
 DEBUG qml: GRABTRACE cleared true true true false false
 DEBUG qml: GRABTRACE grab false true true false false
 DEBUG qml: GRABTRACE active false true false false false
 DEBUG qml: GRABTRACE backing false false false false false
 DEBUG qml: GRABTRACE backing true true false false false
 DEBUG qml: GRABTRACE grab true true false true false
 DEBUG qml: GRABTRACE active true true true true false
 DEBUG qml: GRABTRACE grab false true true false false
 DEBUG qml: GRABTRACE backing false false true false false
 DEBUG qml: GRABTRACE backing true true false false false
 DEBUG qml: GRABTRACE grab true true false true false
 DEBUG qml: GRABTRACE active true true true true false
 DEBUG qml: GRABTRACE grab false true true false false
 DEBUG qml: GRABTRACE backing false false true false false
 DEBUG qml: GRABTRACE backing true true false false false
 DEBUG qml: GRABTRACE grab true true false true false
 DEBUG qml: GRABTRACE active true true true true false
 DEBUG qml: GRABTRACE grab false true true false false
 DEBUG qml: GRABTRACE active false true false false false
 DEBUG qml: GRABTRACE backing false false false false false
 DEBUG qml: GRABTRACE backing true true false false false
 DEBUG qml: GRABTRACE grab true true false true false
 DEBUG qml: GRABTRACE active true true true true false
 DEBUG qml: GRABTRACE grab false true true false false
 DEBUG qml: GRABTRACE active false true false false false
 DEBUG qml: GRABTRACE backing false false false false false
 DEBUG qml: GRABTRACE backing true true false false false
 DEBUG qml: GRABTRACE grab true true false true false
 DEBUG qml: GRABTRACE active true true true true false
 DEBUG qml: GRABTRACE grab false true true false false
 DEBUG qml: GRABTRACE active false true false false false
 DEBUG qml: GRABTRACE backing false false false false false
 DEBUG qml: GRABTRACE backing true true false false false
 DEBUG qml: GRABTRACE grab true true false true false
 DEBUG qml: GRABTRACE active true true true true false
 DEBUG qml: GRABTRACE grab false true true false false
 DEBUG qml: GRABTRACE active false true false false false
 DEBUG qml: GRABTRACE backing false false false false false
 DEBUG qml: GRABTRACE backing true true false false false
 DEBUG qml: GRABTRACE grab true true false true false
 DEBUG qml: GRABTRACE active true true true true false
 DEBUG qml: GRABTRACE grab false true true false false
 DEBUG qml: GRABTRACE active false true false false false
 DEBUG qml: GRABTRACE backing false false false false false
 DEBUG qml: GRABTRACE backing true true false false false
 DEBUG qml: GRABTRACE grab true true false true false
 DEBUG qml: GRABTRACE active true true true true false
 DEBUG qml: GRABTRACE grab false true true false false
 DEBUG qml: GRABTRACE active false true false false false
 DEBUG qml: GRABTRACE backing false false false false false
 DEBUG qml: GRABTRACE backing true true false false false
 DEBUG qml: GRABTRACE grab true true false true false
 DEBUG qml: GRABTRACE active true true true true false
 DEBUG qml: GRABTRACE grab false true true false false
 DEBUG qml: GRABTRACE active false true false false false
 DEBUG qml: GRABTRACE backing false false false false false
 DEBUG qml: GRABTRACE backing true true false false false
 DEBUG qml: GRABTRACE grab true true false true false
 DEBUG qml: GRABTRACE active true true true true false
 DEBUG qml: GRABTRACE grab false true true false false
 DEBUG qml: GRABTRACE active false true false false false
 DEBUG qml: GRABTRACE backing false false false false false
 DEBUG qml: GRABTRACE backing true true false false false
 DEBUG qml: GRABTRACE grab true true false true false
 DEBUG qml: GRABTRACE active true true true true false
 DEBUG qml: GRABTRACE grab false true true false false
 DEBUG qml: GRABTRACE active false true false false false
 DEBUG qml: GRABTRACE backing false false false false false
 DEBUG qml: GRABTRACE backing true true false false false
 DEBUG qml: GRABTRACE grab true true false true false
 DEBUG qml: GRABTRACE active true true true true false
 DEBUG qml: GRABTRACE grab false true true false false
 DEBUG qml: GRABTRACE active false true false false false
 DEBUG qml: GRABTRACE backing false false false false false
 DEBUG qml: GRABTRACE backing true true false false false
 DEBUG qml: GRABTRACE grab true true false true false
 DEBUG qml: GRABTRACE active true true true true false
 DEBUG qml: GRABTRACE grab false true true false false
 DEBUG qml: GRABTRACE active false true false false false
 DEBUG qml: GRABTRACE backing false false false false false
 DEBUG qml: GRABTRACE backing true true false false false
 DEBUG qml: GRABTRACE grab true true false true false
 DEBUG qml: GRABTRACE active true true true true false
 DEBUG qml: GRABTRACE grab false true true false false
 DEBUG qml: GRABTRACE active false true false false false
 DEBUG qml: GRABTRACE backing false false false false false
 DEBUG qml: GRABTRACE backing true true false false false
 DEBUG qml: GRABTRACE grab true true false true false
 DEBUG qml: GRABTRACE active true true true true false
 DEBUG qml: GRABTRACE grab false true true false false
 DEBUG qml: GRABTRACE active false true false false false
 DEBUG qml: GRABTRACE backing false false false false false
 DEBUG qml: GRABTRACE backing true true false false false
 DEBUG qml: GRABTRACE grab true true false true false
 DEBUG qml: GRABTRACE active true true true true false
 DEBUG qml: GRABTRACE grab false true true false false
 DEBUG qml: GRABTRACE active false true false false false
 DEBUG qml: GRABTRACE backing false false false false false
 DEBUG qml: GRABTRACE backing true true false false false
 DEBUG qml: GRABTRACE grab true true false true false
 DEBUG qml: GRABTRACE active true true true true false
 DEBUG qml: GRABTRACE grab false true true false false
 DEBUG qml: GRABTRACE active false true false false false
 DEBUG qml: GRABTRACE backing false false false false false
 DEBUG qml: GRABTRACE backing true true false false false
 DEBUG qml: GRABTRACE grab true true false true false
 DEBUG qml: GRABTRACE active true true true true false
