********* Start testing of qmltestrunner *********
Config: Using QtTest library 6.11.2, Qt 6.11.2 (x86_64-little_endian-lp64 shared (dynamic) release build; by GCC 16.2.1 20260810), arch unknown
PASS   : qmltestrunner::Keyboard::initTestCase()
PASS   : qmltestrunner::Keyboard::test_actions_route_to_shared_services()
PASS   : qmltestrunner::Keyboard::test_command_captures_window_and_clear_chip()
PASS   : qmltestrunner::Keyboard::test_command_category_follows_action_after_alias_edit(profile)
PASS   : qmltestrunner::Keyboard::test_command_category_follows_action_after_alias_edit(audio)
PASS   : qmltestrunner::Keyboard::test_command_category_follows_action_after_alias_edit(settings)
PASS   : qmltestrunner::Keyboard::test_command_category_follows_action_after_alias_edit(quick-menu)
PASS   : qmltestrunner::Keyboard::test_command_category_follows_action_after_alias_edit(wifi)
PASS   : qmltestrunner::Keyboard::test_command_category_follows_action_after_alias_edit(bluetooth)
PASS   : qmltestrunner::Keyboard::test_command_category_follows_action_after_alias_edit(messages)
PASS   : qmltestrunner::Keyboard::test_command_category_follows_action_after_alias_edit(clipboard)
PASS   : qmltestrunner::Keyboard::test_command_category_follows_action_after_alias_edit(notifications)
PASS   : qmltestrunner::Keyboard::test_command_category_follows_action_after_alias_edit(screen)
PASS   : qmltestrunner::Keyboard::test_command_category_follows_action_after_alias_edit(window)
PASS   : qmltestrunner::Keyboard::test_command_category_follows_action_after_alias_edit(workspace)
PASS   : qmltestrunner::Keyboard::test_command_chip_alias_and_panel_handoff()
PASS   : qmltestrunner::Keyboard::test_command_suggestion_selection(keyboard)
PASS   : qmltestrunner::Keyboard::test_command_suggestion_selection(mouse)
PASS   : qmltestrunner::Keyboard::test_command_suggestions(colon)
PASS   : qmltestrunner::Keyboard::test_command_suggestions(command-chip)
PASS   : qmltestrunner::Keyboard::test_command_suggestions(colon-space)
PASS   : qmltestrunner::Keyboard::test_command_suggestions_follow_saved_aliases_and_query()
PASS   : qmltestrunner::Keyboard::test_compositor_conflict_and_write_failure()
PASS   : qmltestrunner::Keyboard::test_default_settings_command()
PASS   : qmltestrunner::Keyboard::test_duplicate_and_reserved_commands_do_not_write()
PASS   : qmltestrunner::Keyboard::test_external_change_and_late_validation_cannot_save_closed_editor()
PASS   : qmltestrunner::Keyboard::test_future_schema_preserved_and_backend_reload()
PASS   : qmltestrunner::Keyboard::test_migrate_power_profile_commands()
PASS   : qmltestrunner::Keyboard::test_migrate_session_commands_and_shortcut()
PASS   : qmltestrunner::Keyboard::test_migrate_topbar_commands(previous)
PASS   : qmltestrunner::Keyboard::test_migrate_topbar_commands(pre-messages)
PASS   : qmltestrunner::Keyboard::test_migrate_topbar_commands(pre-profiles)
PASS   : qmltestrunner::Keyboard::test_migrate_topbar_commands(oldest)
PASS   : qmltestrunner::Keyboard::test_migration_preserves_custom_bindings_and_conflicts()
PASS   : qmltestrunner::Keyboard::test_power_command_cancel_and_unavailable_session()
PASS   : qmltestrunner::Keyboard::test_power_profile_commands(powersaver-colon)
PASS   : qmltestrunner::Keyboard::test_power_profile_commands(powersaver-chip)
PASS   : qmltestrunner::Keyboard::test_power_profile_commands(powersaver-colon-space)
PASS   : qmltestrunner::Keyboard::test_power_profile_commands(balanced-colon)
PASS   : qmltestrunner::Keyboard::test_power_profile_commands(balanced-chip)
PASS   : qmltestrunner::Keyboard::test_power_profile_commands(balanced-colon-space)
PASS   : qmltestrunner::Keyboard::test_power_profile_commands(performance-colon)
PASS   : qmltestrunner::Keyboard::test_power_profile_commands(performance-chip)
PASS   : qmltestrunner::Keyboard::test_power_profile_commands(performance-colon-space)
PASS   : qmltestrunner::Keyboard::test_power_profile_rejections_and_already_active()
PASS   : qmltestrunner::Keyboard::test_session_commands(shutdown)
PASS   : qmltestrunner::Keyboard::test_session_commands(poweroff)
PASS   : qmltestrunner::Keyboard::test_session_commands(reboot)
PASS   : qmltestrunner::Keyboard::test_session_commands(sleep)
PASS   : qmltestrunner::Keyboard::test_session_commands(hibernate)
PASS   : qmltestrunner::Keyboard::test_session_commands(lock)
PASS   : qmltestrunner::Keyboard::test_shutdown_aliases_share_one_result()
PASS   : qmltestrunner::Keyboard::test_small_window_keeps_list_and_editor_focus_visible()
QINFO  : qmltestrunner::Keyboard::test_text_letters_and_draft_across_sections() file:///home/attntd/projects/putkin/modules/settings/SettingsView.qml:99:5: QML Loader (parent or ancestor of Component): Cannot create delegate
QINFO  : qmltestrunner::Keyboard::test_text_letters_and_draft_across_sections() file:///home/attntd/projects/putkin/modules/settings/KeyboardView.qml: Object or context destroyed during incubation
PASS   : qmltestrunner::Keyboard::test_text_letters_and_draft_across_sections()
PASS   : qmltestrunner::Keyboard::test_topbar_commands_open_panels(network-colon)
PASS   : qmltestrunner::Keyboard::test_topbar_commands_open_panels(network-chip)
PASS   : qmltestrunner::Keyboard::test_topbar_commands_open_panels(network-colon-space)
PASS   : qmltestrunner::Keyboard::test_topbar_commands_open_panels(bluetooth-colon)
PASS   : qmltestrunner::Keyboard::test_topbar_commands_open_panels(bluetooth-chip)
PASS   : qmltestrunner::Keyboard::test_topbar_commands_open_panels(bluetooth-colon-space)
PASS   : qmltestrunner::Keyboard::test_topbar_commands_open_panels(audio-colon)
PASS   : qmltestrunner::Keyboard::test_topbar_commands_open_panels(audio-chip)
PASS   : qmltestrunner::Keyboard::test_topbar_commands_open_panels(audio-colon-space)
PASS   : qmltestrunner::Keyboard::test_topbar_commands_open_panels(battery-colon)
PASS   : qmltestrunner::Keyboard::test_topbar_commands_open_panels(battery-chip)
PASS   : qmltestrunner::Keyboard::test_topbar_commands_open_panels(battery-colon-space)
PASS   : qmltestrunner::Keyboard::test_topbar_commands_open_panels(notifications-colon)
PASS   : qmltestrunner::Keyboard::test_topbar_commands_open_panels(notifications-chip)
PASS   : qmltestrunner::Keyboard::test_topbar_commands_open_panels(notifications-colon-space)
PASS   : qmltestrunner::Keyboard::test_topbar_commands_open_panels(quickSettings-colon)
PASS   : qmltestrunner::Keyboard::test_topbar_commands_open_panels(quickSettings-chip)
PASS   : qmltestrunner::Keyboard::test_topbar_commands_open_panels(quickSettings-colon-space)
PASS   : qmltestrunner::Keyboard::test_topbar_commands_stay_removed_after_save()
PASS   : qmltestrunner::Keyboard::test_topbar_migration_preserves_aliases_and_conflicts()
PASS   : qmltestrunner::Keyboard::test_topbar_migration_rejects_incomplete_catalogs()
PASS   : qmltestrunner::Keyboard::test_ui_keyboard_navigation_save_and_reopen()
PASS   : qmltestrunner::Keyboard::cleanupTestCase()
Totals: 77 passed, 0 failed, 0 skipped, 0 blacklisted, 21139ms
********* Finished testing of qmltestrunner *********
