test_read_batch_rpc_both_privacy_modes_restart_and_no_send (test_signal_receipts.ReceiptBridgeTests.test_read_batch_rpc_both_privacy_modes_restart_and_no_send) ... ok
test_read_sync_with_window_absent_and_receipt_before_rpc (test_signal_receipts.ReceiptBridgeTests.test_read_sync_with_window_absent_and_receipt_before_rpc) ... ok
test_group_partial_per_recipient_and_foreign_actor (test_signal_receipts.ReceiptTests.test_group_partial_per_recipient_and_foreign_actor) ... ok
test_group_partial_send_stays_failed_and_phone_group_has_unknown_audience (test_signal_receipts.ReceiptTests.test_group_partial_send_stays_failed_and_phone_group_has_unknown_audience) ... ok
test_inflight_unknown_never_becomes_sent_by_reload_or_duplicate_visible_range (test_signal_receipts.ReceiptTests.test_inflight_unknown_never_becomes_sent_by_reload_or_duplicate_visible_range) ... ok
test_invalid_receipt_flags_and_wrong_submission_result_never_claim_success (test_signal_receipts.ReceiptTests.test_invalid_receipt_flags_and_wrong_submission_result_never_claim_success) ... ok
test_monotonic_delivery_read_viewed_duplicate_and_many_timestamps (test_signal_receipts.ReceiptTests.test_monotonic_delivery_read_viewed_duplicate_and_many_timestamps) ... ok
test_number_only_pending_request_does_not_read_or_mark_aci_copy (test_signal_receipts.ReceiptTests.test_number_only_pending_request_does_not_read_or_mark_aci_copy) ... ok
test_phone_cancels_queued_reads_and_disabled_external_receipts_empty_result_is_valid (test_signal_receipts.ReceiptTests.test_phone_cancels_queued_reads_and_disabled_external_receipts_empty_result_is_valid) ... ok
test_phone_read_before_message_persists_and_suppresses_arrival (test_signal_receipts.ReceiptTests.test_phone_read_before_message_persists_and_suppresses_arrival) ... ok
test_read_sync_is_own_read_not_external_receipt_and_does_not_touch_body (test_signal_receipts.ReceiptTests.test_read_sync_is_own_read_not_external_receipt_and_does_not_touch_body) ... ok
test_read_through_is_bounded_scoped_persistent_and_excludes_newer_arrivals (test_signal_receipts.ReceiptTests.test_read_through_is_bounded_scoped_persistent_and_excludes_newer_arrivals) ... ok
test_receipt_before_message_and_before_send_result_reconciles_exact_key (test_signal_receipts.ReceiptTests.test_receipt_before_message_and_before_send_result_reconciles_exact_key) ... ok
test_receipt_scope_account_direction_recipient_and_missing_aci (test_signal_receipts.ReceiptTests.test_receipt_scope_account_direction_recipient_and_missing_aci) ... ok
test_schema_v2_migrates_pending_reads_receipts_and_outbox_recipients (test_signal_receipts.ReceiptTests.test_schema_v2_migrates_pending_reads_receipts_and_outbox_recipients) ... ok
test_unmatched_metadata_expires_but_matched_receipts_and_markers_persist (test_signal_receipts.ReceiptTests.test_unmatched_metadata_expires_but_matched_receipts_and_markers_persist) ... ok
test_visible_group_reads_batch_by_author_and_bound_rpc_size (test_signal_receipts.ReceiptTests.test_visible_group_reads_batch_by_author_and_bound_rpc_size) ... ok
test_visible_ids_atomic_scoped_idempotent_grouped_queue_survives_restart (test_signal_receipts.ReceiptTests.test_visible_ids_atomic_scoped_idempotent_grouped_queue_survives_restart) ... ok

----------------------------------------------------------------------
Ran 18 tests in 1.026s

OK
