test_clock_step_cancellation_rechecks_database (test_signal_retention.DeadlineTests.test_clock_step_cancellation_rechecks_database) ... ok
test_real_timerfd_nearest_deadline_and_cancel (test_signal_retention.DeadlineTests.test_real_timerfd_nearest_deadline_and_cancel) ... ok
test_actual_cli_timer_overrides_racing_preflight_and_partial_send_expires (test_signal_retention.RetentionTests.test_actual_cli_timer_overrides_racing_preflight_and_partial_send_expires) ... ok
test_conversation_changes_edits_duplicates_do_not_extend_existing_deadline (test_signal_retention.RetentionTests.test_conversation_changes_edits_duplicates_do_not_extend_existing_deadline) ... ok
test_delete_before_target_closes_reverse_edit_graph_and_replay (test_signal_retention.RetentionTests.test_delete_before_target_closes_reverse_edit_graph_and_replay) ... ok
test_expiring_media_shared_references_and_late_worker_cleanup (test_signal_retention.RetentionTests.test_expiring_media_shared_references_and_late_worker_cleanup) ... ok
test_incoming_timer_starts_on_read_and_earliest_phone_sync_wins (test_signal_retention.RetentionTests.test_incoming_timer_starts_on_read_and_earliest_phone_sync_wins) ... ok
test_inflight_edit_result_and_late_send_sync_cannot_restore_deleted_text (test_signal_retention.RetentionTests.test_inflight_edit_result_and_late_send_sync_cannot_restore_deleted_text) ... ok
test_local_delete_never_enqueues_remote_and_prevents_send_retry (test_signal_retention.RetentionTests.test_local_delete_never_enqueues_remote_and_prevents_send_retry) ... ok
test_outgoing_local_and_note_start_after_send_not_enqueue (test_signal_retention.RetentionTests.test_outgoing_local_and_note_start_after_send_not_enqueue) ... ok
test_quotes_versions_composition_and_mutations_are_scrubbed (test_signal_retention.RetentionTests.test_quotes_versions_composition_and_mutations_are_scrubbed) ... ok
test_read_before_message_and_phone_sent_expire_before_publication (test_signal_retention.RetentionTests.test_read_before_message_and_phone_sent_expire_before_publication) ... ok
test_redaction_stops_the_owned_decoder_before_it_can_publish (test_signal_retention.RetentionTests.test_redaction_stops_the_owned_decoder_before_it_can_publish) ... ok
test_remote_delete_is_durable_validated_and_uses_actual_rpc (test_signal_retention.RetentionTests.test_remote_delete_is_durable_validated_and_uses_actual_rpc) ... ok
test_remote_delete_limit_incoming_denial_partial_and_restart_unknown (test_signal_retention.RetentionTests.test_remote_delete_limit_incoming_denial_partial_and_restart_unknown) ... ok
test_restart_suspend_clock_steps_and_cleanup_failure_recover (test_signal_retention.RetentionTests.test_restart_suspend_clock_steps_and_cleanup_failure_recover) ... ok
test_wrong_author_conversation_and_account_do_not_delete_other_message (test_signal_retention.RetentionTests.test_wrong_author_conversation_and_account_do_not_delete_other_message) ... ok
test_cancel_preparation_and_foreign_account_leave_no_files (test_signal_media.MediaBridgeTests.test_cancel_preparation_and_foreign_account_leave_no_files) ... ok
test_real_bridge_stages_sends_receives_and_restarts_media (test_signal_media.MediaBridgeTests.test_real_bridge_stages_sends_receives_and_restarts_media) ... ok
test_corrupt_decoder_is_explicit_and_no_thumbnail (test_signal_media.MediaTests.test_corrupt_decoder_is_explicit_and_no_thumbnail) ... ok
test_dimensions_source_change_permissions_and_synthetic_clipboard (test_signal_media.MediaTests.test_dimensions_source_change_permissions_and_synthetic_clipboard) ... ok
test_draft_remove_quota_disk_full_and_startup_orphans (test_signal_media.MediaTests.test_draft_remove_quota_disk_full_and_startup_orphans) ... ok
test_incoming_phone_sync_shared_refs_and_retention_hook (test_signal_media.MediaTests.test_incoming_phone_sync_shared_refs_and_retention_hook) ... ok
test_known_upload_failure_retry_and_thumbnail_regeneration_failure (test_signal_media.MediaTests.test_known_upload_failure_retry_and_thumbnail_regeneration_failure) ... ok
test_multiple_media_draft_send_and_restart_survive_original_removal (test_signal_media.MediaTests.test_multiple_media_draft_send_and_restart_survive_original_removal) ... ok
test_reject_zero_large_mime_executable_and_paths (test_signal_media.MediaTests.test_reject_zero_large_mime_executable_and_paths) ... ok
test_save_explicit_no_overwrite_no_symlink_and_failure_cleanup (test_signal_media.MediaTests.test_save_explicit_no_overwrite_no_symlink_and_failure_cleanup) ... ok
test_sent_sync_before_and_after_send_preserves_local_id_without_conflict_or_cli_leak (test_signal_media.MediaTests.test_sent_sync_before_and_after_send_preserves_local_id_without_conflict_or_cli_leak) ... ok
test_unknown_upload_failure_retry_cancel_and_loss (test_signal_media.MediaTests.test_unknown_upload_failure_retry_cancel_and_loss) ... ok
test_view_once_creates_no_managed_copies (test_signal_media.MediaTests.test_view_once_creates_no_managed_copies) ... ok

----------------------------------------------------------------------
Ran 30 tests in 17.110s

OK
