test_byte_fragmentation_preserves_multibyte_utf8 (test_signal_contract.SignalContractTest.test_byte_fragmentation_preserves_multibyte_utf8) ... ok
test_malformed_truncated_and_oversized_input_fail (test_signal_contract.SignalContractTest.test_malformed_truncated_and_oversized_input_fail) ... ok
test_manual_receive_waits_for_subscription_request (test_signal_contract.SignalContractTest.test_manual_receive_waits_for_subscription_request) ... ok
test_stdio_round_trip_and_eof (test_signal_contract.SignalContractTest.test_stdio_round_trip_and_eof) ... ok
test_wrong_recipient_cannot_get_scripted_send_success (test_signal_contract.SignalContractTest.test_wrong_recipient_cannot_get_scripted_send_success) ... ok
test_crash_after_dispatch_keeps_unknown_without_resending_on_reconnect (test_signal_history.BridgeHistoryTests.test_crash_after_dispatch_keeps_unknown_without_resending_on_reconnect) ... ok
test_deadline_cleanup_runs_without_polling_or_another_ui_request (test_signal_history.BridgeHistoryTests.test_deadline_cleanup_runs_without_polling_or_another_ui_request) ... ok
test_end_to_end_receive_send_sync_pages_drafts_commit_and_restart (test_signal_history.BridgeHistoryTests.test_end_to_end_receive_send_sync_pages_drafts_commit_and_restart) ... ok
test_retention_preflight_sends_with_confirmed_timer_and_expires_old_result (test_signal_history.BridgeHistoryTests.test_retention_preflight_sends_with_confirmed_timer_and_expires_old_result) ... ok
test_storage_failure_stops_receive_before_next_event_and_requires_retry (test_signal_history.BridgeHistoryTests.test_storage_failure_stops_receive_before_next_event_and_requires_retry) ... ok
test_timeout_late_reply_reconciles_and_releases_queue_without_resend (test_signal_history.BridgeHistoryTests.test_timeout_late_reply_reconciles_and_releases_queue_without_resend) ... ok
test_delete_and_edit_before_target_never_restore_content_and_pending_is_bounded (test_signal_history.HistoryTests.test_delete_and_edit_before_target_never_restore_content_and_pending_is_bounded) ... ok
test_duplicates_protocol_keys_do_not_merge_equal_text_authors_groups_accounts (test_signal_history.HistoryTests.test_duplicates_protocol_keys_do_not_merge_equal_text_authors_groups_accounts) ... ok
test_expired_outbox_cleanup_and_tombstone_after_restart (test_signal_history.HistoryTests.test_expired_outbox_cleanup_and_tombstone_after_restart) ... ok
test_full_disk_and_readonly_transaction_never_publish_uncommitted_message (test_signal_history.HistoryTests.test_full_disk_and_readonly_transaction_never_publish_uncommitted_message) ... ok
test_missing_timestamp_wrong_recipient_and_rpc_error_are_unknown (test_signal_history.HistoryTests.test_missing_timestamp_wrong_recipient_and_rpc_error_are_unknown) ... ok
test_number_only_recipient_stays_unresolved_and_account_rebinding_is_by_aci (test_signal_history.HistoryTests.test_number_only_recipient_stays_unresolved_and_account_rebinding_is_by_aci) ... ok
test_pagination_ties_scopes_large_frames_and_safe_integer_timestamps (test_signal_history.HistoryTests.test_pagination_ties_scopes_large_frames_and_safe_integer_timestamps) ... ok
test_payload_conflict_and_source_device_are_not_silent_overwrites (test_signal_history.HistoryTests.test_payload_conflict_and_source_device_are_not_silent_overwrites) ... ok
test_per_recipient_partial_network_failure_and_safe_retry (test_signal_history.HistoryTests.test_per_recipient_partial_network_failure_and_safe_retry) ... ok
test_phone_incoming_local_reply_and_restart_preserve_history_draft_and_outbox (test_signal_history.HistoryTests.test_phone_incoming_local_reply_and_restart_preserve_history_draft_and_outbox) ... ok
test_process_death_before_after_commit_and_after_sending_marker (test_signal_history.HistoryTests.test_process_death_before_after_commit_and_after_sending_marker) ... ok
test_queue_idempotence_draft_compare_and_swap_and_cancel (test_signal_history.HistoryTests.test_queue_idempotence_draft_compare_and_swap_and_cancel) ... ok
test_redaction_clears_wal_and_checkpoint_failure_blocks_publication (test_signal_history.HistoryTests.test_redaction_clears_wal_and_checkpoint_failure_blocks_publication) ... ok
test_schema_rollback_newer_version_corrupt_db_and_unsafe_companions (test_signal_history.HistoryTests.test_schema_rollback_newer_version_corrupt_db_and_unsafe_companions) ... ok
test_sync_before_and_after_rpc_preserve_local_key (test_signal_history.HistoryTests.test_sync_before_and_after_rpc_preserve_local_key) ... ok
test_unknown_no_timestamp_never_guesses_by_text_and_retry_is_explicitly_rejected (test_signal_history.HistoryTests.test_unknown_no_timestamp_never_guesses_by_text_and_retry_is_explicitly_rejected) ... ok
test_view_once_and_unknown_events_do_not_archive_payloads (test_signal_history.HistoryTests.test_view_once_and_unknown_events_do_not_archive_payloads) ... ok
test_actual_queue_routes_edit_and_reaction_methods_and_survives_restart (test_signal_interactions.InteractionBridgeTests.test_actual_queue_routes_edit_and_reaction_methods_and_survives_restart) ... ok
test_edit_chain_reverse_delivery_duplicates_authorship_and_restart (test_signal_interactions.InteractionTests.test_edit_chain_reverse_delivery_duplicates_authorship_and_restart) ... ok
test_edits_keep_expiry_and_delete_version_clears_all_content (test_signal_interactions.InteractionTests.test_edits_keep_expiry_and_delete_version_clears_all_content) ... ok
test_emoji_sequences_are_preserved_and_multi_cluster_input_is_rejected (test_signal_interactions.InteractionTests.test_emoji_sequences_are_preserved_and_multi_cluster_input_is_rejected) ... ok
test_error_known_failure_retry_unknown_no_repeat_and_operation_dedup (test_signal_interactions.InteractionTests.test_error_known_failure_retry_unknown_no_repeat_and_operation_dedup) ... ok
test_group_edit_versions_have_their_own_audience_and_partial_failure_is_unknown (test_signal_interactions.InteractionTests.test_group_edit_versions_have_their_own_audience_and_partial_failure_is_unknown) ... ok
test_limits_author_permissions_and_stale_editor (test_signal_interactions.InteractionTests.test_limits_author_permissions_and_stale_editor) ... ok
test_media_caption_edit_keeps_files (test_signal_interactions.InteractionTests.test_media_caption_edit_keeps_files) ... ok
test_note_to_self_edits_after_24_hours_and_cancel_does_not_change_message (test_signal_interactions.InteractionTests.test_note_to_self_edits_after_24_hours_and_cancel_does_not_change_message) ... ok
test_pending_edits_expire_and_typing_does_not_create_history (test_signal_interactions.InteractionTests.test_pending_edits_expire_and_typing_does_not_create_history) ... ok
test_phone_edits_reactions_do_not_toast_and_old_receipt_not_latest_read (test_signal_interactions.InteractionTests.test_phone_edits_reactions_do_not_toast_and_old_receipt_not_latest_read) ... ok
test_phone_sync_before_result_settles_exact_version_once (test_signal_interactions.InteractionTests.test_phone_sync_before_result_settles_exact_version_once) ... ok
test_queue_applies_only_confirmed_result_preserves_draft_and_original_id (test_signal_interactions.InteractionTests.test_queue_applies_only_confirmed_result_preserves_draft_and_original_id) ... ok
test_quote_mentions_draft_composition_persists_and_send_clears_it (test_signal_interactions.InteractionTests.test_quote_mentions_draft_composition_persists_and_send_clears_it) ... ok
test_quote_missing_original_resolves_without_fabricating_history (test_signal_interactions.InteractionTests.test_quote_missing_original_resolves_without_fabricating_history) ... ok
test_reactions_actor_key_change_remove_zwj_before_target_and_alias (test_signal_interactions.InteractionTests.test_reactions_actor_key_change_remove_zwj_before_target_and_alias) ... ok
test_utf16_emoji_mentions_and_whitelisted_styles (test_signal_interactions.InteractionTests.test_utf16_emoji_mentions_and_whitelisted_styles) ... ok
test_incoming_timeout_duplicates_stop_order_no_history_and_disconnect (test_signal_interactions.TypingTests.test_incoming_timeout_duplicates_stop_order_no_history_and_disconnect) ... ok
test_rate_limit_expiry_stop_and_disabled_preference (test_signal_interactions.TypingTests.test_rate_limit_expiry_stop_and_disabled_preference) ... ok
test_backoff_stops_after_five_retries_and_explicit_retry_recovers (test_signal_lifecycle.LifecycleTests.test_backoff_stops_after_five_retries_and_explicit_retry_recovers) ... ok
test_eof_term_kill_helper_and_owned_shell (test_signal_lifecycle.LifecycleTests.test_eof_term_kill_helper_and_owned_shell) ... ok
test_forced_cleanup_holds_lock_until_cli_dies (test_signal_lifecycle.LifecycleTests.test_forced_cleanup_holds_lock_until_cli_dies) ... ok
test_invalid_version_accounts_and_ipc_frames_are_finite (test_signal_lifecycle.LifecycleTests.test_invalid_version_accounts_and_ipc_frames_are_finite) ... ok
test_ipc_burst_limit_and_invalid_version (test_signal_lifecycle.LifecycleTests.test_ipc_burst_limit_and_invalid_version) ... ok
test_private_paths_and_lock_symlinks_rejected (test_signal_lifecycle.LifecycleTests.test_private_paths_and_lock_symlinks_rejected) ... ok
test_production_requires_media_policy_and_durable_store_before_subscribe (test_signal_lifecycle.LifecycleTests.test_production_requires_media_policy_and_durable_store_before_subscribe) ... ok
test_reconnect_generation_error_redaction_and_explicit_cancel (test_signal_lifecycle.LifecycleTests.test_reconnect_generation_error_redaction_and_explicit_cancel) ... ok
test_two_starts_stale_lock_inode_and_reload (test_signal_lifecycle.LifecycleTests.test_two_starts_stale_lock_inode_and_reload) ... ok
test_unconfigured_idle_disabled_and_missing_binary (test_signal_lifecycle.LifecycleTests.test_unconfigured_idle_disabled_and_missing_binary) ... ok
test_corrupt_large_truncated_utf8_and_version (test_signal_lifecycle.TransportTests.test_corrupt_large_truncated_utf8_and_version) ... ok
test_limits_and_stop_inflight_never_succeed (test_signal_lifecycle.TransportTests.test_limits_and_stop_inflight_never_succeed) ... ok
test_out_of_order_timeout_late_reply_and_cancellation (test_signal_lifecycle.TransportTests.test_out_of_order_timeout_late_reply_and_cancellation) ... ok
test_partial_utf8_coalesced_frames_and_event_before_reply (test_signal_lifecycle.TransportTests.test_partial_utf8_coalesced_frames_and_event_before_reply) ... ok
test_cancel_preparation_and_foreign_account_leave_no_files (test_signal_media.MediaBridgeTests.test_cancel_preparation_and_foreign_account_leave_no_files) ... ok
test_real_bridge_stages_sends_receives_and_restarts_media (test_signal_media.MediaBridgeTests.test_real_bridge_stages_sends_receives_and_restarts_media) ... ok
test_corrupt_decoder_is_explicit_and_no_thumbnail (test_signal_media.MediaTests.test_corrupt_decoder_is_explicit_and_no_thumbnail) ... ok
test_dimensions_source_change_permissions_and_synthetic_clipboard (test_signal_media.MediaTests.test_dimensions_source_change_permissions_and_synthetic_clipboard) ... ok
test_draft_remove_quota_disk_full_and_startup_orphans (test_signal_media.MediaTests.test_draft_remove_quota_disk_full_and_startup_orphans) ... ok
test_incoming_phone_sync_shared_refs_and_retention_hook (test_signal_media.MediaTests.test_incoming_phone_sync_shared_refs_and_retention_hook) ... ok
test_known_upload_failure_retry_and_thumbnail_regeneration_failure (test_signal_media.MediaTests.test_known_upload_failure_retry_and_thumbnail_regeneration_failure) ... ok
test_multiple_media_draft_send_and_restart_survive_original_removal (test_signal_media.MediaTests.test_multiple_media_draft_send_and_restart_survive_original_removal) ... ok
test_reject_zero_large_mime_executable_and_paths (test_signal_media.MediaTests.test_reject_zero_large_mime_executable_and_paths) ... ok
test_save_explicit_no_overwrite_no_symlink_and_failure_cleanup (test_signal_media.MediaTests.test_save_explicit_no_overwrite_no_symlink_and_failure_cleanup) ... ok
test_sent_sync_before_and_after_send_preserves_local_id_without_conflict_or_cli_leak (test_signal_media.MediaTests.test_sent_sync_before_and_after_send_preserves_local_id_without_conflict_or_cli_leak) ... ok
test_unknown_upload_failure_retry_cancel_and_loss (test_signal_media.MediaTests.test_unknown_upload_failure_retry_cancel_and_loss) ... ok
test_view_once_creates_no_managed_copies (test_signal_media.MediaTests.test_view_once_creates_no_managed_copies) ... ok
test_admin_only_group_and_disabled_account_block_send (test_signal_messages.MessagingTests.test_admin_only_group_and_disabled_account_block_send) ... ok
test_directory_names_unread_and_permissions_are_model_data (test_signal_messages.MessagingTests.test_directory_names_unread_and_permissions_are_model_data) ... ok
test_invalid_and_unknown_recipient_never_create_or_send (test_signal_messages.MessagingTests.test_invalid_and_unknown_recipient_never_create_or_send) ... ok
test_phone_and_username_resolve_to_one_empty_scoped_conversation_without_send (test_signal_messages.MessagingTests.test_phone_and_username_resolve_to_one_empty_scoped_conversation_without_send) ... ok
test_cas_account_scope_and_mute_are_persistent (test_signal_notifications.NotificationTests.test_cas_account_scope_and_mute_are_persistent) ... ok
test_definite_failure_retries_existing_operation_and_keeps_text (test_signal_notifications.NotificationTests.test_definite_failure_retries_existing_operation_and_keeps_text) ... ok
test_migration_v1_preserves_history_and_rolls_back_on_failure (test_signal_notifications.NotificationTests.test_migration_v1_preserves_history_and_rolls_back_on_failure) ... ok
test_new_incoming_only_after_commit_without_duplicate_or_technical_toasts (test_signal_notifications.NotificationTests.test_new_incoming_only_after_commit_without_duplicate_or_technical_toasts) ... ok
test_reply_separate_from_composer_stable_operation_and_success (test_signal_notifications.NotificationTests.test_reply_separate_from_composer_stable_operation_and_success) ... ok
test_unknown_blocks_new_intent_and_retention_cleans_every_reply_copy (test_signal_notifications.NotificationTests.test_unknown_blocks_new_intent_and_retention_cleans_every_reply_copy) ... ok
test_cancel_reaps_attempt_stale_cancel_and_retry (test_signal_pairing.PairingTests.test_cancel_reaps_attempt_stale_cancel_and_retry) ... ok
test_config_validation_preserves_previous_file_and_rejects_symlink (test_signal_pairing.PairingTests.test_config_validation_preserves_previous_file_and_rejects_symlink) ... ok
test_disable_persists_and_history_deletion_is_separate (test_signal_pairing.PairingTests.test_disable_persists_and_history_deletion_is_separate) ... ok
test_lost_finish_reply_reconciles_persisted_account (test_signal_pairing.PairingTests.test_lost_finish_reply_reconciles_persisted_account) ... ok
test_process_restart_during_pairing_requires_fresh_attempt (test_signal_pairing.PairingTests.test_process_restart_during_pairing_requires_fresh_attempt) ... ok
test_qr_roundtrip_independent_decoder_and_missing_library (test_signal_pairing.PairingTests.test_qr_roundtrip_independent_decoder_and_missing_library) ... ok
test_revoked_account_refresh_preserves_history_and_stops_receiver (test_signal_pairing.PairingTests.test_revoked_account_refresh_preserves_history_and_stops_receiver) ... ok
test_success_double_click_directory_and_restart_without_repairing (test_signal_pairing.PairingTests.test_success_double_click_directory_and_restart_without_repairing) ... ok
test_timeout_clears_secret_reconciles_and_does_not_automatically_retry_link (test_signal_pairing.PairingTests.test_timeout_clears_secret_reconciles_and_does_not_automatically_retry_link) ... ok
test_transport_failure_preserves_linked_identity (test_signal_pairing.PairingTests.test_transport_failure_preserves_linked_identity) ... ok
test_read_batch_rpc_both_privacy_modes_restart_and_no_send (test_signal_receipts.ReceiptBridgeTests.test_read_batch_rpc_both_privacy_modes_restart_and_no_send) ... ok
test_read_sync_with_window_absent_and_receipt_before_rpc (test_signal_receipts.ReceiptBridgeTests.test_read_sync_with_window_absent_and_receipt_before_rpc) ... ok
test_group_partial_per_recipient_and_foreign_actor (test_signal_receipts.ReceiptTests.test_group_partial_per_recipient_and_foreign_actor) ... ok
test_group_partial_send_stays_failed_and_phone_group_has_unknown_audience (test_signal_receipts.ReceiptTests.test_group_partial_send_stays_failed_and_phone_group_has_unknown_audience) ... ok
test_inflight_unknown_never_becomes_sent_by_reload_or_duplicate_visible_range (test_signal_receipts.ReceiptTests.test_inflight_unknown_never_becomes_sent_by_reload_or_duplicate_visible_range) ... ok
test_invalid_receipt_flags_and_wrong_submission_result_never_claim_success (test_signal_receipts.ReceiptTests.test_invalid_receipt_flags_and_wrong_submission_result_never_claim_success) ... ok
test_monotonic_delivery_read_viewed_duplicate_and_many_timestamps (test_signal_receipts.ReceiptTests.test_monotonic_delivery_read_viewed_duplicate_and_many_timestamps) ... ok
test_number_only_local_read_does_not_send_receipt_or_mark_aci_copy (test_signal_receipts.ReceiptTests.test_number_only_local_read_does_not_send_receipt_or_mark_aci_copy) ... ok
test_phone_cancels_queued_reads_and_disabled_external_receipts_empty_result_is_valid (test_signal_receipts.ReceiptTests.test_phone_cancels_queued_reads_and_disabled_external_receipts_empty_result_is_valid) ... ok
test_phone_read_before_message_persists_and_suppresses_arrival (test_signal_receipts.ReceiptTests.test_phone_read_before_message_persists_and_suppresses_arrival) ... ok
test_read_sync_is_own_read_not_external_receipt_and_does_not_touch_body (test_signal_receipts.ReceiptTests.test_read_sync_is_own_read_not_external_receipt_and_does_not_touch_body) ... ok
test_receipt_before_message_and_before_send_result_reconciles_exact_key (test_signal_receipts.ReceiptTests.test_receipt_before_message_and_before_send_result_reconciles_exact_key) ... ok
test_receipt_scope_account_direction_recipient_and_missing_aci (test_signal_receipts.ReceiptTests.test_receipt_scope_account_direction_recipient_and_missing_aci) ... ok
test_schema_v2_migrates_pending_reads_receipts_and_outbox_recipients (test_signal_receipts.ReceiptTests.test_schema_v2_migrates_pending_reads_receipts_and_outbox_recipients) ... ok
test_unmatched_metadata_expires_but_matched_receipts_and_markers_persist (test_signal_receipts.ReceiptTests.test_unmatched_metadata_expires_but_matched_receipts_and_markers_persist) ... ok
test_visible_group_reads_batch_by_author_and_bound_rpc_size (test_signal_receipts.ReceiptTests.test_visible_group_reads_batch_by_author_and_bound_rpc_size) ... ok
test_visible_ids_atomic_scoped_idempotent_grouped_queue_survives_restart (test_signal_receipts.ReceiptTests.test_visible_ids_atomic_scoped_idempotent_grouped_queue_survives_restart) ... ok
test_clock_step_cancellation_rechecks_database (test_signal_retention.DeadlineTests.test_clock_step_cancellation_rechecks_database) ... ok
test_real_timerfd_nearest_deadline_and_cancel (test_signal_retention.DeadlineTests.test_real_timerfd_nearest_deadline_and_cancel) ... ok
test_actual_cli_timer_overrides_racing_preflight_and_partial_send_expires (test_signal_retention.RetentionTests.test_actual_cli_timer_overrides_racing_preflight_and_partial_send_expires) ... ok
test_conversation_changes_edits_duplicates_do_not_extend_existing_deadline (test_signal_retention.RetentionTests.test_conversation_changes_edits_duplicates_do_not_extend_existing_deadline) ... ok
test_delete_before_target_closes_reverse_edit_graph_and_replay (test_signal_retention.RetentionTests.test_delete_before_target_closes_reverse_edit_graph_and_replay) ... ok
test_expiring_media_shared_references_and_late_worker_cleanup (test_signal_retention.RetentionTests.test_expiring_media_shared_references_and_late_worker_cleanup) ... ok
test_incoming_timer_starts_on_read_and_earliest_phone_sync_wins (test_signal_retention.RetentionTests.test_incoming_timer_starts_on_read_and_earliest_phone_sync_wins) ... ok
test_inflight_edit_result_and_late_send_sync_cannot_restore_deleted_text (test_signal_retention.RetentionTests.test_inflight_edit_result_and_late_send_sync_cannot_restore_deleted_text) ... ok
test_local_delete_never_enqueues_remote_and_prevents_send_retry (test_signal_retention.RetentionTests.test_local_delete_never_enqueues_remote_and_prevents_send_retry) ... ok
test_outgoing_local_and_note_start_after_send_not_enqueue (test_signal_retention.RetentionTests.test_outgoing_local_and_note_start_after_send_not_enqueue) ... ok
test_quotes_versions_composition_and_mutations_are_scrubbed (test_signal_retention.RetentionTests.test_quotes_versions_composition_and_mutations_are_scrubbed) ... ok
test_read_before_message_and_phone_sent_expire_before_publication (test_signal_retention.RetentionTests.test_read_before_message_and_phone_sent_expire_before_publication) ... ok
test_redaction_stops_the_owned_decoder_before_it_can_publish (test_signal_retention.RetentionTests.test_redaction_stops_the_owned_decoder_before_it_can_publish) ... ok
test_remote_delete_is_durable_validated_and_uses_actual_rpc (test_signal_retention.RetentionTests.test_remote_delete_is_durable_validated_and_uses_actual_rpc) ... ok
test_remote_delete_limit_incoming_denial_partial_and_restart_unknown (test_signal_retention.RetentionTests.test_remote_delete_limit_incoming_denial_partial_and_restart_unknown) ... ok
test_restart_suspend_clock_steps_and_cleanup_failure_recover (test_signal_retention.RetentionTests.test_restart_suspend_clock_steps_and_cleanup_failure_recover) ... ok
test_wrong_author_conversation_and_account_do_not_delete_other_message (test_signal_retention.RetentionTests.test_wrong_author_conversation_and_account_do_not_delete_other_message) ... ok

----------------------------------------------------------------------
Ran 128 tests in 175.628s

OK
