{"image": "scale-1-damage-2-single.png", "boxes": [[10, 10, 1910, 1190]], "scale": 1, "damage_mode": 2, "overspill": 0, "colored_inactive": 0, "active_sample": [191, 157, 234], "samples": []}
{"image": "scale-1-damage-2-first-0.png", "boxes": [[10, 10, 955, 1190], [965, 10, 1910, 1190]], "scale": 1, "damage_mode": 2, "overspill": 0, "colored_inactive": 0, "active_sample": [191, 157, 234], "samples": []}
{"image": "scale-1-damage-2-first-1.png", "boxes": [[10, 10, 955, 1190], [965, 10, 1910, 1190]], "scale": 1, "damage_mode": 2, "overspill": 0, "colored_inactive": 0, "active_sample": [191, 157, 234], "samples": []}
{"image": "scale-1-damage-2-first-2.png", "boxes": [[10, 10, 955, 1190], [965, 10, 1910, 1190]], "scale": 1, "damage_mode": 2, "overspill": 0, "colored_inactive": 0, "active_sample": [191, 157, 234], "samples": []}
{"image": "scale-1-damage-2-first-3.png", "boxes": [[10, 10, 955, 1190], [965, 10, 1910, 1190]], "scale": 1, "damage_mode": 2, "overspill": 0, "colored_inactive": 0, "active_sample": [191, 157, 234], "samples": []}
{"image": "scale-1-damage-2-second-0.png", "boxes": [[10, 10, 955, 1190], [965, 10, 1910, 1190]], "scale": 1, "damage_mode": 2, "overspill": 0, "colored_inactive": 0, "active_sample": [191, 157, 234], "samples": []}
{"image": "scale-1-damage-2-second-1.png", "boxes": [[10, 10, 955, 1190], [965, 10, 1910, 1190]], "scale": 1, "damage_mode": 2, "overspill": 0, "colored_inactive": 0, "active_sample": [191, 157, 234], "samples": []}
{"image": "scale-1-damage-2-second-2.png", "boxes": [[10, 10, 955, 1190], [965, 10, 1910, 1190]], "scale": 1, "damage_mode": 2, "overspill": 0, "colored_inactive": 0, "active_sample": [191, 157, 234], "samples": []}
{"image": "scale-1-damage-2-second-3.png", "boxes": [[10, 10, 955, 1190], [965, 10, 1910, 1190]], "scale": 1, "damage_mode": 2, "overspill": 0, "colored_inactive": 0, "active_sample": [191, 157, 234], "samples": []}
{"image": "scale-1-damage-1-single.png", "boxes": [[10, 10, 1910, 1190]], "scale": 1, "damage_mode": 1, "overspill": 0, "colored_inactive": 0, "active_sample": [191, 157, 234], "samples": []}
{"image": "scale-1-damage-1-first-0.png", "boxes": [[10, 10, 955, 1190], [965, 10, 1910, 1190]], "scale": 1, "damage_mode": 1, "overspill": 0, "colored_inactive": 0, "active_sample": [191, 157, 234], "samples": []}
{"image": "scale-1-damage-1-first-1.png", "boxes": [[10, 10, 955, 1190], [965, 10, 1910, 1190]], "scale": 1, "damage_mode": 1, "overspill": 0, "colored_inactive": 0, "active_sample": [191, 157, 234], "samples": []}
{"image": "scale-1-damage-1-first-2.png", "boxes": [[10, 10, 955, 1190], [965, 10, 1910, 1190]], "scale": 1, "damage_mode": 1, "overspill": 0, "colored_inactive": 0, "active_sample": [191, 157, 234], "samples": []}
{"image": "scale-1-damage-1-first-3.png", "boxes": [[10, 10, 955, 1190], [965, 10, 1910, 1190]], "scale": 1, "damage_mode": 1, "overspill": 0, "colored_inactive": 0, "active_sample": [191, 157, 234], "samples": []}
{"image": "scale-1-damage-1-second-0.png", "boxes": [[10, 10, 955, 1190], [965, 10, 1910, 1190]], "scale": 1, "damage_mode": 1, "overspill": 0, "colored_inactive": 0, "active_sample": [191, 157, 234], "samples": []}
{"image": "scale-1-damage-1-second-1.png", "boxes": [[10, 10, 955, 1190], [965, 10, 1910, 1190]], "scale": 1, "damage_mode": 1, "overspill": 0, "colored_inactive": 0, "active_sample": [191, 157, 234], "samples": []}
{"image": "scale-1-damage-1-second-2.png", "boxes": [[10, 10, 955, 1190], [965, 10, 1910, 1190]], "scale": 1, "damage_mode": 1, "overspill": 0, "colored_inactive": 0, "active_sample": [191, 157, 234], "samples": []}
{"image": "scale-1-damage-1-second-3.png", "boxes": [[10, 10, 955, 1190], [965, 10, 1910, 1190]], "scale": 1, "damage_mode": 1, "overspill": 0, "colored_inactive": 0, "active_sample": [191, 157, 234], "samples": []}
{"image": "scale-1.5-damage-2-single.png", "boxes": [[15, 15, 2865, 1785]], "scale": 1.5, "damage_mode": 2, "overspill": 0, "colored_inactive": 0, "active_sample": [192, 157, 234], "samples": []}
{"image": "scale-1.5-damage-2-first-0.png", "boxes": [[15, 15, 1432, 1785], [1448, 15, 2865, 1785]], "scale": 1.5, "damage_mode": 2, "overspill": 0, "colored_inactive": 0, "active_sample": [191, 157, 234], "samples": []}
{"image": "scale-1.5-damage-2-first-1.png", "boxes": [[15, 15, 1432, 1785], [1448, 15, 2865, 1785]], "scale": 1.5, "damage_mode": 2, "overspill": 0, "colored_inactive": 0, "active_sample": [191, 157, 234], "samples": []}
{"image": "scale-1.5-damage-2-first-2.png", "boxes": [[15, 15, 1432, 1785], [1448, 15, 2865, 1785]], "scale": 1.5, "damage_mode": 2, "overspill": 0, "colored_inactive": 0, "active_sample": [191, 157, 234], "samples": []}
{"image": "scale-1.5-damage-2-first-3.png", "boxes": [[15, 15, 1432, 1785], [1448, 15, 2865, 1785]], "scale": 1.5, "damage_mode": 2, "overspill": 0, "colored_inactive": 0, "active_sample": [191, 157, 234], "samples": []}
{"image": "scale-1.5-damage-2-second-0.png", "boxes": [[15, 15, 1432, 1785], [1448, 15, 2865, 1785]], "scale": 1.5, "damage_mode": 2, "overspill": 0, "colored_inactive": 0, "active_sample": [191, 157, 234], "samples": []}
{"image": "scale-1.5-damage-2-second-1.png", "boxes": [[15, 15, 1432, 1785], [1448, 15, 2865, 1785]], "scale": 1.5, "damage_mode": 2, "overspill": 0, "colored_inactive": 0, "active_sample": [191, 157, 234], "samples": []}
{"image": "scale-1.5-damage-2-second-2.png", "boxes": [[15, 15, 1432, 1785], [1448, 15, 2865, 1785]], "scale": 1.5, "damage_mode": 2, "overspill": 0, "colored_inactive": 0, "active_sample": [191, 157, 234], "samples": []}
{"image": "scale-1.5-damage-2-second-3.png", "boxes": [[15, 15, 1432, 1785], [1448, 15, 2865, 1785]], "scale": 1.5, "damage_mode": 2, "overspill": 0, "colored_inactive": 0, "active_sample": [191, 157, 234], "samples": []}
{"image": "scale-1.5-damage-1-single.png", "boxes": [[15, 15, 2865, 1785]], "scale": 1.5, "damage_mode": 1, "overspill": 0, "colored_inactive": 0, "active_sample": [192, 157, 234], "samples": []}
{"image": "scale-1.5-damage-1-first-0.png", "boxes": [[15, 15, 1432, 1785], [1448, 15, 2865, 1785]], "scale": 1.5, "damage_mode": 1, "overspill": 0, "colored_inactive": 0, "active_sample": [191, 157, 234], "samples": []}
{"image": "scale-1.5-damage-1-first-1.png", "boxes": [[15, 15, 1432, 1785], [1448, 15, 2865, 1785]], "scale": 1.5, "damage_mode": 1, "overspill": 0, "colored_inactive": 0, "active_sample": [191, 157, 234], "samples": []}
{"image": "scale-1.5-damage-1-first-2.png", "boxes": [[15, 15, 1432, 1785], [1448, 15, 2865, 1785]], "scale": 1.5, "damage_mode": 1, "overspill": 0, "colored_inactive": 0, "active_sample": [191, 157, 234], "samples": []}
{"image": "scale-1.5-damage-1-first-3.png", "boxes": [[15, 15, 1432, 1785], [1448, 15, 2865, 1785]], "scale": 1.5, "damage_mode": 1, "overspill": 0, "colored_inactive": 0, "active_sample": [191, 157, 234], "samples": []}
{"image": "scale-1.5-damage-1-second-0.png", "boxes": [[15, 15, 1432, 1785], [1448, 15, 2865, 1785]], "scale": 1.5, "damage_mode": 1, "overspill": 0, "colored_inactive": 0, "active_sample": [191, 157, 234], "samples": []}
{"image": "scale-1.5-damage-1-second-1.png", "boxes": [[15, 15, 1432, 1785], [1448, 15, 2865, 1785]], "scale": 1.5, "damage_mode": 1, "overspill": 0, "colored_inactive": 0, "active_sample": [191, 157, 234], "samples": []}
{"image": "scale-1.5-damage-1-second-2.png", "boxes": [[15, 15, 1432, 1785], [1448, 15, 2865, 1785]], "scale": 1.5, "damage_mode": 1, "overspill": 0, "colored_inactive": 0, "active_sample": [191, 157, 234], "samples": []}
{"image": "scale-1.5-damage-1-second-3.png", "boxes": [[15, 15, 1432, 1785], [1448, 15, 2865, 1785]], "scale": 1.5, "damage_mode": 1, "overspill": 0, "colored_inactive": 0, "active_sample": [191, 157, 234], "samples": []}
